<?xml version="1.0" encoding="ISO-8859-1" ?>
<link_info>
   <banner>TI ARM Linker PC v20.2.7.LTS</banner>
   <copyright>Copyright (c) 1996-2018 Texas Instruments Incorporated</copyright>
   <link_time>0x66244c34</link_time>
   <link_errors>0x0</link_errors>
   <output_file>MaximumLab7.out</output_file>
   <entry_point>
      <name>_c_int00_noargs</name>
      <address>0x2f4d</address>
   </entry_point>
   <input_file_list>
      <input_file id="fl-2">
         <path>.\</path>
         <kind>object</kind>
         <file>GameLoop.obj</file>
         <name>GameLoop.obj</name>
      </input_file>
      <input_file id="fl-3">
         <path>.\</path>
         <kind>object</kind>
         <file>lab7_ADClibrary.obj</file>
         <name>lab7_ADClibrary.obj</name>
      </input_file>
      <input_file id="fl-4">
         <path>.\</path>
         <kind>object</kind>
         <file>lab_7.obj</file>
         <name>lab_7.obj</name>
      </input_file>
      <input_file id="fl-5">
         <path>.\</path>
         <kind>object</kind>
         <file>lab_7_library.obj</file>
         <name>lab_7_library.obj</name>
      </input_file>
      <input_file id="fl-6">
         <path>.\</path>
         <kind>object</kind>
         <file>main.obj</file>
         <name>main.obj</name>
      </input_file>
      <input_file id="fl-7">
         <path>.\</path>
         <kind>object</kind>
         <file>tm4c123gh6pm_startup_ccs.obj</file>
         <name>tm4c123gh6pm_startup_ccs.obj</name>
      </input_file>
      <input_file id="fl-b">
         <kind>object</kind>
         <file>&lt;internal&gt;</file>
         <name>&lt;internal&gt;</name>
      </input_file>
      <input_file id="fl-c1">
         <path>C:\ti\ccs1220\ccs\tools\compiler\ti-cgt-arm_20.2.7.LTS\lib\</path>
         <kind>archive</kind>
         <file>rtsv7M4_T_le_v4SPD16_eabi.lib</file>
         <name>fclose.c.obj</name>
      </input_file>
      <input_file id="fl-c2">
         <path>C:\ti\ccs1220\ccs\tools\compiler\ti-cgt-arm_20.2.7.LTS\lib\</path>
         <kind>archive</kind>
         <file>rtsv7M4_T_le_v4SPD16_eabi.lib</file>
         <name>fflush.c.obj</name>
      </input_file>
      <input_file id="fl-c3">
         <path>C:\ti\ccs1220\ccs\tools\compiler\ti-cgt-arm_20.2.7.LTS\lib\</path>
         <kind>archive</kind>
         <file>rtsv7M4_T_le_v4SPD16_eabi.lib</file>
         <name>fopen.c.obj</name>
      </input_file>
      <input_file id="fl-c4">
         <path>C:\ti\ccs1220\ccs\tools\compiler\ti-cgt-arm_20.2.7.LTS\lib\</path>
         <kind>archive</kind>
         <file>rtsv7M4_T_le_v4SPD16_eabi.lib</file>
         <name>fread.c.obj</name>
      </input_file>
      <input_file id="fl-c5">
         <path>C:\ti\ccs1220\ccs\tools\compiler\ti-cgt-arm_20.2.7.LTS\lib\</path>
         <kind>archive</kind>
         <file>rtsv7M4_T_le_v4SPD16_eabi.lib</file>
         <name>_bufread.c.obj</name>
      </input_file>
      <input_file id="fl-c6">
         <path>C:\ti\ccs1220\ccs\tools\compiler\ti-cgt-arm_20.2.7.LTS\lib\</path>
         <kind>archive</kind>
         <file>rtsv7M4_T_le_v4SPD16_eabi.lib</file>
         <name>_io_perm.c.obj</name>
      </input_file>
      <input_file id="fl-c7">
         <path>C:\ti\ccs1220\ccs\tools\compiler\ti-cgt-arm_20.2.7.LTS\lib\</path>
         <kind>archive</kind>
         <file>rtsv7M4_T_le_v4SPD16_eabi.lib</file>
         <name>setvbuf.c.obj</name>
      </input_file>
      <input_file id="fl-c8">
         <path>C:\ti\ccs1220\ccs\tools\compiler\ti-cgt-arm_20.2.7.LTS\lib\</path>
         <kind>archive</kind>
         <file>rtsv7M4_T_le_v4SPD16_eabi.lib</file>
         <name>memcpy_t2.asm.obj</name>
      </input_file>
      <input_file id="fl-c9">
         <path>C:\ti\ccs1220\ccs\tools\compiler\ti-cgt-arm_20.2.7.LTS\lib\</path>
         <kind>archive</kind>
         <file>rtsv7M4_T_le_v4SPD16_eabi.lib</file>
         <name>memset_t2.asm.obj</name>
      </input_file>
      <input_file id="fl-ca">
         <path>C:\ti\ccs1220\ccs\tools\compiler\ti-cgt-arm_20.2.7.LTS\lib\</path>
         <kind>archive</kind>
         <file>rtsv7M4_T_le_v4SPD16_eabi.lib</file>
         <name>copy_zero_init.c.obj</name>
      </input_file>
      <input_file id="fl-cb">
         <path>C:\ti\ccs1220\ccs\tools\compiler\ti-cgt-arm_20.2.7.LTS\lib\</path>
         <kind>archive</kind>
         <file>rtsv7M4_T_le_v4SPD16_eabi.lib</file>
         <name>copy_decompress_none.c.obj</name>
      </input_file>
      <input_file id="fl-cc">
         <path>C:\ti\ccs1220\ccs\tools\compiler\ti-cgt-arm_20.2.7.LTS\lib\</path>
         <kind>archive</kind>
         <file>rtsv7M4_T_le_v4SPD16_eabi.lib</file>
         <name>copy_decompress_lzss.c.obj</name>
      </input_file>
      <input_file id="fl-cd">
         <path>C:\ti\ccs1220\ccs\tools\compiler\ti-cgt-arm_20.2.7.LTS\lib\</path>
         <kind>archive</kind>
         <file>rtsv7M4_T_le_v4SPD16_eabi.lib</file>
         <name>exit.c.obj</name>
      </input_file>
      <input_file id="fl-ce">
         <path>C:\ti\ccs1220\ccs\tools\compiler\ti-cgt-arm_20.2.7.LTS\lib\</path>
         <kind>archive</kind>
         <file>rtsv7M4_T_le_v4SPD16_eabi.lib</file>
         <name>_lock.c.obj</name>
      </input_file>
      <input_file id="fl-cf">
         <path>C:\ti\ccs1220\ccs\tools\compiler\ti-cgt-arm_20.2.7.LTS\lib\</path>
         <kind>archive</kind>
         <file>rtsv7M4_T_le_v4SPD16_eabi.lib</file>
         <name>defs.c.obj</name>
      </input_file>
      <input_file id="fl-d0">
         <path>C:\ti\ccs1220\ccs\tools\compiler\ti-cgt-arm_20.2.7.LTS\lib\</path>
         <kind>archive</kind>
         <file>rtsv7M4_T_le_v4SPD16_eabi.lib</file>
         <name>memory.c.obj</name>
      </input_file>
      <input_file id="fl-d1">
         <path>C:\ti\ccs1220\ccs\tools\compiler\ti-cgt-arm_20.2.7.LTS\lib\</path>
         <kind>archive</kind>
         <file>rtsv7M4_T_le_v4SPD16_eabi.lib</file>
         <name>boot_cortex_m.c.obj</name>
      </input_file>
      <input_file id="fl-d2">
         <path>C:\ti\ccs1220\ccs\tools\compiler\ti-cgt-arm_20.2.7.LTS\lib\</path>
         <kind>archive</kind>
         <file>rtsv7M4_T_le_v4SPD16_eabi.lib</file>
         <name>write.c.obj</name>
      </input_file>
      <input_file id="fl-d3">
         <path>C:\ti\ccs1220\ccs\tools\compiler\ti-cgt-arm_20.2.7.LTS\lib\</path>
         <kind>archive</kind>
         <file>rtsv7M4_T_le_v4SPD16_eabi.lib</file>
         <name>host_device.c.obj</name>
      </input_file>
      <input_file id="fl-d4">
         <path>C:\ti\ccs1220\ccs\tools\compiler\ti-cgt-arm_20.2.7.LTS\lib\</path>
         <kind>archive</kind>
         <file>rtsv7M4_T_le_v4SPD16_eabi.lib</file>
         <name>remove.c.obj</name>
      </input_file>
      <input_file id="fl-d5">
         <path>C:\ti\ccs1220\ccs\tools\compiler\ti-cgt-arm_20.2.7.LTS\lib\</path>
         <kind>archive</kind>
         <file>rtsv7M4_T_le_v4SPD16_eabi.lib</file>
         <name>read.c.obj</name>
      </input_file>
      <input_file id="fl-d6">
         <path>C:\ti\ccs1220\ccs\tools\compiler\ti-cgt-arm_20.2.7.LTS\lib\</path>
         <kind>archive</kind>
         <file>rtsv7M4_T_le_v4SPD16_eabi.lib</file>
         <name>open.c.obj</name>
      </input_file>
      <input_file id="fl-d7">
         <path>C:\ti\ccs1220\ccs\tools\compiler\ti-cgt-arm_20.2.7.LTS\lib\</path>
         <kind>archive</kind>
         <file>rtsv7M4_T_le_v4SPD16_eabi.lib</file>
         <name>close.c.obj</name>
      </input_file>
      <input_file id="fl-d8">
         <path>C:\ti\ccs1220\ccs\tools\compiler\ti-cgt-arm_20.2.7.LTS\lib\</path>
         <kind>archive</kind>
         <file>rtsv7M4_T_le_v4SPD16_eabi.lib</file>
         <name>fseek.c.obj</name>
      </input_file>
      <input_file id="fl-d9">
         <path>C:\ti\ccs1220\ccs\tools\compiler\ti-cgt-arm_20.2.7.LTS\lib\</path>
         <kind>archive</kind>
         <file>rtsv7M4_T_le_v4SPD16_eabi.lib</file>
         <name>getdevice.c.obj</name>
      </input_file>
      <input_file id="fl-da">
         <path>C:\ti\ccs1220\ccs\tools\compiler\ti-cgt-arm_20.2.7.LTS\lib\</path>
         <kind>archive</kind>
         <file>rtsv7M4_T_le_v4SPD16_eabi.lib</file>
         <name>autoinit.c.obj</name>
      </input_file>
      <input_file id="fl-db">
         <path>C:\ti\ccs1220\ccs\tools\compiler\ti-cgt-arm_20.2.7.LTS\lib\</path>
         <kind>archive</kind>
         <file>rtsv7M4_T_le_v4SPD16_eabi.lib</file>
         <name>pre_init.c.obj</name>
      </input_file>
      <input_file id="fl-dc">
         <path>C:\ti\ccs1220\ccs\tools\compiler\ti-cgt-arm_20.2.7.LTS\lib\</path>
         <kind>archive</kind>
         <file>rtsv7M4_T_le_v4SPD16_eabi.lib</file>
         <name>cpy_tbl.c.obj</name>
      </input_file>
      <input_file id="fl-dd">
         <path>C:\ti\ccs1220\ccs\tools\compiler\ti-cgt-arm_20.2.7.LTS\lib\</path>
         <kind>archive</kind>
         <file>rtsv7M4_T_le_v4SPD16_eabi.lib</file>
         <name>args_main.c.obj</name>
      </input_file>
      <input_file id="fl-de">
         <path>C:\ti\ccs1220\ccs\tools\compiler\ti-cgt-arm_20.2.7.LTS\lib\</path>
         <kind>archive</kind>
         <file>rtsv7M4_T_le_v4SPD16_eabi.lib</file>
         <name>strchr.c.obj</name>
      </input_file>
      <input_file id="fl-df">
         <path>C:\ti\ccs1220\ccs\tools\compiler\ti-cgt-arm_20.2.7.LTS\lib\</path>
         <kind>archive</kind>
         <file>rtsv7M4_T_le_v4SPD16_eabi.lib</file>
         <name>strcmp.c.obj</name>
      </input_file>
      <input_file id="fl-e0">
         <path>C:\ti\ccs1220\ccs\tools\compiler\ti-cgt-arm_20.2.7.LTS\lib\</path>
         <kind>archive</kind>
         <file>rtsv7M4_T_le_v4SPD16_eabi.lib</file>
         <name>strncpy.c.obj</name>
      </input_file>
      <input_file id="fl-e1">
         <path>C:\ti\ccs1220\ccs\tools\compiler\ti-cgt-arm_20.2.7.LTS\lib\</path>
         <kind>archive</kind>
         <file>rtsv7M4_T_le_v4SPD16_eabi.lib</file>
         <name>unlink.c.obj</name>
      </input_file>
      <input_file id="fl-e2">
         <path>C:\ti\ccs1220\ccs\tools\compiler\ti-cgt-arm_20.2.7.LTS\lib\</path>
         <kind>archive</kind>
         <file>rtsv7M4_T_le_v4SPD16_eabi.lib</file>
         <name>hostclose.c.obj</name>
      </input_file>
      <input_file id="fl-e3">
         <path>C:\ti\ccs1220\ccs\tools\compiler\ti-cgt-arm_20.2.7.LTS\lib\</path>
         <kind>archive</kind>
         <file>rtsv7M4_T_le_v4SPD16_eabi.lib</file>
         <name>hostlseek.c.obj</name>
      </input_file>
      <input_file id="fl-e4">
         <path>C:\ti\ccs1220\ccs\tools\compiler\ti-cgt-arm_20.2.7.LTS\lib\</path>
         <kind>archive</kind>
         <file>rtsv7M4_T_le_v4SPD16_eabi.lib</file>
         <name>hostopen.c.obj</name>
      </input_file>
      <input_file id="fl-e5">
         <path>C:\ti\ccs1220\ccs\tools\compiler\ti-cgt-arm_20.2.7.LTS\lib\</path>
         <kind>archive</kind>
         <file>rtsv7M4_T_le_v4SPD16_eabi.lib</file>
         <name>hostread.c.obj</name>
      </input_file>
      <input_file id="fl-e6">
         <path>C:\ti\ccs1220\ccs\tools\compiler\ti-cgt-arm_20.2.7.LTS\lib\</path>
         <kind>archive</kind>
         <file>rtsv7M4_T_le_v4SPD16_eabi.lib</file>
         <name>hostrename.c.obj</name>
      </input_file>
      <input_file id="fl-e7">
         <path>C:\ti\ccs1220\ccs\tools\compiler\ti-cgt-arm_20.2.7.LTS\lib\</path>
         <kind>archive</kind>
         <file>rtsv7M4_T_le_v4SPD16_eabi.lib</file>
         <name>hostunlink.c.obj</name>
      </input_file>
      <input_file id="fl-e8">
         <path>C:\ti\ccs1220\ccs\tools\compiler\ti-cgt-arm_20.2.7.LTS\lib\</path>
         <kind>archive</kind>
         <file>rtsv7M4_T_le_v4SPD16_eabi.lib</file>
         <name>hostwrite.c.obj</name>
      </input_file>
      <input_file id="fl-e9">
         <path>C:\ti\ccs1220\ccs\tools\compiler\ti-cgt-arm_20.2.7.LTS\lib\</path>
         <kind>archive</kind>
         <file>rtsv7M4_T_le_v4SPD16_eabi.lib</file>
         <name>trgmsg.c.obj</name>
      </input_file>
      <input_file id="fl-ea">
         <path>C:\ti\ccs1220\ccs\tools\compiler\ti-cgt-arm_20.2.7.LTS\lib\</path>
         <kind>archive</kind>
         <file>rtsv7M4_T_le_v4SPD16_eabi.lib</file>
         <name>lseek.c.obj</name>
      </input_file>
      <input_file id="fl-eb">
         <path>C:\ti\ccs1220\ccs\tools\compiler\ti-cgt-arm_20.2.7.LTS\lib\</path>
         <kind>archive</kind>
         <file>rtsv7M4_T_le_v4SPD16_eabi.lib</file>
         <name>strcpy.c.obj</name>
      </input_file>
      <input_file id="fl-ec">
         <path>C:\ti\ccs1220\ccs\tools\compiler\ti-cgt-arm_20.2.7.LTS\lib\</path>
         <kind>archive</kind>
         <file>rtsv7M4_T_le_v4SPD16_eabi.lib</file>
         <name>strlen.c.obj</name>
      </input_file>
   </input_file_list>
   <object_component_list>
      <object_component id="oc-12">
         <name>.intvecs</name>
         <load_address>0x0</load_address>
         <run_address>0x0</run_address>
         <size>0x26c</size>
         <input_file_ref idref="fl-7"/>
      </object_component>
      <object_component id="oc-fc">
         <name>.text</name>
         <load_address>0x270</load_address>
         <run_address>0x270</run_address>
         <size>0xf4a</size>
         <input_file_ref idref="fl-4"/>
      </object_component>
      <object_component id="oc-35">
         <name>.text</name>
         <load_address>0x11ba</load_address>
         <run_address>0x11ba</run_address>
         <size>0x96a</size>
         <input_file_ref idref="fl-3"/>
      </object_component>
      <object_component id="oc-30">
         <name>.text</name>
         <load_address>0x1b24</load_address>
         <run_address>0x1b24</run_address>
         <size>0x5e0</size>
         <input_file_ref idref="fl-5"/>
      </object_component>
      <object_component id="oc-14e">
         <name>.text:_openfile</name>
         <load_address>0x2104</load_address>
         <run_address>0x2104</run_address>
         <size>0x110</size>
         <input_file_ref idref="fl-c3"/>
      </object_component>
      <object_component id="oc-147">
         <name>.text:aligned_alloc</name>
         <load_address>0x2214</load_address>
         <run_address>0x2214</run_address>
         <size>0x100</size>
         <input_file_ref idref="fl-d0"/>
      </object_component>
      <object_component id="oc-f0">
         <name>.text:fread</name>
         <load_address>0x2314</load_address>
         <run_address>0x2314</run_address>
         <size>0xf8</size>
         <input_file_ref idref="fl-c4"/>
      </object_component>
      <object_component id="oc-1f1">
         <name>.text:free</name>
         <load_address>0x240c</load_address>
         <run_address>0x240c</run_address>
         <size>0xe4</size>
         <input_file_ref idref="fl-d0"/>
      </object_component>
      <object_component id="oc-1da">
         <name>.text:setvbuf</name>
         <load_address>0x24f0</load_address>
         <run_address>0x24f0</run_address>
         <size>0xdc</size>
         <input_file_ref idref="fl-c7"/>
      </object_component>
      <object_component id="oc-1b6">
         <name>.text:open</name>
         <load_address>0x25cc</load_address>
         <run_address>0x25cc</run_address>
         <size>0xbc</size>
         <input_file_ref idref="fl-d6"/>
      </object_component>
      <object_component id="oc-166">
         <name>.text:__TI_buff_read</name>
         <load_address>0x2688</load_address>
         <run_address>0x2688</run_address>
         <size>0x9c</size>
         <input_file_ref idref="fl-c5"/>
      </object_component>
      <object_component id="oc-ea">
         <name>.text:fopen</name>
         <load_address>0x2724</load_address>
         <run_address>0x2724</run_address>
         <size>0x9c</size>
         <input_file_ref idref="fl-c3"/>
      </object_component>
      <object_component id="oc-48">
         <name>.text</name>
         <load_address>0x27c0</load_address>
         <run_address>0x27c0</run_address>
         <size>0x9c</size>
         <input_file_ref idref="fl-c8"/>
      </object_component>
      <object_component id="oc-a8">
         <name>.text:_system_pre_init</name>
         <load_address>0x285c</load_address>
         <run_address>0x285c</run_address>
         <size>0x4</size>
         <input_file_ref idref="fl-db"/>
      </object_component>
      <object_component id="oc-ae">
         <name>.text</name>
         <load_address>0x2860</load_address>
         <run_address>0x2860</run_address>
         <size>0x86</size>
         <input_file_ref idref="fl-6"/>
      </object_component>
      <object_component id="oc-a2">
         <name>.text</name>
         <load_address>0x28e6</load_address>
         <run_address>0x28e6</run_address>
         <size>0x7a</size>
         <input_file_ref idref="fl-c9"/>
      </object_component>
      <object_component id="oc-174">
         <name>.text:__TI_closefile</name>
         <load_address>0x2960</load_address>
         <run_address>0x2960</run_address>
         <size>0x74</size>
         <input_file_ref idref="fl-c1"/>
      </object_component>
      <object_component id="oc-1ac">
         <name>.text:split</name>
         <load_address>0x29d4</load_address>
         <run_address>0x29d4</run_address>
         <size>0x70</size>
         <input_file_ref idref="fl-d0"/>
      </object_component>
      <object_component id="oc-2a9">
         <name>.text:HOSTrename</name>
         <load_address>0x2a44</load_address>
         <run_address>0x2a44</run_address>
         <size>0x6c</size>
         <input_file_ref idref="fl-e6"/>
      </object_component>
      <object_component id="oc-29d">
         <name>.text:HOSTlseek</name>
         <load_address>0x2ab0</load_address>
         <run_address>0x2ab0</run_address>
         <size>0x68</size>
         <input_file_ref idref="fl-e3"/>
      </object_component>
      <object_component id="oc-285">
         <name>.text:HOSTopen</name>
         <load_address>0x2b18</load_address>
         <run_address>0x2b18</run_address>
         <size>0x60</size>
         <input_file_ref idref="fl-e4"/>
      </object_component>
      <object_component id="oc-1f7">
         <name>.text:close</name>
         <load_address>0x2b78</load_address>
         <run_address>0x2b78</run_address>
         <size>0x5c</size>
         <input_file_ref idref="fl-d7"/>
      </object_component>
      <object_component id="oc-291">
         <name>.text:HOSTread</name>
         <load_address>0x2bd4</load_address>
         <run_address>0x2bd4</run_address>
         <size>0x58</size>
         <input_file_ref idref="fl-e5"/>
      </object_component>
      <object_component id="oc-297">
         <name>.text:HOSTwrite</name>
         <load_address>0x2c2c</load_address>
         <run_address>0x2c2c</run_address>
         <size>0x58</size>
         <input_file_ref idref="fl-e8"/>
      </object_component>
      <object_component id="oc-1e2">
         <name>.text:__TI_doflush</name>
         <load_address>0x2c84</load_address>
         <run_address>0x2c84</run_address>
         <size>0x4c</size>
         <input_file_ref idref="fl-c2"/>
      </object_component>
      <object_component id="oc-160">
         <name>.text:__TI_rd_ok</name>
         <load_address>0x2cd0</load_address>
         <run_address>0x2cd0</run_address>
         <size>0x4a</size>
         <input_file_ref idref="fl-c6"/>
      </object_component>
      <object_component id="oc-1c7">
         <name>.text:_nop</name>
         <load_address>0x2d1a</load_address>
         <run_address>0x2d1a</run_address>
         <size>0x2</size>
         <input_file_ref idref="fl-ce"/>
      </object_component>
      <object_component id="oc-108">
         <name>.text:exit</name>
         <load_address>0x2d1c</load_address>
         <run_address>0x2d1c</run_address>
         <size>0x48</size>
         <input_file_ref idref="fl-cd"/>
      </object_component>
      <object_component id="oc-28b">
         <name>.text:HOSTclose</name>
         <load_address>0x2d64</load_address>
         <run_address>0x2d64</run_address>
         <size>0x44</size>
         <input_file_ref idref="fl-e2"/>
      </object_component>
      <object_component id="oc-2a3">
         <name>.text:HOSTunlink</name>
         <load_address>0x2da8</load_address>
         <run_address>0x2da8</run_address>
         <size>0x44</size>
         <input_file_ref idref="fl-e7"/>
      </object_component>
      <object_component id="oc-10e">
         <name>.text:__TI_auto_init_nobinit_nopinit:__TI_auto_init_nobinit_nopinit</name>
         <load_address>0x2dec</load_address>
         <run_address>0x2dec</run_address>
         <size>0x44</size>
         <input_file_ref idref="fl-da"/>
      </object_component>
      <object_component id="oc-224">
         <name>.text:getdevice</name>
         <load_address>0x2e30</load_address>
         <run_address>0x2e30</run_address>
         <size>0x44</size>
         <input_file_ref idref="fl-d9"/>
      </object_component>
      <object_component id="oc-2d6">
         <name>.text:__TI_writemsg</name>
         <load_address>0x2e74</load_address>
         <run_address>0x2e74</run_address>
         <size>0x38</size>
         <input_file_ref idref="fl-e9"/>
      </object_component>
      <object_component id="oc-26f">
         <name>.text:strncpy</name>
         <load_address>0x2eac</load_address>
         <run_address>0x2eac</run_address>
         <size>0x36</size>
         <input_file_ref idref="fl-e0"/>
      </object_component>
      <object_component id="oc-1bc">
         <name>.text:__TI_cleanup</name>
         <load_address>0x2ee4</load_address>
         <run_address>0x2ee4</run_address>
         <size>0x34</size>
         <input_file_ref idref="fl-c3"/>
      </object_component>
      <object_component id="oc-2dc">
         <name>.text:__TI_readmsg</name>
         <load_address>0x2f18</load_address>
         <run_address>0x2f18</run_address>
         <size>0x34</size>
         <input_file_ref idref="fl-e9"/>
      </object_component>
      <object_component id="oc-66">
         <name>.text:_c_int00_noargs:_c_int00_noargs</name>
         <load_address>0x2f4c</load_address>
         <run_address>0x2f4c</run_address>
         <size>0x34</size>
         <input_file_ref idref="fl-d1"/>
      </object_component>
      <object_component id="oc-275">
         <name>.text:finddevice</name>
         <load_address>0x2f80</load_address>
         <run_address>0x2f80</run_address>
         <size>0x30</size>
         <input_file_ref idref="fl-d9"/>
      </object_component>
      <object_component id="oc-f6">
         <name>.text:fclose</name>
         <load_address>0x2fb0</load_address>
         <run_address>0x2fb0</run_address>
         <size>0x2c</size>
         <input_file_ref idref="fl-c1"/>
      </object_component>
      <object_component id="oc-1fd">
         <name>.text:unlink</name>
         <load_address>0x2fdc</load_address>
         <run_address>0x2fdc</run_address>
         <size>0x2c</size>
         <input_file_ref idref="fl-e1"/>
      </object_component>
      <object_component id="oc-1a6">
         <name>.text:free_list_insert</name>
         <load_address>0x3008</load_address>
         <run_address>0x3008</run_address>
         <size>0x28</size>
         <input_file_ref idref="fl-d0"/>
      </object_component>
      <object_component id="oc-16c">
         <name>.text:read</name>
         <load_address>0x3030</load_address>
         <run_address>0x3030</run_address>
         <size>0x28</size>
         <input_file_ref idref="fl-d5"/>
      </object_component>
      <object_component id="oc-23c">
         <name>.text:write</name>
         <load_address>0x3058</load_address>
         <run_address>0x3058</run_address>
         <size>0x28</size>
         <input_file_ref idref="fl-d2"/>
      </object_component>
      <object_component id="oc-54">
         <name>.text:decompress:ZI:__TI_zero_init_nomemset:__TI_zero_init_nomemset</name>
         <load_address>0x3080</load_address>
         <run_address>0x3080</run_address>
         <size>0x1c</size>
         <input_file_ref idref="fl-ca"/>
      </object_component>
      <object_component id="oc-1a0">
         <name>.text:free_list_remove</name>
         <load_address>0x309c</load_address>
         <run_address>0x309c</run_address>
         <size>0x1c</size>
         <input_file_ref idref="fl-d0"/>
      </object_component>
      <object_component id="oc-2a">
         <name>.text</name>
         <load_address>0x30b8</load_address>
         <run_address>0x30b8</run_address>
         <size>0x1a</size>
         <input_file_ref idref="fl-7"/>
      </object_component>
      <object_component id="oc-2c0">
         <name>.text:strcmp</name>
         <load_address>0x30d2</load_address>
         <run_address>0x30d2</run_address>
         <size>0x18</size>
         <input_file_ref idref="fl-df"/>
      </object_component>
      <object_component id="oc-269">
         <name>.text:strchr</name>
         <load_address>0x30ea</load_address>
         <run_address>0x30ea</run_address>
         <size>0x16</size>
         <input_file_ref idref="fl-de"/>
      </object_component>
      <object_component id="oc-2f0">
         <name>.text:strcpy</name>
         <load_address>0x3100</load_address>
         <run_address>0x3100</run_address>
         <size>0x14</size>
         <input_file_ref idref="fl-eb"/>
      </object_component>
      <object_component id="oc-2d0">
         <name>.text:strlen</name>
         <load_address>0x3114</load_address>
         <run_address>0x3114</run_address>
         <size>0x14</size>
         <input_file_ref idref="fl-ec"/>
      </object_component>
      <object_component id="oc-e3">
         <name>.text:malloc</name>
         <load_address>0x3128</load_address>
         <run_address>0x3128</run_address>
         <size>0x8</size>
         <input_file_ref idref="fl-d0"/>
      </object_component>
      <object_component id="oc-102">
         <name>.text:abort:abort</name>
         <load_address>0x3130</load_address>
         <run_address>0x3130</run_address>
         <size>0x4</size>
         <input_file_ref idref="fl-cd"/>
      </object_component>
      <object_component id="oc-357">
         <name>.tramp.Game_loop.1</name>
         <load_address>0x3134</load_address>
         <run_address>0x3134</run_address>
         <size>0x8</size>
         <input_file_ref idref="fl-2"/>
      </object_component>
      <object_component id="oc-34b">
         <name>.cinit..bss.load</name>
         <load_address>0x3140</load_address>
         <run_address>0x3140</run_address>
         <size>0x8</size>
      </object_component>
      <object_component id="oc-349">
         <name>__TI_handler_table</name>
         <load_address>0x3148</load_address>
         <run_address>0x3148</run_address>
         <size>0x4</size>
      </object_component>
      <object_component id="oc-34a">
         <name>__TI_cinit_table</name>
         <load_address>0x314c</load_address>
         <run_address>0x314c</run_address>
         <size>0x8</size>
      </object_component>
      <object_component id="oc-17d">
         <name>.data</name>
         <load_address>0x20000000</load_address>
         <run_address>0x20000000</run_address>
         <size>0x213a</size>
         <input_file_ref idref="fl-2"/>
      </object_component>
      <object_component id="oc-17c">
         <name>.data</name>
         <load_address>0x2000213a</load_address>
         <run_address>0x2000213a</run_address>
         <size>0x1b7c</size>
         <input_file_ref idref="fl-4"/>
      </object_component>
      <object_component id="oc-155">
         <name>.data:_ftable</name>
         <load_address>0x20003cb8</load_address>
         <run_address>0x20003cb8</run_address>
         <size>0xf0</size>
         <input_file_ref idref="fl-cf"/>
      </object_component>
      <object_component id="oc-246">
         <name>.data:_device</name>
         <load_address>0x20003da8</load_address>
         <run_address>0x20003da8</run_address>
         <size>0x78</size>
         <input_file_ref idref="fl-d3"/>
      </object_component>
      <object_component id="oc-1ea">
         <name>.data:_stream</name>
         <load_address>0x20003e20</load_address>
         <run_address>0x20003e20</run_address>
         <size>0x50</size>
         <input_file_ref idref="fl-d3"/>
      </object_component>
      <object_component id="oc-15b">
         <name>.data</name>
         <load_address>0x20003e70</load_address>
         <run_address>0x20003e70</run_address>
         <size>0x10</size>
         <input_file_ref idref="fl-cf"/>
      </object_component>
      <object_component id="oc-184">
         <name>.data:$O1$$</name>
         <load_address>0x20003e80</load_address>
         <run_address>0x20003e80</run_address>
         <size>0xc</size>
         <input_file_ref idref="fl-cd"/>
      </object_component>
      <object_component id="oc-158">
         <name>.data:$O1$$</name>
         <load_address>0x20003e8c</load_address>
         <run_address>0x20003e8c</run_address>
         <size>0x8</size>
         <input_file_ref idref="fl-ce"/>
      </object_component>
      <object_component id="oc-1b2">
         <name>.data:$O1$$</name>
         <load_address>0x20003e94</load_address>
         <run_address>0x20003e94</run_address>
         <size>0x8</size>
         <input_file_ref idref="fl-d0"/>
      </object_component>
      <object_component id="oc-154">
         <name>.data</name>
         <load_address>0x20003e9c</load_address>
         <run_address>0x20003e9c</run_address>
         <size>0x4</size>
         <input_file_ref idref="fl-c3"/>
      </object_component>
      <object_component id="oc-22a">
         <name>.data</name>
         <load_address>0x20003ea0</load_address>
         <run_address>0x20003ea0</run_address>
         <size>0x4</size>
         <input_file_ref idref="fl-d6"/>
      </object_component>
      <object_component id="oc-356">
         <name>.tramp.miss.1</name>
         <load_address>0x20003ea4</load_address>
         <run_address>0x20003ea4</run_address>
         <size>0x8</size>
         <input_file_ref idref="fl-4"/>
      </object_component>
      <object_component id="oc-355">
         <name>.tramp.character_to_value.1</name>
         <load_address>0x20003eac</load_address>
         <run_address>0x20003eac</run_address>
         <size>0x8</size>
         <input_file_ref idref="fl-5"/>
      </object_component>
      <object_component id="oc-354">
         <name>.tramp.simple_int_to_string.1</name>
         <load_address>0x20003eb4</load_address>
         <run_address>0x20003eb4</run_address>
         <size>0x8</size>
         <input_file_ref idref="fl-5"/>
      </object_component>
      <object_component id="oc-353">
         <name>.tramp.good.1</name>
         <load_address>0x20003ebc</load_address>
         <run_address>0x20003ebc</run_address>
         <size>0x8</size>
         <input_file_ref idref="fl-4"/>
      </object_component>
      <object_component id="oc-352">
         <name>.tramp.perfect.1</name>
         <load_address>0x20003ec4</load_address>
         <run_address>0x20003ec4</run_address>
         <size>0x8</size>
         <input_file_ref idref="fl-4"/>
      </object_component>
      <object_component id="oc-351">
         <name>.tramp.timer_init.1</name>
         <load_address>0x20003ecc</load_address>
         <run_address>0x20003ecc</run_address>
         <size>0x8</size>
         <input_file_ref idref="fl-5"/>
      </object_component>
      <object_component id="oc-350">
         <name>.tramp.output_character.1</name>
         <load_address>0x20003ed4</load_address>
         <run_address>0x20003ed4</run_address>
         <size>0x8</size>
         <input_file_ref idref="fl-5"/>
      </object_component>
      <object_component id="oc-34f">
         <name>.tramp.output_string.1</name>
         <load_address>0x20003edc</load_address>
         <run_address>0x20003edc</run_address>
         <size>0x8</size>
         <input_file_ref idref="fl-5"/>
      </object_component>
      <object_component id="oc-300">
         <name>.bss:_CIOBUF_</name>
         <uninitialized>true</uninitialized>
         <run_address>0x20004ae8</run_address>
         <size>0x120</size>
         <input_file_ref idref="fl-e9"/>
      </object_component>
      <object_component id="oc-e9">
         <name>.common:beatmap</name>
         <uninitialized>true</uninitialized>
         <run_address>0x20004cb0</run_address>
         <size>0x4</size>
      </object_component>
      <object_component id="oc-203">
         <name>.common:__TI_tmpnams</name>
         <uninitialized>true</uninitialized>
         <run_address>0x20004c08</run_address>
         <size>0xa0</size>
      </object_component>
      <object_component id="oc-2e2">
         <name>.common:parmbuf</name>
         <uninitialized>true</uninitialized>
         <run_address>0x20004ca8</run_address>
         <size>0x8</size>
      </object_component>
      <object_component id="oc-24">
         <name>.sysmem</name>
         <uninitialized>true</uninitialized>
         <run_address>0x20003ee8</run_address>
         <size>0x10</size>
         <input_file_ref idref="fl-d0"/>
      </object_component>
      <object_component id="oc-34e">
         <name>.sysmem</name>
         <uninitialized>true</uninitialized>
         <run_address>0x20003ee8</run_address>
         <size>0x0</size>
      </object_component>
      <object_component id="oc-27">
         <name>.stack</name>
         <uninitialized>true</uninitialized>
         <run_address>0x200046e8</run_address>
         <size>0x4</size>
         <input_file_ref idref="fl-d1"/>
      </object_component>
      <object_component id="oc-34d">
         <name>.stack</name>
         <uninitialized>true</uninitialized>
         <run_address>0x200046e8</run_address>
         <size>0x0</size>
      </object_component>
      <object_component id="oc-17e">
         <name>.debug_info</name>
         <load_address>0x0</load_address>
         <run_address>0x0</run_address>
         <size>0x5a1</size>
         <input_file_ref idref="fl-2"/>
      </object_component>
      <object_component id="oc-38">
         <name>.debug_info</name>
         <load_address>0x5a1</load_address>
         <run_address>0x5a1</run_address>
         <size>0x104</size>
         <input_file_ref idref="fl-3"/>
      </object_component>
      <object_component id="oc-ff">
         <name>.debug_info</name>
         <load_address>0x6a5</load_address>
         <run_address>0x6a5</run_address>
         <size>0x22ed</size>
         <input_file_ref idref="fl-4"/>
      </object_component>
      <object_component id="oc-31">
         <name>.debug_info</name>
         <load_address>0x2992</load_address>
         <run_address>0x2992</run_address>
         <size>0x19b</size>
         <input_file_ref idref="fl-5"/>
      </object_component>
      <object_component id="oc-d1">
         <name>.debug_info</name>
         <load_address>0x2b2d</load_address>
         <run_address>0x2b2d</run_address>
         <size>0x398</size>
         <input_file_ref idref="fl-6"/>
      </object_component>
      <object_component id="oc-af">
         <name>.debug_info</name>
         <load_address>0x2ec5</load_address>
         <run_address>0x2ec5</run_address>
         <size>0x167</size>
         <input_file_ref idref="fl-6"/>
      </object_component>
      <object_component id="oc-83">
         <name>.debug_info</name>
         <load_address>0x302c</load_address>
         <run_address>0x302c</run_address>
         <size>0x26b</size>
         <input_file_ref idref="fl-6"/>
      </object_component>
      <object_component id="oc-43">
         <name>.debug_info</name>
         <load_address>0x3297</load_address>
         <run_address>0x3297</run_address>
         <size>0x84</size>
         <input_file_ref idref="fl-6"/>
      </object_component>
      <object_component id="oc-cc">
         <name>.debug_info</name>
         <load_address>0x331b</load_address>
         <run_address>0x331b</run_address>
         <size>0x2a4</size>
         <input_file_ref idref="fl-6"/>
      </object_component>
      <object_component id="oc-88">
         <name>.debug_info</name>
         <load_address>0x35bf</load_address>
         <run_address>0x35bf</run_address>
         <size>0xbb</size>
         <input_file_ref idref="fl-6"/>
      </object_component>
      <object_component id="oc-142">
         <name>.debug_info</name>
         <load_address>0x367a</load_address>
         <run_address>0x367a</run_address>
         <size>0xcc</size>
         <input_file_ref idref="fl-6"/>
      </object_component>
      <object_component id="oc-3c">
         <name>.debug_info</name>
         <load_address>0x3746</load_address>
         <run_address>0x3746</run_address>
         <size>0x35c</size>
         <input_file_ref idref="fl-7"/>
      </object_component>
      <object_component id="oc-13">
         <name>.debug_info</name>
         <load_address>0x3aa2</load_address>
         <run_address>0x3aa2</run_address>
         <size>0xfb</size>
         <input_file_ref idref="fl-7"/>
      </object_component>
      <object_component id="oc-2c">
         <name>.debug_info</name>
         <load_address>0x3b9d</load_address>
         <run_address>0x3b9d</run_address>
         <size>0x277</size>
         <input_file_ref idref="fl-7"/>
      </object_component>
      <object_component id="oc-17b">
         <name>.debug_info</name>
         <load_address>0x3e14</load_address>
         <run_address>0x3e14</run_address>
         <size>0x3a5</size>
         <input_file_ref idref="fl-c1"/>
      </object_component>
      <object_component id="oc-175">
         <name>.debug_info</name>
         <load_address>0x41b9</load_address>
         <run_address>0x41b9</run_address>
         <size>0x1f3</size>
         <input_file_ref idref="fl-c1"/>
      </object_component>
      <object_component id="oc-f7">
         <name>.debug_info</name>
         <load_address>0x43ac</load_address>
         <run_address>0x43ac</run_address>
         <size>0x19d</size>
         <input_file_ref idref="fl-c1"/>
      </object_component>
      <object_component id="oc-1d5">
         <name>.debug_info</name>
         <load_address>0x4549</load_address>
         <run_address>0x4549</run_address>
         <size>0xb2</size>
         <input_file_ref idref="fl-c1"/>
      </object_component>
      <object_component id="oc-243">
         <name>.debug_info</name>
         <load_address>0x45fb</load_address>
         <run_address>0x45fb</run_address>
         <size>0x347</size>
         <input_file_ref idref="fl-c2"/>
      </object_component>
      <object_component id="oc-1e5">
         <name>.debug_info</name>
         <load_address>0x4942</load_address>
         <run_address>0x4942</run_address>
         <size>0x18a</size>
         <input_file_ref idref="fl-c2"/>
      </object_component>
      <object_component id="oc-15f">
         <name>.debug_info</name>
         <load_address>0x4acc</load_address>
         <run_address>0x4acc</run_address>
         <size>0x3f5</size>
         <input_file_ref idref="fl-c3"/>
      </object_component>
      <object_component id="oc-150">
         <name>.debug_info</name>
         <load_address>0x4ec1</load_address>
         <run_address>0x4ec1</run_address>
         <size>0x20e</size>
         <input_file_ref idref="fl-c3"/>
      </object_component>
      <object_component id="oc-1be">
         <name>.debug_info</name>
         <load_address>0x50cf</load_address>
         <run_address>0x50cf</run_address>
         <size>0x176</size>
         <input_file_ref idref="fl-c3"/>
      </object_component>
      <object_component id="oc-ed">
         <name>.debug_info</name>
         <load_address>0x5245</load_address>
         <run_address>0x5245</run_address>
         <size>0x1cd</size>
         <input_file_ref idref="fl-c3"/>
      </object_component>
      <object_component id="oc-c2">
         <name>.debug_info</name>
         <load_address>0x5412</load_address>
         <run_address>0x5412</run_address>
         <size>0x2c</size>
         <input_file_ref idref="fl-c3"/>
      </object_component>
      <object_component id="oc-173">
         <name>.debug_info</name>
         <load_address>0x543e</load_address>
         <run_address>0x543e</run_address>
         <size>0x367</size>
         <input_file_ref idref="fl-c4"/>
      </object_component>
      <object_component id="oc-f4">
         <name>.debug_info</name>
         <load_address>0x57a5</load_address>
         <run_address>0x57a5</run_address>
         <size>0x2a7</size>
         <input_file_ref idref="fl-c4"/>
      </object_component>
      <object_component id="oc-da">
         <name>.debug_info</name>
         <load_address>0x5a4c</load_address>
         <run_address>0x5a4c</run_address>
         <size>0x2c</size>
         <input_file_ref idref="fl-c4"/>
      </object_component>
      <object_component id="oc-1e9">
         <name>.debug_info</name>
         <load_address>0x5a78</load_address>
         <run_address>0x5a78</run_address>
         <size>0x370</size>
         <input_file_ref idref="fl-c5"/>
      </object_component>
      <object_component id="oc-168">
         <name>.debug_info</name>
         <load_address>0x5de8</load_address>
         <run_address>0x5de8</run_address>
         <size>0x1e2</size>
         <input_file_ref idref="fl-c5"/>
      </object_component>
      <object_component id="oc-1e1">
         <name>.debug_info</name>
         <load_address>0x5fca</load_address>
         <run_address>0x5fca</run_address>
         <size>0x300</size>
         <input_file_ref idref="fl-c6"/>
      </object_component>
      <object_component id="oc-162">
         <name>.debug_info</name>
         <load_address>0x62ca</load_address>
         <run_address>0x62ca</run_address>
         <size>0x18e</size>
         <input_file_ref idref="fl-c6"/>
      </object_component>
      <object_component id="oc-235">
         <name>.debug_info</name>
         <load_address>0x6458</load_address>
         <run_address>0x6458</run_address>
         <size>0xbf</size>
         <input_file_ref idref="fl-c6"/>
      </object_component>
      <object_component id="oc-234">
         <name>.debug_info</name>
         <load_address>0x6517</load_address>
         <run_address>0x6517</run_address>
         <size>0x374</size>
         <input_file_ref idref="fl-c7"/>
      </object_component>
      <object_component id="oc-1db">
         <name>.debug_info</name>
         <load_address>0x688b</load_address>
         <run_address>0x688b</run_address>
         <size>0x20b</size>
         <input_file_ref idref="fl-c7"/>
      </object_component>
      <object_component id="oc-4a">
         <name>.debug_info</name>
         <load_address>0x6a96</load_address>
         <run_address>0x6a96</run_address>
         <size>0x119</size>
         <input_file_ref idref="fl-c8"/>
      </object_component>
      <object_component id="oc-a5">
         <name>.debug_info</name>
         <load_address>0x6baf</load_address>
         <run_address>0x6baf</run_address>
         <size>0x147</size>
         <input_file_ref idref="fl-c9"/>
      </object_component>
      <object_component id="oc-a1">
         <name>.debug_info</name>
         <load_address>0x6cf6</load_address>
         <run_address>0x6cf6</run_address>
         <size>0x2d4</size>
         <input_file_ref idref="fl-ca"/>
      </object_component>
      <object_component id="oc-57">
         <name>.debug_info</name>
         <load_address>0x6fca</load_address>
         <run_address>0x6fca</run_address>
         <size>0x1d2</size>
         <input_file_ref idref="fl-ca"/>
      </object_component>
      <object_component id="oc-9c">
         <name>.debug_info</name>
         <load_address>0x719c</load_address>
         <run_address>0x719c</run_address>
         <size>0x46</size>
         <input_file_ref idref="fl-ca"/>
      </object_component>
      <object_component id="oc-188">
         <name>.debug_info</name>
         <load_address>0x71e2</load_address>
         <run_address>0x71e2</run_address>
         <size>0x3ad</size>
         <input_file_ref idref="fl-cd"/>
      </object_component>
      <object_component id="oc-185">
         <name>.debug_info</name>
         <load_address>0x758f</load_address>
         <run_address>0x758f</run_address>
         <size>0x190</size>
         <input_file_ref idref="fl-cd"/>
      </object_component>
      <object_component id="oc-104">
         <name>.debug_info</name>
         <load_address>0x771f</load_address>
         <run_address>0x771f</run_address>
         <size>0x122</size>
         <input_file_ref idref="fl-cd"/>
      </object_component>
      <object_component id="oc-10c">
         <name>.debug_info</name>
         <load_address>0x7841</load_address>
         <run_address>0x7841</run_address>
         <size>0x184</size>
         <input_file_ref idref="fl-cd"/>
      </object_component>
      <object_component id="oc-1cf">
         <name>.debug_info</name>
         <load_address>0x79c5</load_address>
         <run_address>0x79c5</run_address>
         <size>0x2c9</size>
         <input_file_ref idref="fl-ce"/>
      </object_component>
      <object_component id="oc-159">
         <name>.debug_info</name>
         <load_address>0x7c8e</load_address>
         <run_address>0x7c8e</run_address>
         <size>0x11e</size>
         <input_file_ref idref="fl-ce"/>
      </object_component>
      <object_component id="oc-1c8">
         <name>.debug_info</name>
         <load_address>0x7dac</load_address>
         <run_address>0x7dac</run_address>
         <size>0x12e</size>
         <input_file_ref idref="fl-ce"/>
      </object_component>
      <object_component id="oc-1c5">
         <name>.debug_info</name>
         <load_address>0x7eda</load_address>
         <run_address>0x7eda</run_address>
         <size>0x144</size>
         <input_file_ref idref="fl-cf"/>
      </object_component>
      <object_component id="oc-156">
         <name>.debug_info</name>
         <load_address>0x801e</load_address>
         <run_address>0x801e</run_address>
         <size>0x102</size>
         <input_file_ref idref="fl-cf"/>
      </object_component>
      <object_component id="oc-15c">
         <name>.debug_info</name>
         <load_address>0x8120</load_address>
         <run_address>0x8120</run_address>
         <size>0x18f</size>
         <input_file_ref idref="fl-cf"/>
      </object_component>
      <object_component id="oc-7a">
         <name>.debug_info</name>
         <load_address>0x82af</load_address>
         <run_address>0x82af</run_address>
         <size>0x3b2</size>
         <input_file_ref idref="fl-d0"/>
      </object_component>
      <object_component id="oc-25">
         <name>.debug_info</name>
         <load_address>0x8661</load_address>
         <run_address>0x8661</run_address>
         <size>0x10c</size>
         <input_file_ref idref="fl-d0"/>
      </object_component>
      <object_component id="oc-1b3">
         <name>.debug_info</name>
         <load_address>0x876d</load_address>
         <run_address>0x876d</run_address>
         <size>0x13f</size>
         <input_file_ref idref="fl-d0"/>
      </object_component>
      <object_component id="oc-e5">
         <name>.debug_info</name>
         <load_address>0x88ac</load_address>
         <run_address>0x88ac</run_address>
         <size>0x168</size>
         <input_file_ref idref="fl-d0"/>
      </object_component>
      <object_component id="oc-1a2">
         <name>.debug_info</name>
         <load_address>0x8a14</load_address>
         <run_address>0x8a14</run_address>
         <size>0x18e</size>
         <input_file_ref idref="fl-d0"/>
      </object_component>
      <object_component id="oc-1a9">
         <name>.debug_info</name>
         <load_address>0x8ba2</load_address>
         <run_address>0x8ba2</run_address>
         <size>0x19f</size>
         <input_file_ref idref="fl-d0"/>
      </object_component>
      <object_component id="oc-1f2">
         <name>.debug_info</name>
         <load_address>0x8d41</load_address>
         <run_address>0x8d41</run_address>
         <size>0x203</size>
         <input_file_ref idref="fl-d0"/>
      </object_component>
      <object_component id="oc-1ad">
         <name>.debug_info</name>
         <load_address>0x8f44</load_address>
         <run_address>0x8f44</run_address>
         <size>0x1db</size>
         <input_file_ref idref="fl-d0"/>
      </object_component>
      <object_component id="oc-149">
         <name>.debug_info</name>
         <load_address>0x911f</load_address>
         <run_address>0x911f</run_address>
         <size>0x299</size>
         <input_file_ref idref="fl-d0"/>
      </object_component>
      <object_component id="oc-c7">
         <name>.debug_info</name>
         <load_address>0x93b8</load_address>
         <run_address>0x93b8</run_address>
         <size>0xb2</size>
         <input_file_ref idref="fl-d0"/>
      </object_component>
      <object_component id="oc-28">
         <name>.debug_info</name>
         <load_address>0x946a</load_address>
         <run_address>0x946a</run_address>
         <size>0x10b</size>
         <input_file_ref idref="fl-d1"/>
      </object_component>
      <object_component id="oc-68">
         <name>.debug_info</name>
         <load_address>0x9575</load_address>
         <run_address>0x9575</run_address>
         <size>0x1a9</size>
         <input_file_ref idref="fl-d1"/>
      </object_component>
      <object_component id="oc-282">
         <name>.debug_info</name>
         <load_address>0x971e</load_address>
         <run_address>0x971e</run_address>
         <size>0x397</size>
         <input_file_ref idref="fl-d2"/>
      </object_component>
      <object_component id="oc-23d">
         <name>.debug_info</name>
         <load_address>0x9ab5</load_address>
         <run_address>0x9ab5</run_address>
         <size>0x18f</size>
         <input_file_ref idref="fl-d2"/>
      </object_component>
      <object_component id="oc-24e">
         <name>.debug_info</name>
         <load_address>0x9c44</load_address>
         <run_address>0x9c44</run_address>
         <size>0x120</size>
         <input_file_ref idref="fl-d2"/>
      </object_component>
      <object_component id="oc-253">
         <name>.debug_info</name>
         <load_address>0x9d64</load_address>
         <run_address>0x9d64</run_address>
         <size>0x2c</size>
         <input_file_ref idref="fl-d2"/>
      </object_component>
      <object_component id="oc-24b">
         <name>.debug_info</name>
         <load_address>0x9d90</load_address>
         <run_address>0x9d90</run_address>
         <size>0x337</size>
         <input_file_ref idref="fl-d3"/>
      </object_component>
      <object_component id="oc-247">
         <name>.debug_info</name>
         <load_address>0xa0c7</load_address>
         <run_address>0xa0c7</run_address>
         <size>0x109</size>
         <input_file_ref idref="fl-d3"/>
      </object_component>
      <object_component id="oc-1eb">
         <name>.debug_info</name>
         <load_address>0xa1d0</load_address>
         <run_address>0xa1d0</run_address>
         <size>0x109</size>
         <input_file_ref idref="fl-d3"/>
      </object_component>
      <object_component id="oc-1ee">
         <name>.debug_info</name>
         <load_address>0xa2d9</load_address>
         <run_address>0xa2d9</run_address>
         <size>0x396</size>
         <input_file_ref idref="fl-d5"/>
      </object_component>
      <object_component id="oc-16e">
         <name>.debug_info</name>
         <load_address>0xa66f</load_address>
         <run_address>0xa66f</run_address>
         <size>0x18a</size>
         <input_file_ref idref="fl-d5"/>
      </object_component>
      <object_component id="oc-22c">
         <name>.debug_info</name>
         <load_address>0xa7f9</load_address>
         <run_address>0xa7f9</run_address>
         <size>0x402</size>
         <input_file_ref idref="fl-d6"/>
      </object_component>
      <object_component id="oc-1b7">
         <name>.debug_info</name>
         <load_address>0xabfb</load_address>
         <run_address>0xabfb</run_address>
         <size>0x245</size>
         <input_file_ref idref="fl-d6"/>
      </object_component>
      <object_component id="oc-25a">
         <name>.debug_info</name>
         <load_address>0xae40</load_address>
         <run_address>0xae40</run_address>
         <size>0x3cf</size>
         <input_file_ref idref="fl-d7"/>
      </object_component>
      <object_component id="oc-1fb">
         <name>.debug_info</name>
         <load_address>0xb20f</load_address>
         <run_address>0xb20f</run_address>
         <size>0x195</size>
         <input_file_ref idref="fl-d7"/>
      </object_component>
      <object_component id="oc-27c">
         <name>.debug_info</name>
         <load_address>0xb3a4</load_address>
         <run_address>0xb3a4</run_address>
         <size>0x42c</size>
         <input_file_ref idref="fl-d9"/>
      </object_component>
      <object_component id="oc-276">
         <name>.debug_info</name>
         <load_address>0xb7d0</load_address>
         <run_address>0xb7d0</run_address>
         <size>0x192</size>
         <input_file_ref idref="fl-d9"/>
      </object_component>
      <object_component id="oc-225">
         <name>.debug_info</name>
         <load_address>0xb962</load_address>
         <run_address>0xb962</run_address>
         <size>0x1eb</size>
         <input_file_ref idref="fl-d9"/>
      </object_component>
      <object_component id="oc-2b7">
         <name>.debug_info</name>
         <load_address>0xbb4d</load_address>
         <run_address>0xbb4d</run_address>
         <size>0xea</size>
         <input_file_ref idref="fl-d9"/>
      </object_component>
      <object_component id="oc-2c9">
         <name>.debug_info</name>
         <load_address>0xbc37</load_address>
         <run_address>0xbc37</run_address>
         <size>0x2c</size>
         <input_file_ref idref="fl-d9"/>
      </object_component>
      <object_component id="oc-18b">
         <name>.debug_info</name>
         <load_address>0xbc63</load_address>
         <run_address>0xbc63</run_address>
         <size>0x4b3</size>
         <input_file_ref idref="fl-da"/>
      </object_component>
      <object_component id="oc-110">
         <name>.debug_info</name>
         <load_address>0xc116</load_address>
         <run_address>0xc116</run_address>
         <size>0x1a6</size>
         <input_file_ref idref="fl-da"/>
      </object_component>
      <object_component id="oc-20e">
         <name>.debug_info</name>
         <load_address>0xc2bc</load_address>
         <run_address>0xc2bc</run_address>
         <size>0x39</size>
         <input_file_ref idref="fl-da"/>
      </object_component>
      <object_component id="oc-25d">
         <name>.debug_info</name>
         <load_address>0xc2f5</load_address>
         <run_address>0xc2f5</run_address>
         <size>0x39</size>
         <input_file_ref idref="fl-da"/>
      </object_component>
      <object_component id="oc-213">
         <name>.debug_info</name>
         <load_address>0xc32e</load_address>
         <run_address>0xc32e</run_address>
         <size>0x39</size>
         <input_file_ref idref="fl-da"/>
      </object_component>
      <object_component id="oc-218">
         <name>.debug_info</name>
         <load_address>0xc367</load_address>
         <run_address>0xc367</run_address>
         <size>0xcd</size>
         <input_file_ref idref="fl-da"/>
      </object_component>
      <object_component id="oc-a9">
         <name>.debug_info</name>
         <load_address>0xc434</load_address>
         <run_address>0xc434</run_address>
         <size>0x153</size>
         <input_file_ref idref="fl-db"/>
      </object_component>
      <object_component id="oc-2bd">
         <name>.debug_info</name>
         <load_address>0xc587</load_address>
         <run_address>0xc587</run_address>
         <size>0x29a</size>
         <input_file_ref idref="fl-de"/>
      </object_component>
      <object_component id="oc-26c">
         <name>.debug_info</name>
         <load_address>0xc821</load_address>
         <run_address>0xc821</run_address>
         <size>0x262</size>
         <input_file_ref idref="fl-de"/>
      </object_component>
      <object_component id="oc-2fd">
         <name>.debug_info</name>
         <load_address>0xca83</load_address>
         <run_address>0xca83</run_address>
         <size>0x28a</size>
         <input_file_ref idref="fl-df"/>
      </object_component>
      <object_component id="oc-2c4">
         <name>.debug_info</name>
         <load_address>0xcd0d</load_address>
         <run_address>0xcd0d</run_address>
         <size>0x273</size>
         <input_file_ref idref="fl-df"/>
      </object_component>
      <object_component id="oc-2bf">
         <name>.debug_info</name>
         <load_address>0xcf80</load_address>
         <run_address>0xcf80</run_address>
         <size>0x2af</size>
         <input_file_ref idref="fl-e0"/>
      </object_component>
      <object_component id="oc-270">
         <name>.debug_info</name>
         <load_address>0xd22f</load_address>
         <run_address>0xd22f</run_address>
         <size>0x277</size>
         <input_file_ref idref="fl-e0"/>
      </object_component>
      <object_component id="oc-25c">
         <name>.debug_info</name>
         <load_address>0xd4a6</load_address>
         <run_address>0xd4a6</run_address>
         <size>0x3d1</size>
         <input_file_ref idref="fl-e1"/>
      </object_component>
      <object_component id="oc-201">
         <name>.debug_info</name>
         <load_address>0xd877</load_address>
         <run_address>0xd877</run_address>
         <size>0x1a5</size>
         <input_file_ref idref="fl-e1"/>
      </object_component>
      <object_component id="oc-2e7">
         <name>.debug_info</name>
         <load_address>0xda1c</load_address>
         <run_address>0xda1c</run_address>
         <size>0x373</size>
         <input_file_ref idref="fl-e2"/>
      </object_component>
      <object_component id="oc-28f">
         <name>.debug_info</name>
         <load_address>0xdd8f</load_address>
         <run_address>0xdd8f</run_address>
         <size>0x1bc</size>
         <input_file_ref idref="fl-e2"/>
      </object_component>
      <object_component id="oc-2ed">
         <name>.debug_info</name>
         <load_address>0xdf4b</load_address>
         <run_address>0xdf4b</run_address>
         <size>0x378</size>
         <input_file_ref idref="fl-e3"/>
      </object_component>
      <object_component id="oc-29f">
         <name>.debug_info</name>
         <load_address>0xe2c3</load_address>
         <run_address>0xe2c3</run_address>
         <size>0x210</size>
         <input_file_ref idref="fl-e3"/>
      </object_component>
      <object_component id="oc-2e3">
         <name>.debug_info</name>
         <load_address>0xe4d3</load_address>
         <run_address>0xe4d3</run_address>
         <size>0x3a3</size>
         <input_file_ref idref="fl-e4"/>
      </object_component>
      <object_component id="oc-286">
         <name>.debug_info</name>
         <load_address>0xe876</load_address>
         <run_address>0xe876</run_address>
         <size>0x20c</size>
         <input_file_ref idref="fl-e4"/>
      </object_component>
      <object_component id="oc-2e9">
         <name>.debug_info</name>
         <load_address>0xea82</load_address>
         <run_address>0xea82</run_address>
         <size>0x377</size>
         <input_file_ref idref="fl-e5"/>
      </object_component>
      <object_component id="oc-295">
         <name>.debug_info</name>
         <load_address>0xedf9</load_address>
         <run_address>0xedf9</run_address>
         <size>0x1fb</size>
         <input_file_ref idref="fl-e5"/>
      </object_component>
      <object_component id="oc-2f7">
         <name>.debug_info</name>
         <load_address>0xeff4</load_address>
         <run_address>0xeff4</run_address>
         <size>0x3d5</size>
         <input_file_ref idref="fl-e6"/>
      </object_component>
      <object_component id="oc-2ac">
         <name>.debug_info</name>
         <load_address>0xf3c9</load_address>
         <run_address>0xf3c9</run_address>
         <size>0x236</size>
         <input_file_ref idref="fl-e6"/>
      </object_component>
      <object_component id="oc-2ef">
         <name>.debug_info</name>
         <load_address>0xf5ff</load_address>
         <run_address>0xf5ff</run_address>
         <size>0x396</size>
         <input_file_ref idref="fl-e7"/>
      </object_component>
      <object_component id="oc-2a4">
         <name>.debug_info</name>
         <load_address>0xf995</load_address>
         <run_address>0xf995</run_address>
         <size>0x1c6</size>
         <input_file_ref idref="fl-e7"/>
      </object_component>
      <object_component id="oc-2eb">
         <name>.debug_info</name>
         <load_address>0xfb5b</load_address>
         <run_address>0xfb5b</run_address>
         <size>0x378</size>
         <input_file_ref idref="fl-e8"/>
      </object_component>
      <object_component id="oc-29a">
         <name>.debug_info</name>
         <load_address>0xfed3</load_address>
         <run_address>0xfed3</run_address>
         <size>0x200</size>
         <input_file_ref idref="fl-e8"/>
      </object_component>
      <object_component id="oc-304">
         <name>.debug_info</name>
         <load_address>0x100d3</load_address>
         <run_address>0x100d3</run_address>
         <size>0x2bb</size>
         <input_file_ref idref="fl-e9"/>
      </object_component>
      <object_component id="oc-301">
         <name>.debug_info</name>
         <load_address>0x1038e</load_address>
         <run_address>0x1038e</run_address>
         <size>0x108</size>
         <input_file_ref idref="fl-e9"/>
      </object_component>
      <object_component id="oc-2da">
         <name>.debug_info</name>
         <load_address>0x10496</load_address>
         <run_address>0x10496</run_address>
         <size>0x1df</size>
         <input_file_ref idref="fl-e9"/>
      </object_component>
      <object_component id="oc-2df">
         <name>.debug_info</name>
         <load_address>0x10675</load_address>
         <run_address>0x10675</run_address>
         <size>0x19a</size>
         <input_file_ref idref="fl-e9"/>
      </object_component>
      <object_component id="oc-313">
         <name>.debug_info</name>
         <load_address>0x1080f</load_address>
         <run_address>0x1080f</run_address>
         <size>0x2a4</size>
         <input_file_ref idref="fl-eb"/>
      </object_component>
      <object_component id="oc-2f2">
         <name>.debug_info</name>
         <load_address>0x10ab3</load_address>
         <run_address>0x10ab3</run_address>
         <size>0x24d</size>
         <input_file_ref idref="fl-eb"/>
      </object_component>
      <object_component id="oc-2ff">
         <name>.debug_info</name>
         <load_address>0x10d00</load_address>
         <run_address>0x10d00</run_address>
         <size>0x28f</size>
         <input_file_ref idref="fl-ec"/>
      </object_component>
      <object_component id="oc-2d3">
         <name>.debug_info</name>
         <load_address>0x10f8f</load_address>
         <run_address>0x10f8f</run_address>
         <size>0x245</size>
         <input_file_ref idref="fl-ec"/>
      </object_component>
      <object_component id="oc-358">
         <name>.debug_info</name>
         <load_address>0x111d4</load_address>
         <run_address>0x111d4</run_address>
         <size>0x317</size>
      </object_component>
      <object_component id="oc-181">
         <name>.debug_line</name>
         <load_address>0x0</load_address>
         <run_address>0x0</run_address>
         <size>0x245</size>
         <input_file_ref idref="fl-2"/>
      </object_component>
      <object_component id="oc-36">
         <name>.debug_line</name>
         <load_address>0x245</load_address>
         <run_address>0x245</run_address>
         <size>0x2c3</size>
         <input_file_ref idref="fl-3"/>
      </object_component>
      <object_component id="oc-fd">
         <name>.debug_line</name>
         <load_address>0x508</load_address>
         <run_address>0x508</run_address>
         <size>0x447</size>
         <input_file_ref idref="fl-4"/>
      </object_component>
      <object_component id="oc-34">
         <name>.debug_line</name>
         <load_address>0x94f</load_address>
         <run_address>0x94f</run_address>
         <size>0x207</size>
         <input_file_ref idref="fl-5"/>
      </object_component>
      <object_component id="oc-141">
         <name>.debug_line</name>
         <load_address>0xb56</load_address>
         <run_address>0xb56</run_address>
         <size>0xc2</size>
         <input_file_ref idref="fl-6"/>
      </object_component>
      <object_component id="oc-b3">
         <name>.debug_line</name>
         <load_address>0xc18</load_address>
         <run_address>0xc18</run_address>
         <size>0x4e</size>
         <input_file_ref idref="fl-6"/>
      </object_component>
      <object_component id="oc-86">
         <name>.debug_line</name>
         <load_address>0xc66</load_address>
         <run_address>0xc66</run_address>
         <size>0x6f</size>
         <input_file_ref idref="fl-6"/>
      </object_component>
      <object_component id="oc-46">
         <name>.debug_line</name>
         <load_address>0xcd5</load_address>
         <run_address>0xcd5</run_address>
         <size>0x20</size>
         <input_file_ref idref="fl-6"/>
      </object_component>
      <object_component id="oc-cf">
         <name>.debug_line</name>
         <load_address>0xcf5</load_address>
         <run_address>0xcf5</run_address>
         <size>0x73</size>
         <input_file_ref idref="fl-6"/>
      </object_component>
      <object_component id="oc-8b">
         <name>.debug_line</name>
         <load_address>0xd68</load_address>
         <run_address>0xd68</run_address>
         <size>0x70</size>
         <input_file_ref idref="fl-6"/>
      </object_component>
      <object_component id="oc-145">
         <name>.debug_line</name>
         <load_address>0xdd8</load_address>
         <run_address>0xdd8</run_address>
         <size>0x6a</size>
         <input_file_ref idref="fl-6"/>
      </object_component>
      <object_component id="oc-82">
         <name>.debug_line</name>
         <load_address>0xe42</load_address>
         <run_address>0xe42</run_address>
         <size>0x41</size>
         <input_file_ref idref="fl-7"/>
      </object_component>
      <object_component id="oc-3b">
         <name>.debug_line</name>
         <load_address>0xe83</load_address>
         <run_address>0xe83</run_address>
         <size>0x41</size>
         <input_file_ref idref="fl-7"/>
      </object_component>
      <object_component id="oc-2f">
         <name>.debug_line</name>
         <load_address>0xec4</load_address>
         <run_address>0xec4</run_address>
         <size>0xa1</size>
         <input_file_ref idref="fl-7"/>
      </object_component>
      <object_component id="oc-206">
         <name>.debug_line</name>
         <load_address>0xf65</load_address>
         <run_address>0xf65</run_address>
         <size>0x18a</size>
         <input_file_ref idref="fl-c1"/>
      </object_component>
      <object_component id="oc-178">
         <name>.debug_line</name>
         <load_address>0x10ef</load_address>
         <run_address>0x10ef</run_address>
         <size>0x68</size>
         <input_file_ref idref="fl-c1"/>
      </object_component>
      <object_component id="oc-fa">
         <name>.debug_line</name>
         <load_address>0x1157</load_address>
         <run_address>0x1157</run_address>
         <size>0x53</size>
         <input_file_ref idref="fl-c1"/>
      </object_component>
      <object_component id="oc-1d8">
         <name>.debug_line</name>
         <load_address>0x11aa</load_address>
         <run_address>0x11aa</run_address>
         <size>0x91</size>
         <input_file_ref idref="fl-c1"/>
      </object_component>
      <object_component id="oc-284">
         <name>.debug_line</name>
         <load_address>0x123b</load_address>
         <run_address>0x123b</run_address>
         <size>0x118</size>
         <input_file_ref idref="fl-c2"/>
      </object_component>
      <object_component id="oc-1e3">
         <name>.debug_line</name>
         <load_address>0x1353</load_address>
         <run_address>0x1353</run_address>
         <size>0x5c</size>
         <input_file_ref idref="fl-c2"/>
      </object_component>
      <object_component id="oc-1d4">
         <name>.debug_line</name>
         <load_address>0x13af</load_address>
         <run_address>0x13af</run_address>
         <size>0x189</size>
         <input_file_ref idref="fl-c3"/>
      </object_component>
      <object_component id="oc-153">
         <name>.debug_line</name>
         <load_address>0x1538</load_address>
         <run_address>0x1538</run_address>
         <size>0x9b</size>
         <input_file_ref idref="fl-c3"/>
      </object_component>
      <object_component id="oc-1c1">
         <name>.debug_line</name>
         <load_address>0x15d3</load_address>
         <run_address>0x15d3</run_address>
         <size>0x4d</size>
         <input_file_ref idref="fl-c3"/>
      </object_component>
      <object_component id="oc-eb">
         <name>.debug_line</name>
         <load_address>0x1620</load_address>
         <run_address>0x1620</run_address>
         <size>0x87</size>
         <input_file_ref idref="fl-c3"/>
      </object_component>
      <object_component id="oc-c5">
         <name>.debug_line</name>
         <load_address>0x16a7</load_address>
         <run_address>0x16a7</run_address>
         <size>0x92</size>
         <input_file_ref idref="fl-c3"/>
      </object_component>
      <object_component id="oc-1f0">
         <name>.debug_line</name>
         <load_address>0x1739</load_address>
         <run_address>0x1739</run_address>
         <size>0xa6</size>
         <input_file_ref idref="fl-c4"/>
      </object_component>
      <object_component id="oc-f2">
         <name>.debug_line</name>
         <load_address>0x17df</load_address>
         <run_address>0x17df</run_address>
         <size>0xdd</size>
         <input_file_ref idref="fl-c4"/>
      </object_component>
      <object_component id="oc-dd">
         <name>.debug_line</name>
         <load_address>0x18bc</load_address>
         <run_address>0x18bc</run_address>
         <size>0x92</size>
         <input_file_ref idref="fl-c4"/>
      </object_component>
      <object_component id="oc-245">
         <name>.debug_line</name>
         <load_address>0x194e</load_address>
         <run_address>0x194e</run_address>
         <size>0x11a</size>
         <input_file_ref idref="fl-c5"/>
      </object_component>
      <object_component id="oc-16b">
         <name>.debug_line</name>
         <load_address>0x1a68</load_address>
         <run_address>0x1a68</run_address>
         <size>0x7f</size>
         <input_file_ref idref="fl-c5"/>
      </object_component>
      <object_component id="oc-23b">
         <name>.debug_line</name>
         <load_address>0x1ae7</load_address>
         <run_address>0x1ae7</run_address>
         <size>0x91</size>
         <input_file_ref idref="fl-c6"/>
      </object_component>
      <object_component id="oc-164">
         <name>.debug_line</name>
         <load_address>0x1b78</load_address>
         <run_address>0x1b78</run_address>
         <size>0x60</size>
         <input_file_ref idref="fl-c6"/>
      </object_component>
      <object_component id="oc-238">
         <name>.debug_line</name>
         <load_address>0x1bd8</load_address>
         <run_address>0x1bd8</run_address>
         <size>0x91</size>
         <input_file_ref idref="fl-c6"/>
      </object_component>
      <object_component id="oc-280">
         <name>.debug_line</name>
         <load_address>0x1c69</load_address>
         <run_address>0x1c69</run_address>
         <size>0x110</size>
         <input_file_ref idref="fl-c7"/>
      </object_component>
      <object_component id="oc-1df">
         <name>.debug_line</name>
         <load_address>0x1d79</load_address>
         <run_address>0x1d79</run_address>
         <size>0xa1</size>
         <input_file_ref idref="fl-c7"/>
      </object_component>
      <object_component id="oc-49">
         <name>.debug_line</name>
         <load_address>0x1e1a</load_address>
         <run_address>0x1e1a</run_address>
         <size>0x88</size>
         <input_file_ref idref="fl-c8"/>
      </object_component>
      <object_component id="oc-a4">
         <name>.debug_line</name>
         <load_address>0x1ea2</load_address>
         <run_address>0x1ea2</run_address>
         <size>0x79</size>
         <input_file_ref idref="fl-c9"/>
      </object_component>
      <object_component id="oc-e0">
         <name>.debug_line</name>
         <load_address>0x1f1b</load_address>
         <run_address>0x1f1b</run_address>
         <size>0x92</size>
         <input_file_ref idref="fl-ca"/>
      </object_component>
      <object_component id="oc-56">
         <name>.debug_line</name>
         <load_address>0x1fad</load_address>
         <run_address>0x1fad</run_address>
         <size>0x4c</size>
         <input_file_ref idref="fl-ca"/>
      </object_component>
      <object_component id="oc-9f">
         <name>.debug_line</name>
         <load_address>0x1ff9</load_address>
         <run_address>0x1ff9</run_address>
         <size>0x34</size>
         <input_file_ref idref="fl-ca"/>
      </object_component>
      <object_component id="oc-20b">
         <name>.debug_line</name>
         <load_address>0x202d</load_address>
         <run_address>0x202d</run_address>
         <size>0x102</size>
         <input_file_ref idref="fl-cd"/>
      </object_component>
      <object_component id="oc-209">
         <name>.debug_line</name>
         <load_address>0x212f</load_address>
         <run_address>0x212f</run_address>
         <size>0x2a</size>
         <input_file_ref idref="fl-cd"/>
      </object_component>
      <object_component id="oc-106">
         <name>.debug_line</name>
         <load_address>0x2159</load_address>
         <run_address>0x2159</run_address>
         <size>0x3c</size>
         <input_file_ref idref="fl-cd"/>
      </object_component>
      <object_component id="oc-10b">
         <name>.debug_line</name>
         <load_address>0x2195</load_address>
         <run_address>0x2195</run_address>
         <size>0x58</size>
         <input_file_ref idref="fl-cd"/>
      </object_component>
      <object_component id="oc-232">
         <name>.debug_line</name>
         <load_address>0x21ed</load_address>
         <run_address>0x21ed</run_address>
         <size>0x20</size>
         <input_file_ref idref="fl-ce"/>
      </object_component>
      <object_component id="oc-1ce">
         <name>.debug_line</name>
         <load_address>0x220d</load_address>
         <run_address>0x220d</run_address>
         <size>0x2b</size>
         <input_file_ref idref="fl-ce"/>
      </object_component>
      <object_component id="oc-1cb">
         <name>.debug_line</name>
         <load_address>0x2238</load_address>
         <run_address>0x2238</run_address>
         <size>0x3a</size>
         <input_file_ref idref="fl-ce"/>
      </object_component>
      <object_component id="oc-22f">
         <name>.debug_line</name>
         <load_address>0x2272</load_address>
         <run_address>0x2272</run_address>
         <size>0x2a</size>
         <input_file_ref idref="fl-cf"/>
      </object_component>
      <object_component id="oc-1c4">
         <name>.debug_line</name>
         <load_address>0x229c</load_address>
         <run_address>0x229c</run_address>
         <size>0x2a</size>
         <input_file_ref idref="fl-cf"/>
      </object_component>
      <object_component id="oc-1d2">
         <name>.debug_line</name>
         <load_address>0x22c6</load_address>
         <run_address>0x22c6</run_address>
         <size>0x2a</size>
         <input_file_ref idref="fl-cf"/>
      </object_component>
      <object_component id="oc-c1">
         <name>.debug_line</name>
         <load_address>0x22f0</load_address>
         <run_address>0x22f0</run_address>
         <size>0x10f</size>
         <input_file_ref idref="fl-d0"/>
      </object_component>
      <object_component id="oc-79">
         <name>.debug_line</name>
         <load_address>0x23ff</load_address>
         <run_address>0x23ff</run_address>
         <size>0x2c</size>
         <input_file_ref idref="fl-d0"/>
      </object_component>
      <object_component id="oc-223">
         <name>.debug_line</name>
         <load_address>0x242b</load_address>
         <run_address>0x242b</run_address>
         <size>0x2c</size>
         <input_file_ref idref="fl-d0"/>
      </object_component>
      <object_component id="oc-e8">
         <name>.debug_line</name>
         <load_address>0x2457</load_address>
         <run_address>0x2457</run_address>
         <size>0x41</size>
         <input_file_ref idref="fl-d0"/>
      </object_component>
      <object_component id="oc-1a5">
         <name>.debug_line</name>
         <load_address>0x2498</load_address>
         <run_address>0x2498</run_address>
         <size>0x50</size>
         <input_file_ref idref="fl-d0"/>
      </object_component>
      <object_component id="oc-1a8">
         <name>.debug_line</name>
         <load_address>0x24e8</load_address>
         <run_address>0x24e8</run_address>
         <size>0x55</size>
         <input_file_ref idref="fl-d0"/>
      </object_component>
      <object_component id="oc-1f5">
[...]
      </symbol>
      <symbol id="sm-14c">
         <name>O</name>
         <value>0x20002864</value>
         <object_component_ref idref="oc-17c"/>
      </symbol>
      <symbol id="sm-14d">
         <name>N</name>
         <value>0x200027e1</value>
         <object_component_ref idref="oc-17c"/>
      </symbol>
      <symbol id="sm-14e">
         <name>M</name>
         <value>0x2000275e</value>
         <object_component_ref idref="oc-17c"/>
      </symbol>
      <symbol id="sm-14f">
         <name>L</name>
         <value>0x200026db</value>
         <object_component_ref idref="oc-17c"/>
      </symbol>
      <symbol id="sm-150">
         <name>K</name>
         <value>0x20002658</value>
         <object_component_ref idref="oc-17c"/>
      </symbol>
      <symbol id="sm-151">
         <name>J</name>
         <value>0x200025d5</value>
         <object_component_ref idref="oc-17c"/>
      </symbol>
      <symbol id="sm-152">
         <name>I</name>
         <value>0x20002552</value>
         <object_component_ref idref="oc-17c"/>
      </symbol>
      <symbol id="sm-153">
         <name>H</name>
         <value>0x200024cf</value>
         <object_component_ref idref="oc-17c"/>
      </symbol>
      <symbol id="sm-154">
         <name>G</name>
         <value>0x2000244c</value>
         <object_component_ref idref="oc-17c"/>
      </symbol>
      <symbol id="sm-155">
         <name>F</name>
         <value>0x200023c9</value>
         <object_component_ref idref="oc-17c"/>
      </symbol>
      <symbol id="sm-156">
         <name>E</name>
         <value>0x20002346</value>
         <object_component_ref idref="oc-17c"/>
      </symbol>
      <symbol id="sm-157">
         <name>D</name>
         <value>0x200022c3</value>
         <object_component_ref idref="oc-17c"/>
      </symbol>
      <symbol id="sm-158">
         <name>C</name>
         <value>0x20002240</value>
         <object_component_ref idref="oc-17c"/>
      </symbol>
      <symbol id="sm-159">
         <name>A</name>
         <value>0x2000213a</value>
         <object_component_ref idref="oc-17c"/>
      </symbol>
      <symbol id="sm-15a">
         <name>ddr_arrow_right</name>
         <value>0x42b</value>
         <object_component_ref idref="oc-fc"/>
      </symbol>
      <symbol id="sm-15b">
         <name>Fo</name>
         <value>0x20003094</value>
         <object_component_ref idref="oc-17c"/>
      </symbol>
      <symbol id="sm-15c">
         <name>Fi</name>
         <value>0x20003117</value>
         <object_component_ref idref="oc-17c"/>
      </symbol>
      <symbol id="sm-15d">
         <name>good</name>
         <value>0x389</value>
         <object_component_ref idref="oc-fc"/>
      </symbol>
      <symbol id="sm-15e">
         <name>Ei</name>
         <value>0x200032a0</value>
         <object_component_ref idref="oc-17c"/>
      </symbol>
      <symbol id="sm-15f">
         <name>Be</name>
         <value>0x200021bd</value>
         <object_component_ref idref="oc-17c"/>
      </symbol>
      <symbol id="sm-160">
         <name>ddr_arrow_up</name>
         <value>0x419</value>
         <object_component_ref idref="oc-fc"/>
      </symbol>
      <symbol id="sm-161">
         <name>ddr_arrow_left</name>
         <value>0x44f</value>
         <object_component_ref idref="oc-fc"/>
      </symbol>
      <symbol id="sm-162">
         <name>perfect</name>
         <value>0x331</value>
         <object_component_ref idref="oc-fc"/>
      </symbol>
      <symbol id="sm-163">
         <name>loc</name>
         <value>0x20003c9f</value>
         <object_component_ref idref="oc-17c"/>
      </symbol>
      <symbol id="sm-164">
         <name>lab_7</name>
         <value>0x545</value>
         <object_component_ref idref="oc-fc"/>
      </symbol>
      <symbol id="sm-195">
         <name>int2string</name>
         <value>0x1e9f</value>
         <object_component_ref idref="oc-30"/>
      </symbol>
      <symbol id="sm-196">
         <name>read_character</name>
         <value>0x2041</value>
         <object_component_ref idref="oc-30"/>
      </symbol>
      <symbol id="sm-197">
         <name>Timer_Handler</name>
         <value>0x1d0d</value>
         <object_component_ref idref="oc-30"/>
      </symbol>
      <symbol id="sm-198">
         <name>output_string</name>
         <value>0x1eef</value>
         <object_component_ref idref="oc-30"/>
      </symbol>
      <symbol id="sm-199">
         <name>push_btn_interrupt_init</name>
         <value>0x1b31</value>
         <object_component_ref idref="oc-30"/>
      </symbol>
      <symbol id="sm-19a">
         <name>print_and_move_character</name>
         <value>0x20c3</value>
         <object_component_ref idref="oc-30"/>
      </symbol>
      <symbol id="sm-19b">
         <name>gpio_btn_and_LED_init</name>
         <value>0x1d41</value>
         <object_component_ref idref="oc-30"/>
      </symbol>
      <symbol id="sm-19c">
         <name>illuminate_RGB_LED</name>
         <value>0x1faf</value>
         <object_component_ref idref="oc-30"/>
      </symbol>
      <symbol id="sm-19d">
         <name>output_character</name>
         <value>0x1f27</value>
         <object_component_ref idref="oc-30"/>
      </symbol>
      <symbol id="sm-19e">
         <name>simple_read_character</name>
         <value>0x1e8d</value>
         <object_component_ref idref="oc-30"/>
      </symbol>
      <symbol id="sm-19f">
         <name>character_to_value</name>
         <value>0x20a9</value>
         <object_component_ref idref="oc-30"/>
      </symbol>
      <symbol id="sm-1a0">
         <name>Switch_Handler</name>
         <value>0x1cf1</value>
         <object_component_ref idref="oc-30"/>
      </symbol>
      <symbol id="sm-1a1">
         <name>uart_interrupt_init</name>
         <value>0x1b7b</value>
         <object_component_ref idref="oc-30"/>
      </symbol>
      <symbol id="sm-1a2">
         <name>timer_init</name>
         <value>0x1c1b</value>
         <object_component_ref idref="oc-30"/>
      </symbol>
      <symbol id="sm-1a3">
         <name>illuminate_LEDs</name>
         <value>0x2025</value>
         <object_component_ref idref="oc-30"/>
      </symbol>
      <symbol id="sm-1a4">
         <name>uart_init</name>
         <value>0x1db9</value>
         <object_component_ref idref="oc-30"/>
      </symbol>
      <symbol id="sm-1a5">
         <name>UART0_Handler</name>
         <value>0x1cab</value>
         <object_component_ref idref="oc-30"/>
      </symbol>
      <symbol id="sm-1a6">
         <name>gpio_interrupt_init</name>
         <value>0x1bb3</value>
         <object_component_ref idref="oc-30"/>
      </symbol>
      <symbol id="sm-1a7">
         <name>simple_int_to_string</name>
         <value>0x2065</value>
         <object_component_ref idref="oc-30"/>
      </symbol>
      <symbol id="sm-1a8">
         <name>read_alice_btns</name>
         <value>0x1f63</value>
         <object_component_ref idref="oc-30"/>
      </symbol>
      <symbol id="sm-1a9">
         <name>read_from_push_btns</name>
         <value>0x1f4b</value>
         <object_component_ref idref="oc-30"/>
      </symbol>
      <symbol id="sm-1aa">
         <name>push_btn_handler</name>
         <value>0x1d23</value>
         <object_component_ref idref="oc-30"/>
      </symbol>
      <symbol id="sm-1e4">
         <name>beatmap</name>
         <value>0x20004cb0</value>
      </symbol>
      <symbol id="sm-1e5">
         <name>main</name>
         <value>0x2861</value>
         <object_component_ref idref="oc-ae"/>
      </symbol>
      <symbol id="sm-201">
         <name>ResetISR</name>
         <value>0x30b9</value>
         <object_component_ref idref="oc-2a"/>
      </symbol>
      <symbol id="sm-202">
         <name>g_pfnVectors</name>
         <value>0x0</value>
         <object_component_ref idref="oc-12"/>
      </symbol>
      <symbol id="sm-227">
         <name>__TI_closefile</name>
         <value>0x2961</value>
         <object_component_ref idref="oc-174"/>
      </symbol>
      <symbol id="sm-228">
         <name>fclose</name>
         <value>0x2fb1</value>
         <object_component_ref idref="oc-f6"/>
      </symbol>
      <symbol id="sm-238">
         <name>__TI_doflush</name>
         <value>0x2c85</value>
         <object_component_ref idref="oc-1e2"/>
      </symbol>
      <symbol id="sm-284">
         <name>__TI_cleanup</name>
         <value>0x2ee5</value>
         <object_component_ref idref="oc-1bc"/>
      </symbol>
      <symbol id="sm-285">
         <name>fopen</name>
         <value>0x2725</value>
         <object_component_ref idref="oc-ea"/>
      </symbol>
      <symbol id="sm-2a6">
         <name>fread</name>
         <value>0x2315</value>
         <object_component_ref idref="oc-f0"/>
      </symbol>
      <symbol id="sm-2bf">
         <name>__TI_buff_read</name>
         <value>0x2689</value>
         <object_component_ref idref="oc-166"/>
      </symbol>
      <symbol id="sm-2d6">
         <name>__TI_rd_ok</name>
         <value>0x2cd1</value>
         <object_component_ref idref="oc-160"/>
      </symbol>
      <symbol id="sm-2f2">
         <name>setvbuf</name>
         <value>0x24f1</value>
         <object_component_ref idref="oc-1da"/>
      </symbol>
      <symbol id="sm-30d">
         <name>memcpy</name>
         <value>0x27c1</value>
         <object_component_ref idref="oc-48"/>
      </symbol>
      <symbol id="sm-30e">
         <name>__aeabi_memcpy</name>
         <value>0x27c1</value>
         <object_component_ref idref="oc-48"/>
      </symbol>
      <symbol id="sm-30f">
         <name>__aeabi_memcpy8</name>
         <value>0x27c1</value>
         <object_component_ref idref="oc-48"/>
      </symbol>
      <symbol id="sm-310">
         <name>__aeabi_memcpy4</name>
         <value>0x27c1</value>
         <object_component_ref idref="oc-48"/>
      </symbol>
      <symbol id="sm-31f">
         <name>__aeabi_memset</name>
         <value>0x28e9</value>
         <object_component_ref idref="oc-a2"/>
      </symbol>
      <symbol id="sm-320">
         <name>memset</name>
         <value>0x28ef</value>
         <object_component_ref idref="oc-a2"/>
      </symbol>
      <symbol id="sm-321">
         <name>__aeabi_memset8</name>
         <value>0x28e9</value>
         <object_component_ref idref="oc-a2"/>
      </symbol>
      <symbol id="sm-322">
         <name>__aeabi_memset4</name>
         <value>0x28e9</value>
         <object_component_ref idref="oc-a2"/>
      </symbol>
      <symbol id="sm-323">
         <name>__aeabi_memclr8</name>
         <value>0x28e7</value>
         <object_component_ref idref="oc-a2"/>
      </symbol>
      <symbol id="sm-324">
         <name>__aeabi_memclr4</name>
         <value>0x28e7</value>
         <object_component_ref idref="oc-a2"/>
      </symbol>
      <symbol id="sm-325">
         <name>__aeabi_memclr</name>
         <value>0x28e7</value>
         <object_component_ref idref="oc-a2"/>
      </symbol>
      <symbol id="sm-339">
         <name>__TI_zero_init_nomemset</name>
         <value>0x3081</value>
         <object_component_ref idref="oc-54"/>
      </symbol>
      <symbol id="sm-361">
         <name>C$$EXIT</name>
         <value>0x3131</value>
         <object_component_ref idref="oc-102"/>
      </symbol>
      <symbol id="sm-362">
         <name>abort</name>
         <value>0x3131</value>
         <object_component_ref idref="oc-102"/>
      </symbol>
      <symbol id="sm-363">
         <name>__TI_dtors_ptr</name>
         <value>0x20003e84</value>
         <object_component_ref idref="oc-184"/>
      </symbol>
      <symbol id="sm-364">
         <name>__TI_cleanup_ptr</name>
         <value>0x20003e80</value>
         <object_component_ref idref="oc-184"/>
      </symbol>
      <symbol id="sm-365">
         <name>__TI_enable_exit_profile_output</name>
         <value>0x20003e88</value>
         <object_component_ref idref="oc-184"/>
      </symbol>
      <symbol id="sm-366">
         <name>exit</name>
         <value>0x2d1d</value>
         <object_component_ref idref="oc-108"/>
      </symbol>
      <symbol id="sm-37b">
         <name>_nop</name>
         <value>0x2d1b</value>
         <object_component_ref idref="oc-1c7"/>
      </symbol>
      <symbol id="sm-37c">
         <name>_lock</name>
         <value>0x20003e8c</value>
         <object_component_ref idref="oc-158"/>
      </symbol>
      <symbol id="sm-37d">
         <name>_unlock</name>
         <value>0x20003e90</value>
         <object_component_ref idref="oc-158"/>
      </symbol>
      <symbol id="sm-392">
         <name>__TI_tmpnams</name>
         <value>0x20004c08</value>
      </symbol>
      <symbol id="sm-393">
         <name>__aeabi_stdout</name>
         <value>0x20003e78</value>
         <object_component_ref idref="oc-15b"/>
      </symbol>
      <symbol id="sm-394">
         <name>__aeabi_stderr</name>
         <value>0x20003e7c</value>
         <object_component_ref idref="oc-15b"/>
      </symbol>
      <symbol id="sm-395">
         <name>__aeabi_stdin</name>
         <value>0x20003e74</value>
         <object_component_ref idref="oc-15b"/>
      </symbol>
      <symbol id="sm-396">
         <name>_ftable</name>
         <value>0x20003cb8</value>
         <object_component_ref idref="oc-155"/>
      </symbol>
      <symbol id="sm-397">
         <name>__TI_ft_end</name>
         <value>0x20003e70</value>
         <object_component_ref idref="oc-15b"/>
      </symbol>
      <symbol id="sm-41b">
         <name>_sys_memory</name>
         <value>0x20003ee8</value>
         <object_component_ref idref="oc-24"/>
      </symbol>
      <symbol id="sm-41c">
         <name>free</name>
         <value>0x240d</value>
         <object_component_ref idref="oc-1f1"/>
      </symbol>
      <symbol id="sm-41d">
         <name>memalign</name>
         <value>0x2215</value>
         <object_component_ref idref="oc-147"/>
      </symbol>
      <symbol id="sm-41e">
         <name>malloc</name>
         <value>0x3129</value>
         <object_component_ref idref="oc-e3"/>
      </symbol>
      <symbol id="sm-41f">
         <name>aligned_alloc</name>
         <value>0x2215</value>
         <object_component_ref idref="oc-147"/>
      </symbol>
      <symbol id="sm-432">
         <name>__stack</name>
         <value>0x200046e8</value>
         <object_component_ref idref="oc-27"/>
      </symbol>
      <symbol id="sm-433">
         <name>_c_int00_noargs</name>
         <value>0x2f4d</value>
         <object_component_ref idref="oc-66"/>
      </symbol>
      <symbol id="sm-44d">
         <name>write</name>
         <value>0x3059</value>
         <object_component_ref idref="oc-23c"/>
      </symbol>
      <symbol id="sm-45e">
         <name>_stream</name>
         <value>0x20003e20</value>
         <object_component_ref idref="oc-1ea"/>
      </symbol>
      <symbol id="sm-45f">
         <name>_device</name>
         <value>0x20003da8</value>
         <object_component_ref idref="oc-246"/>
      </symbol>
      <symbol id="sm-470">
         <name>read</name>
         <value>0x3031</value>
         <object_component_ref idref="oc-16c"/>
      </symbol>
      <symbol id="sm-48d">
         <name>open</name>
         <value>0x25cd</value>
         <object_component_ref idref="oc-1b6"/>
      </symbol>
      <symbol id="sm-4a1">
         <name>close</name>
         <value>0x2b79</value>
         <object_component_ref idref="oc-1f7"/>
      </symbol>
      <symbol id="sm-4ca">
         <name>finddevice</name>
         <value>0x2f81</value>
         <object_component_ref idref="oc-275"/>
      </symbol>
      <symbol id="sm-4cb">
         <name>getdevice</name>
         <value>0x2e31</value>
         <object_component_ref idref="oc-224"/>
      </symbol>
      <symbol id="sm-4f3">
         <name>__TI_auto_init_nobinit_nopinit</name>
         <value>0x2ded</value>
         <object_component_ref idref="oc-10e"/>
      </symbol>
      <symbol id="sm-4fd">
         <name>_system_pre_init</name>
         <value>0x285d</value>
         <object_component_ref idref="oc-a8"/>
      </symbol>
      <symbol id="sm-50f">
         <name>strchr</name>
         <value>0x30eb</value>
         <object_component_ref idref="oc-269"/>
      </symbol>
      <symbol id="sm-51e">
         <name>strcmp</name>
         <value>0x30d3</value>
         <object_component_ref idref="oc-2c0"/>
      </symbol>
      <symbol id="sm-52e">
         <name>strncpy</name>
         <value>0x2ead</value>
         <object_component_ref idref="oc-26f"/>
      </symbol>
      <symbol id="sm-53e">
         <name>unlink</name>
         <value>0x2fdd</value>
         <object_component_ref idref="oc-1fd"/>
      </symbol>
      <symbol id="sm-54f">
         <name>HOSTclose</name>
         <value>0x2d65</value>
         <object_component_ref idref="oc-28b"/>
      </symbol>
      <symbol id="sm-560">
         <name>HOSTlseek</name>
         <value>0x2ab1</value>
         <object_component_ref idref="oc-29d"/>
      </symbol>
      <symbol id="sm-572">
         <name>parmbuf</name>
         <value>0x20004ca8</value>
      </symbol>
      <symbol id="sm-573">
         <name>HOSTopen</name>
         <value>0x2b19</value>
         <object_component_ref idref="oc-285"/>
      </symbol>
      <symbol id="sm-584">
         <name>HOSTread</name>
         <value>0x2bd5</value>
         <object_component_ref idref="oc-291"/>
      </symbol>
      <symbol id="sm-595">
         <name>HOSTrename</name>
         <value>0x2a45</value>
         <object_component_ref idref="oc-2a9"/>
      </symbol>
      <symbol id="sm-5a6">
         <name>HOSTunlink</name>
         <value>0x2da9</value>
         <object_component_ref idref="oc-2a3"/>
      </symbol>
      <symbol id="sm-5b7">
         <name>HOSTwrite</name>
         <value>0x2c2d</value>
         <object_component_ref idref="oc-297"/>
      </symbol>
      <symbol id="sm-5db">
         <name>__TI_readmsg</name>
         <value>0x2f19</value>
         <object_component_ref idref="oc-2dc"/>
      </symbol>
      <symbol id="sm-5dc">
         <name>C$$IO$$</name>
         <value>0x2ea3</value>
         <object_component_ref idref="oc-2d6"/>
      </symbol>
      <symbol id="sm-5dd">
         <name>__CIOBUF_</name>
         <value>0x20004ae8</value>
         <object_component_ref idref="oc-300"/>
      </symbol>
      <symbol id="sm-5de">
         <name>__TI_writemsg</name>
         <value>0x2e75</value>
         <object_component_ref idref="oc-2d6"/>
      </symbol>
      <symbol id="sm-5ed">
         <name>strcpy</name>
         <value>0x3101</value>
         <object_component_ref idref="oc-2f0"/>
      </symbol>
      <symbol id="sm-5fb">
         <name>strlen</name>
         <value>0x3115</value>
         <object_component_ref idref="oc-2d0"/>
      </symbol>
      <symbol id="sm-5fc">
         <name>__TI_static_base__</name>
         <value>0x0</value>
      </symbol>
      <symbol id="sm-600">
         <name>__mpu_init</name>
         <value>0x0</value>
      </symbol>
      <symbol id="sm-601">
         <name>_system_post_cinit</name>
         <value>0x0</value>
      </symbol>
      <symbol id="sm-602">
         <name>remove</name>
         <value>0x2fdd</value>
      </symbol>
   </symbol_table>
   <title>Link successful</title>
</link_info>
