******************************************************************************
                  TI ARM Linker PC v20.2.7                     
******************************************************************************
>> Linked Sat Apr 20 19:13:56 2024

OUTPUT FILE NAME:   <MaximumLab7.out>
ENTRY POINT SYMBOL: "_c_int00_noargs"  address: 00002f4d


MEMORY CONFIGURATION

         name            origin    length      used     unused   attr    fill
----------------------  --------  ---------  --------  --------  ----  --------
  FLASH                 00000000   00040000  0000314c  0003ceb4  R  X
  SRAM                  20000000   00008000  00004cb0  00003350  RW X


SEGMENT ALLOCATION MAP

run origin  load origin   length   init length attrs members
----------  ----------- ---------- ----------- ----- -------
00000000    00000000    00003154   00003154    r-x
  00000000    00000000    0000026c   0000026c    r-- .intvecs
  00000270    00000270    00002ecc   00002ecc    r-x .text
  00003140    00003140    00000014   00000014    r-- .cinit
20000000    20000000    00004cb4   00003ee4    rwx
  20000000    20000000    00003ee4   00003ee4    rwx .data
  20003ee8    20003ee8    00000800   00000000    rw- .sysmem
  200046e8    200046e8    00000400   00000000    rw- .stack
  20004ae8    20004ae8    000001cc   00000000    rw- .bss


SECTION ALLOCATION MAP

 output                                  attributes/
section   page    origin      length       input sections
--------  ----  ----------  ----------   ----------------
.intvecs   0    00000000    0000026c     
                  00000000    0000026c     tm4c123gh6pm_startup_ccs.obj (.intvecs)

.text      0    00000270    00002ecc     
                  00000270    00000f4a     lab_7.obj (.text)
                  000011ba    0000096a     lab7_ADClibrary.obj (.text)
                  00001b24    000005e0     lab_7_library.obj (.text)
                  00002104    00000110     rtsv7M4_T_le_v4SPD16_eabi.lib : fopen.c.obj (.text:_openfile)
                  00002214    00000100                                   : memory.c.obj (.text:aligned_alloc)
                  00002314    000000f8                                   : fread.c.obj (.text:fread)
                  0000240c    000000e4                                   : memory.c.obj (.text:free)
                  000024f0    000000dc                                   : setvbuf.c.obj (.text:setvbuf)
                  000025cc    000000bc                                   : open.c.obj (.text:open)
                  00002688    0000009c                                   : _bufread.c.obj (.text:__TI_buff_read)
                  00002724    0000009c                                   : fopen.c.obj (.text:fopen)
                  000027c0    0000009c                                   : memcpy_t2.asm.obj (.text)
                  0000285c    00000004                                   : pre_init.c.obj (.text:_system_pre_init)
                  00002860    00000086     main.obj (.text)
                  000028e6    0000007a     rtsv7M4_T_le_v4SPD16_eabi.lib : memset_t2.asm.obj (.text)
                  00002960    00000074                                   : fclose.c.obj (.text:__TI_closefile)
                  000029d4    00000070                                   : memory.c.obj (.text:split)
                  00002a44    0000006c                                   : hostrename.c.obj (.text:HOSTrename)
                  00002ab0    00000068                                   : hostlseek.c.obj (.text:HOSTlseek)
                  00002b18    00000060                                   : hostopen.c.obj (.text:HOSTopen)
                  00002b78    0000005c                                   : close.c.obj (.text:close)
                  00002bd4    00000058                                   : hostread.c.obj (.text:HOSTread)
                  00002c2c    00000058                                   : hostwrite.c.obj (.text:HOSTwrite)
                  00002c84    0000004c                                   : fflush.c.obj (.text:__TI_doflush)
                  00002cd0    0000004a                                   : _io_perm.c.obj (.text:__TI_rd_ok)
                  00002d1a    00000002                                   : _lock.c.obj (.text:_nop)
                  00002d1c    00000048                                   : exit.c.obj (.text:exit)
                  00002d64    00000044                                   : hostclose.c.obj (.text:HOSTclose)
                  00002da8    00000044                                   : hostunlink.c.obj (.text:HOSTunlink)
                  00002dec    00000044                                   : autoinit.c.obj (.text:__TI_auto_init_nobinit_nopinit:__TI_auto_init_nobinit_nopinit)
                  00002e30    00000044                                   : getdevice.c.obj (.text:getdevice)
                  00002e74    00000038                                   : trgmsg.c.obj (.text:__TI_writemsg)
                  00002eac    00000036                                   : strncpy.c.obj (.text:strncpy)
                  00002ee2    00000002     --HOLE-- [fill = 0]
                  00002ee4    00000034                                   : fopen.c.obj (.text:__TI_cleanup)
                  00002f18    00000034                                   : trgmsg.c.obj (.text:__TI_readmsg)
                  00002f4c    00000034                                   : boot_cortex_m.c.obj (.text:_c_int00_noargs:_c_int00_noargs)
                  00002f80    00000030                                   : getdevice.c.obj (.text:finddevice)
                  00002fb0    0000002c                                   : fclose.c.obj (.text:fclose)
                  00002fdc    0000002c                                   : unlink.c.obj (.text:unlink)
                  00003008    00000028                                   : memory.c.obj (.text:free_list_insert)
                  00003030    00000028                                   : read.c.obj (.text:read)
                  00003058    00000028                                   : write.c.obj (.text:write)
                  00003080    0000001c                                   : copy_zero_init.c.obj (.text:decompress:ZI:__TI_zero_init_nomemset:__TI_zero_init_nomemset)
                  0000309c    0000001c                                   : memory.c.obj (.text:free_list_remove)
                  000030b8    0000001a     tm4c123gh6pm_startup_ccs.obj (.text)
                  000030d2    00000018     rtsv7M4_T_le_v4SPD16_eabi.lib : strcmp.c.obj (.text:strcmp)
                  000030ea    00000016                                   : strchr.c.obj (.text:strchr)
                  00003100    00000014                                   : strcpy.c.obj (.text:strcpy)
                  00003114    00000014                                   : strlen.c.obj (.text:strlen)
                  00003128    00000008                                   : memory.c.obj (.text:malloc)
                  00003130    00000004                                   : exit.c.obj (.text:abort:abort)
                  00003134    00000008     GameLoop.obj (.tramp.Game_loop.1)

.cinit     0    00003140    00000014     
                  00003140    00000008     (.cinit..bss.load) [load image, compression = zero_init]
                  00003148    00000004     (__TI_handler_table)
                  0000314c    00000008     (__TI_cinit_table)

.init_array 
*          0    00000000    00000000     UNINITIALIZED

.data      0    20000000    00003ee4     
                  20000000    0000213a     GameLoop.obj (.data)
                  2000213a    00001b7c     lab_7.obj (.data)
                  20003cb6    00000002     --HOLE-- [fill = 0]
                  20003cb8    000000f0     rtsv7M4_T_le_v4SPD16_eabi.lib : defs.c.obj (.data:_ftable)
                  20003da8    00000078                                   : host_device.c.obj (.data:_device)
                  20003e20    00000050                                   : host_device.c.obj (.data:_stream)
                  20003e70    00000010                                   : defs.c.obj (.data)
                  20003e80    0000000c                                   : exit.c.obj (.data:$O1$$)
                  20003e8c    00000008                                   : _lock.c.obj (.data:$O1$$)
                  20003e94    00000008                                   : memory.c.obj (.data:$O1$$)
                  20003e9c    00000004                                   : fopen.c.obj (.data)
                  20003ea0    00000004                                   : open.c.obj (.data)
                  20003ea4    00000008     lab_7.obj (.tramp.miss.1)
                  20003eac    00000008     lab_7_library.obj (.tramp.character_to_value.1)
                  20003eb4    00000008     lab_7_library.obj (.tramp.simple_int_to_string.1)
                  20003ebc    00000008     lab_7.obj (.tramp.good.1)
                  20003ec4    00000008     lab_7.obj (.tramp.perfect.1)
                  20003ecc    00000008     lab_7_library.obj (.tramp.timer_init.1)
                  20003ed4    00000008     lab_7_library.obj (.tramp.output_character.1)
                  20003edc    00000008     lab_7_library.obj (.tramp.output_string.1)

.sysmem    0    20003ee8    00000800     UNINITIALIZED
                  20003ee8    00000010     rtsv7M4_T_le_v4SPD16_eabi.lib : memory.c.obj (.sysmem)
                  20003ef8    000007f0     --HOLE--

.stack     0    200046e8    00000400     UNINITIALIZED
                  200046e8    00000004     rtsv7M4_T_le_v4SPD16_eabi.lib : boot_cortex_m.c.obj (.stack)
                  200046ec    000003fc     --HOLE--

.bss       0    20004ae8    000001cc     UNINITIALIZED
                  20004ae8    00000120     rtsv7M4_T_le_v4SPD16_eabi.lib : trgmsg.c.obj (.bss:_CIOBUF_)
                  20004c08    000000a0     (.common:__TI_tmpnams)
                  20004ca8    00000008     (.common:parmbuf)
                  20004cb0    00000004     (.common:beatmap)

__llvm_prf_cnts 
*          0    20000000    00000000     UNINITIALIZED

MODULE SUMMARY

       Module                         code    ro data   rw data
       ------                         ----    -------   -------
    .\
       lab_7.obj                      3938    0         7036   
       GameLoop.obj                   8514    0         0      
       lab7_ADClibrary.obj            2410    0         0      
       lab_7_library.obj              1544    0         0      
       tm4c123gh6pm_startup_ccs.obj   26      620       0      
       main.obj                       134     0         4      
    +--+------------------------------+-------+---------+---------+
       Total:                         16566   620       7040   
                                                               
    C:\ti\ccs1220\ccs\tools\compiler\ti-cgt-arm_20.2.7.LTS\lib\rtsv7M4_T_le_v4SPD16_eabi.lib
       memory.c.obj                   672     0         8      
       fopen.c.obj                    480     0         4      
       defs.c.obj                     0       0         416    
       trgmsg.c.obj                   108     0         288    
       fread.c.obj                    248     0         0      
       setvbuf.c.obj                  220     0         0      
       host_device.c.obj              0       0         200    
       open.c.obj                     188     0         4      
       fclose.c.obj                   160     0         0      
       _bufread.c.obj                 156     0         0      
       memcpy_t2.asm.obj              156     0         0      
       memset_t2.asm.obj              122     0         0      
       getdevice.c.obj                116     0         0      
       hostrename.c.obj               108     0         0      
       hostlseek.c.obj                104     0         0      
       hostopen.c.obj                 96      0         8      
       close.c.obj                    92      0         0      
       exit.c.obj                     76      0         12     
       hostread.c.obj                 88      0         0      
       hostwrite.c.obj                88      0         0      
       fflush.c.obj                   76      0         0      
       _io_perm.c.obj                 74      0         0      
       autoinit.c.obj                 68      0         0      
       hostclose.c.obj                68      0         0      
       hostunlink.c.obj               68      0         0      
       strncpy.c.obj                  54      0         0      
       boot_cortex_m.c.obj            52      0         0      
       unlink.c.obj                   44      0         0      
       read.c.obj                     40      0         0      
       write.c.obj                    40      0         0      
       copy_zero_init.c.obj           28      0         0      
       strcmp.c.obj                   24      0         0      
       strchr.c.obj                   22      0         0      
       strcpy.c.obj                   20      0         0      
       strlen.c.obj                   20      0         0      
       _lock.c.obj                    2       0         8      
       pre_init.c.obj                 4       0         0      
    +--+------------------------------+-------+---------+---------+
       Total:                         3982    0         948    
                                                               
       Heap:                          0       0         2048   
       Stack:                         0       0         1024   
       Linker Generated:              0       20        0      
    +--+------------------------------+-------+---------+---------+
       Grand Total:                   20548   640       11060  


LINKER GENERATED COPY TABLES

__TI_cinit_table @ 0000314c records: 1, size/record: 8, table size: 8
	.bss: load addr=00003140, load size=00000008 bytes, run addr=20004ae8, run size=000001cc bytes, compression=zero_init


LINKER GENERATED HANDLER TABLE

__TI_handler_table @ 00003148 records: 1, size/record: 4, table size: 4
	index: 0, handler: __TI_zero_init


FAR CALL TRAMPOLINES

callee name               trampoline name
   callee addr  tramp addr   call addr  call info
--------------  -----------  ---------  ----------------
Game_loop                 $Tramp$TT$L$PI$$Game_loop
   20001b05     00003134     000011b0   lab_7.obj (.text)
miss                      $Tramp$TT$L$PI$$miss
   000003d1     20003ea4     20001fb2   GameLoop.obj (.data)
                             2000201a   GameLoop.obj (.data)
                             20002082   GameLoop.obj (.data)
                             200020ea   GameLoop.obj (.data)
character_to_value        $Tramp$TT$L$PI$$character_to_value
   000020a9     20003eac     20001f8e   GameLoop.obj (.data)
simple_int_to_string      $Tramp$TT$L$PI$$simple_int_to_string
   00002065     20003eb4     20001c06   GameLoop.obj (.data)
                             20001ca4   GameLoop.obj (.data)
                             20001d40   GameLoop.obj (.data)
                             20001dda   GameLoop.obj (.data)
                             20001e6a   GameLoop.obj (.data)
                             20001eb2   GameLoop.obj (.data)
                             20001efa   GameLoop.obj (.data)
                             20001f42   GameLoop.obj (.data)
good                      $Tramp$TT$L$PI$$good
   00000389     20003ebc     20001bf6   GameLoop.obj (.data)
                             20001c94   GameLoop.obj (.data)
                             20001d30   GameLoop.obj (.data)
                             20001dca   GameLoop.obj (.data)
perfect                   $Tramp$TT$L$PI$$perfect
   00000331     20003ec4     20001bf0   GameLoop.obj (.data)
                             20001c8e   GameLoop.obj (.data)
                             20001d2a   GameLoop.obj (.data)
                             20001dc4   GameLoop.obj (.data)
timer_init                $Tramp$TT$L$PI$$timer_init
   00001c1b     20003ecc     20001b50   GameLoop.obj (.data)
output_character          $Tramp$TT$L$PI$$output_character
   00001f27     20003ed4     20001b12   GameLoop.obj (.data)
                             20001b1a   GameLoop.obj (.data)
                             20001b22   GameLoop.obj (.data)
output_string             $Tramp$TT$L$PI$$output_string
   00001eef     20003edc     20001b0a   GameLoop.obj (.data)
                             20001b58   GameLoop.obj (.data)
                             20001b60   GameLoop.obj (.data)
                             20001b68   GameLoop.obj (.data)
                             20001b70   GameLoop.obj (.data)
                             20001b78   GameLoop.obj (.data)
                             20001b80   GameLoop.obj (.data)
                             20001b88   GameLoop.obj (.data)
                             20001b90   GameLoop.obj (.data)
                             20001b98   GameLoop.obj (.data)
                             20001bc4   GameLoop.obj (.data)
                             20001bcc   GameLoop.obj (.data)
                             20001c1e   GameLoop.obj (.data)
                             20001c26   GameLoop.obj (.data)
                             20001c62   GameLoop.obj (.data)
                             20001c6a   GameLoop.obj (.data)
                             20001cbc   GameLoop.obj (.data)
                             20001cc4   GameLoop.obj (.data)
                             20001d00   GameLoop.obj (.data)
                             20001d08   GameLoop.obj (.data)
                             20001d58   GameLoop.obj (.data)
                             20001d60   GameLoop.obj (.data)
                             20001d9c   GameLoop.obj (.data)
                             20001da4   GameLoop.obj (.data)
                             20001df2   GameLoop.obj (.data)
                             20001dfa   GameLoop.obj (.data)
                             20001e40   GameLoop.obj (.data)
                             20001e48   GameLoop.obj (.data)
                             20001e50   GameLoop.obj (.data)
                             20001e82   GameLoop.obj (.data)
                             20001e8a   GameLoop.obj (.data)
                             20001eca   GameLoop.obj (.data)
                             20001ed2   GameLoop.obj (.data)
                             20001f12   GameLoop.obj (.data)
                             20001f1a   GameLoop.obj (.data)
                             20001f5a   GameLoop.obj (.data)
                             20001f62   GameLoop.obj (.data)

[9 trampolines]
[63 trampoline calls]


GLOBAL SYMBOLS: SORTED ALPHABETICALLY BY Name 

address   name                           
-------   ----                           
2000213a  A                              
200021bd  Be                             
20002240  C                              
00003131  C$$EXIT                        
00002ea3  C$$IO$$                        
200022c3  D                              
20002346  E                              
200032a0  Ei                             
200023c9  F                              
20003117  Fi                             
20003094  Fo                             
2000244c  G                              
20001b05  Game_loop                      
200024cf  H                              
00002d65  HOSTclose                      
00002ab1  HOSTlseek                      
00002b19  HOSTopen                       
00002bd5  HOSTread                       
00002a45  HOSTrename                     
00002da9  HOSTunlink                     
00002c2d  HOSTwrite                      
20002552  I                              
200025d5  J                              
20002658  K                              
200026db  L                              
2000275e  M                              
200027e1  N                              
20003323  Ni                             
20002864  O                              
20002f0b  On                             
200028e7  P                              
000011bb  PotHandler                     
2000296a  Q                              
200029ed  R                              
000030b9  ResetISR                       
20002a70  S                              
2000321d  Se                             
2000319a  Si                             
00001cf1  Switch_Handler                 
20002af3  T                              
20003011  Th                             
00001d0d  Timer_Handler                  
000011db  TopHandler                     
20002f8e  Tw                             
20002b76  U                              
00001cab  UART0_Handler                  
20002bf9  V                              
20002c7c  W                              
20002cff  X                              
20002d82  Y                              
20002e05  Z                              
20002e88  Ze                             
20004ae8  __CIOBUF_                      
20004ae8  __STACK_END                    
00000400  __STACK_SIZE                   
200048e8  __STACK_TOP                    
00000800  __SYSMEM_SIZE                  
0000314c  __TI_CINIT_Base                
00003154  __TI_CINIT_Limit               
00003148  __TI_Handler_Table_Base        
0000314c  __TI_Handler_Table_Limit       
00002ded  __TI_auto_init_nobinit_nopinit 
00002689  __TI_buff_read                 
00002ee5  __TI_cleanup                   
20003e80  __TI_cleanup_ptr               
00002961  __TI_closefile                 
00002c85  __TI_doflush                   
20003e84  __TI_dtors_ptr                 
20003e88  __TI_enable_exit_profile_output
20003e70  __TI_ft_end                    
ffffffff  __TI_pprof_out_hndl            
ffffffff  __TI_prof_data_size            
ffffffff  __TI_prof_data_start           
00002cd1  __TI_rd_ok                     
00002f19  __TI_readmsg                   
00000000  __TI_static_base__             
20004c08  __TI_tmpnams                   
00002e75  __TI_writemsg                  
00003081  __TI_zero_init_nomemset        
000028e7  __aeabi_memclr                 
000028e7  __aeabi_memclr4                
000028e7  __aeabi_memclr8                
000027c1  __aeabi_memcpy                 
000027c1  __aeabi_memcpy4                
000027c1  __aeabi_memcpy8                
000028e9  __aeabi_memset                 
000028e9  __aeabi_memset4                
000028e9  __aeabi_memset8                
20003e7c  __aeabi_stderr                 
20003e74  __aeabi_stdin                  
20003e78  __aeabi_stdout                 
ffffffff  __binit__                      
ffffffff  __c_args__                     
UNDEFED   __mpu_init                     
200046e8  __stack                        
20000000  __start___llvm_prf_cnts        
20000000  __stop___llvm_prf_cnts         
00002f4d  _c_int00_noargs                
20003da8  _device                        
20003cb8  _ftable                        
20003e8c  _lock                          
00002d1b  _nop                           
20003e20  _stream                        
20003ee8  _sys_memory                    
UNDEFED   _system_post_cinit             
0000285d  _system_pre_init               
20003e90  _unlock                        
00003131  abort                          
00001209  adc0_init                      
000014cf  adc1_init                      
00002215  aligned_alloc                  
20004cb0  beatmap                        
ffffffff  binit                          
20001a16  border_down                    
200019fc  border_left                    
20001a23  border_right                   
20001a09  border_up                      
000020a9  character_to_value             
2000190f  clear_screen                   
00002b79  close                          
0000043d  ddr_arrow_down                 
0000044f  ddr_arrow_left                 
0000042b  ddr_arrow_right                
00000419  ddr_arrow_up                   
2000020e  down_arrow_b                   
2000097b  down_border_w                  
20001339  down_border_y                  
00002d1d  exit                           
00002fb1  fclose                         
00002f81  finddevice                     
00002725  fopen                          
00002315  fread                          
0000240d  free                           
00000000  g_pfnVectors                   
00002e31  getdevice                      
00000389  good                           
00001d41  gpio_btn_and_LED_init          
00001bb3  gpio_interrupt_init            
00002025  illuminate_LEDs                
00001faf  illuminate_RGB_LED             
00001e9f  int2string                     
00000545  lab_7                          
20000382  left_arrow_b                   
2000049b  left_border_w                  
20000e59  left_border_y                  
20003c9f  loc                            
00002861  main                           
00003129  malloc                         
00002215  memalign                       
000027c1  memcpy                         
000028ef  memset                         
000003d1  miss                           
20001a74  offend1                        
20001a75  offend2                        
20001a76  offend3                        
20001a77  offend4                        
20001a70  offset1                        
20001a71  offset2                        
20001a72  offset3                        
20001a73  offset4                        
000025cd  open                           
00001f27  output_character               
00001eef  output_string                  
20004ca8  parmbuf                        
00000331  perfect                        
20001a30  place1                         
20001a40  place2                         
20001a50  place3                         
20001a60  place4                         
000011f3  poll                           
000020c3  print_and_move_character       
00001d23  push_btn_handler               
00001b31  push_btn_interrupt_init        
00003031  read                           
00001f63  read_alice_btns                
00002041  read_character                 
00001f4b  read_from_push_btns            
00002fdd  remove                         
20000152  right_arrow_b                  
20000c4e  right_border_w                 
2000160c  right_border_y                 
200019a8  row1                           
200019bd  row2                           
200019d2  row3                           
200019e7  row4                           
000024f1  setvbuf                        
00002065  simple_int_to_string           
00001e8d  simple_read_character          
00001799  small_adc0_init                
000018eb  small_adc1_init                
000030eb  strchr                         
000030d3  strcmp                         
00003101  strcpy                         
00003115  strlen                         
00002ead  strncpy                        
00001c1b  timer_init                     
00001db9  uart_init                      
00001b7b  uart_interrupt_init            
00002fdd  unlink                         
20000000  up_arrow_b                     
200006a8  up_border_w                    
20001066  up_border_y                    
00003059  write                          


GLOBAL SYMBOLS: SORTED BY Symbol Address 

address   name                           
-------   ----                           
00000000  __TI_static_base__             
00000000  g_pfnVectors                   
00000331  perfect                        
00000389  good                           
000003d1  miss                           
00000400  __STACK_SIZE                   
00000419  ddr_arrow_up                   
0000042b  ddr_arrow_right                
0000043d  ddr_arrow_down                 
0000044f  ddr_arrow_left                 
00000545  lab_7                          
00000800  __SYSMEM_SIZE                  
000011bb  PotHandler                     
000011db  TopHandler                     
000011f3  poll                           
00001209  adc0_init                      
000014cf  adc1_init                      
00001799  small_adc0_init                
000018eb  small_adc1_init                
00001b31  push_btn_interrupt_init        
00001b7b  uart_interrupt_init            
00001bb3  gpio_interrupt_init            
00001c1b  timer_init                     
00001cab  UART0_Handler                  
00001cf1  Switch_Handler                 
00001d0d  Timer_Handler                  
00001d23  push_btn_handler               
00001d41  gpio_btn_and_LED_init          
00001db9  uart_init                      
00001e8d  simple_read_character          
00001e9f  int2string                     
00001eef  output_string                  
00001f27  output_character               
00001f4b  read_from_push_btns            
00001f63  read_alice_btns                
00001faf  illuminate_RGB_LED             
00002025  illuminate_LEDs                
00002041  read_character                 
00002065  simple_int_to_string           
000020a9  character_to_value             
000020c3  print_and_move_character       
00002215  aligned_alloc                  
00002215  memalign                       
00002315  fread                          
0000240d  free                           
000024f1  setvbuf                        
000025cd  open                           
00002689  __TI_buff_read                 
00002725  fopen                          
000027c1  __aeabi_memcpy                 
000027c1  __aeabi_memcpy4                
000027c1  __aeabi_memcpy8                
000027c1  memcpy                         
0000285d  _system_pre_init               
00002861  main                           
000028e7  __aeabi_memclr                 
000028e7  __aeabi_memclr4                
000028e7  __aeabi_memclr8                
000028e9  __aeabi_memset                 
000028e9  __aeabi_memset4                
000028e9  __aeabi_memset8                
000028ef  memset                         
00002961  __TI_closefile                 
00002a45  HOSTrename                     
00002ab1  HOSTlseek                      
00002b19  HOSTopen                       
00002b79  close                          
00002bd5  HOSTread                       
00002c2d  HOSTwrite                      
00002c85  __TI_doflush                   
00002cd1  __TI_rd_ok                     
00002d1b  _nop                           
00002d1d  exit                           
00002d65  HOSTclose                      
00002da9  HOSTunlink                     
00002ded  __TI_auto_init_nobinit_nopinit 
00002e31  getdevice                      
00002e75  __TI_writemsg                  
00002ea3  C$$IO$$                        
00002ead  strncpy                        
00002ee5  __TI_cleanup                   
00002f19  __TI_readmsg                   
00002f4d  _c_int00_noargs                
00002f81  finddevice                     
00002fb1  fclose                         
00002fdd  remove                         
00002fdd  unlink                         
00003031  read                           
00003059  write                          
00003081  __TI_zero_init_nomemset        
000030b9  ResetISR                       
000030d3  strcmp                         
000030eb  strchr                         
00003101  strcpy                         
00003115  strlen                         
00003129  malloc                         
00003131  C$$EXIT                        
00003131  abort                          
00003148  __TI_Handler_Table_Base        
0000314c  __TI_CINIT_Base                
0000314c  __TI_Handler_Table_Limit       
00003154  __TI_CINIT_Limit               
20000000  __start___llvm_prf_cnts        
20000000  __stop___llvm_prf_cnts         
20000000  up_arrow_b                     
20000152  right_arrow_b                  
2000020e  down_arrow_b                   
20000382  left_arrow_b                   
2000049b  left_border_w                  
200006a8  up_border_w                    
2000097b  down_border_w                  
20000c4e  right_border_w                 
20000e59  left_border_y                  
20001066  up_border_y                    
20001339  down_border_y                  
2000160c  right_border_y                 
2000190f  clear_screen                   
200019a8  row1                           
200019bd  row2                           
200019d2  row3                           
200019e7  row4                           
200019fc  border_left                    
20001a09  border_up                      
20001a16  border_down                    
20001a23  border_right                   
20001a30  place1                         
20001a40  place2                         
20001a50  place3                         
20001a60  place4                         
20001a70  offset1                        
20001a71  offset2                        
20001a72  offset3                        
20001a73  offset4                        
20001a74  offend1                        
20001a75  offend2                        
20001a76  offend3                        
20001a77  offend4                        
20001b05  Game_loop                      
2000213a  A                              
200021bd  Be                             
20002240  C                              
200022c3  D                              
20002346  E                              
200023c9  F                              
2000244c  G                              
200024cf  H                              
20002552  I                              
200025d5  J                              
20002658  K                              
200026db  L                              
2000275e  M                              
200027e1  N                              
20002864  O                              
200028e7  P                              
2000296a  Q                              
200029ed  R                              
20002a70  S                              
20002af3  T                              
20002b76  U                              
20002bf9  V                              
20002c7c  W                              
20002cff  X                              
20002d82  Y                              
20002e05  Z                              
20002e88  Ze                             
20002f0b  On                             
20002f8e  Tw                             
20003011  Th                             
20003094  Fo                             
20003117  Fi                             
2000319a  Si                             
2000321d  Se                             
200032a0  Ei                             
20003323  Ni                             
20003c9f  loc                            
20003cb8  _ftable                        
20003da8  _device                        
20003e20  _stream                        
20003e70  __TI_ft_end                    
20003e74  __aeabi_stdin                  
20003e78  __aeabi_stdout                 
20003e7c  __aeabi_stderr                 
20003e80  __TI_cleanup_ptr               
20003e84  __TI_dtors_ptr                 
20003e88  __TI_enable_exit_profile_output
20003e8c  _lock                          
20003e90  _unlock                        
20003ee8  _sys_memory                    
200046e8  __stack                        
200048e8  __STACK_TOP                    
20004ae8  __CIOBUF_                      
20004ae8  __STACK_END                    
20004c08  __TI_tmpnams                   
20004ca8  parmbuf                        
20004cb0  beatmap                        
ffffffff  __TI_pprof_out_hndl            
ffffffff  __TI_prof_data_size            
ffffffff  __TI_prof_data_start           
ffffffff  __binit__                      
ffffffff  __c_args__                     
ffffffff  binit                          
UNDEFED   __mpu_init                     
UNDEFED   _system_post_cinit             

[203 symbols]
