<?xml version="1.0" encoding="ISO-8859-1" ?>
<link_info>
   <banner>TI ARM Linker PC v20.2.7.LTS</banner>
   <copyright>Copyright (c) 1996-2018 Texas Instruments Incorporated</copyright>
   <link_time>0x66072b77</link_time>
   <link_errors>0x0</link_errors>
   <output_file>MinimalLab7.out</output_file>
   <entry_point>
      <name>_c_int00_noargs</name>
      <address>0x1a85</address>
   </entry_point>
   <input_file_list>
      <input_file id="fl-2">
         <path>.\</path>
         <kind>object</kind>
         <file>lab_7.obj</file>
         <name>lab_7.obj</name>
      </input_file>
      <input_file id="fl-3">
         <path>.\</path>
         <kind>object</kind>
         <file>lab_7_library.obj</file>
         <name>lab_7_library.obj</name>
      </input_file>
      <input_file id="fl-4">
         <path>.\</path>
         <kind>object</kind>
         <file>main.obj</file>
         <name>main.obj</name>
      </input_file>
      <input_file id="fl-5">
         <path>.\</path>
         <kind>object</kind>
         <file>tm4c123gh6pm_startup_ccs.obj</file>
         <name>tm4c123gh6pm_startup_ccs.obj</name>
      </input_file>
      <input_file id="fl-9">
         <kind>object</kind>
         <file>&lt;internal&gt;</file>
         <name>&lt;internal&gt;</name>
      </input_file>
      <input_file id="fl-bf">
         <path>C:\ti\ccs1220\ccs\tools\compiler\ti-cgt-arm_20.2.7.LTS\lib\</path>
         <kind>archive</kind>
         <file>rtsv7M4_T_le_v4SPD16_eabi.lib</file>
         <name>fclose.c.obj</name>
      </input_file>
      <input_file id="fl-c0">
         <path>C:\ti\ccs1220\ccs\tools\compiler\ti-cgt-arm_20.2.7.LTS\lib\</path>
         <kind>archive</kind>
         <file>rtsv7M4_T_le_v4SPD16_eabi.lib</file>
         <name>fflush.c.obj</name>
      </input_file>
      <input_file id="fl-c1">
         <path>C:\ti\ccs1220\ccs\tools\compiler\ti-cgt-arm_20.2.7.LTS\lib\</path>
         <kind>archive</kind>
         <file>rtsv7M4_T_le_v4SPD16_eabi.lib</file>
         <name>fopen.c.obj</name>
      </input_file>
      <input_file id="fl-c2">
         <path>C:\ti\ccs1220\ccs\tools\compiler\ti-cgt-arm_20.2.7.LTS\lib\</path>
         <kind>archive</kind>
         <file>rtsv7M4_T_le_v4SPD16_eabi.lib</file>
         <name>fread.c.obj</name>
      </input_file>
      <input_file id="fl-c3">
         <path>C:\ti\ccs1220\ccs\tools\compiler\ti-cgt-arm_20.2.7.LTS\lib\</path>
         <kind>archive</kind>
         <file>rtsv7M4_T_le_v4SPD16_eabi.lib</file>
         <name>_bufread.c.obj</name>
      </input_file>
      <input_file id="fl-c4">
         <path>C:\ti\ccs1220\ccs\tools\compiler\ti-cgt-arm_20.2.7.LTS\lib\</path>
         <kind>archive</kind>
         <file>rtsv7M4_T_le_v4SPD16_eabi.lib</file>
         <name>_io_perm.c.obj</name>
      </input_file>
      <input_file id="fl-c5">
         <path>C:\ti\ccs1220\ccs\tools\compiler\ti-cgt-arm_20.2.7.LTS\lib\</path>
         <kind>archive</kind>
         <file>rtsv7M4_T_le_v4SPD16_eabi.lib</file>
         <name>setvbuf.c.obj</name>
      </input_file>
      <input_file id="fl-c6">
         <path>C:\ti\ccs1220\ccs\tools\compiler\ti-cgt-arm_20.2.7.LTS\lib\</path>
         <kind>archive</kind>
         <file>rtsv7M4_T_le_v4SPD16_eabi.lib</file>
         <name>memcpy_t2.asm.obj</name>
      </input_file>
      <input_file id="fl-c7">
         <path>C:\ti\ccs1220\ccs\tools\compiler\ti-cgt-arm_20.2.7.LTS\lib\</path>
         <kind>archive</kind>
         <file>rtsv7M4_T_le_v4SPD16_eabi.lib</file>
         <name>memset_t2.asm.obj</name>
      </input_file>
      <input_file id="fl-c8">
         <path>C:\ti\ccs1220\ccs\tools\compiler\ti-cgt-arm_20.2.7.LTS\lib\</path>
         <kind>archive</kind>
         <file>rtsv7M4_T_le_v4SPD16_eabi.lib</file>
         <name>copy_zero_init.c.obj</name>
      </input_file>
      <input_file id="fl-c9">
         <path>C:\ti\ccs1220\ccs\tools\compiler\ti-cgt-arm_20.2.7.LTS\lib\</path>
         <kind>archive</kind>
         <file>rtsv7M4_T_le_v4SPD16_eabi.lib</file>
         <name>copy_decompress_none.c.obj</name>
      </input_file>
      <input_file id="fl-ca">
         <path>C:\ti\ccs1220\ccs\tools\compiler\ti-cgt-arm_20.2.7.LTS\lib\</path>
         <kind>archive</kind>
         <file>rtsv7M4_T_le_v4SPD16_eabi.lib</file>
         <name>copy_decompress_lzss.c.obj</name>
      </input_file>
      <input_file id="fl-cb">
         <path>C:\ti\ccs1220\ccs\tools\compiler\ti-cgt-arm_20.2.7.LTS\lib\</path>
         <kind>archive</kind>
         <file>rtsv7M4_T_le_v4SPD16_eabi.lib</file>
         <name>exit.c.obj</name>
      </input_file>
      <input_file id="fl-cc">
         <path>C:\ti\ccs1220\ccs\tools\compiler\ti-cgt-arm_20.2.7.LTS\lib\</path>
         <kind>archive</kind>
         <file>rtsv7M4_T_le_v4SPD16_eabi.lib</file>
         <name>_lock.c.obj</name>
      </input_file>
      <input_file id="fl-cd">
         <path>C:\ti\ccs1220\ccs\tools\compiler\ti-cgt-arm_20.2.7.LTS\lib\</path>
         <kind>archive</kind>
         <file>rtsv7M4_T_le_v4SPD16_eabi.lib</file>
         <name>defs.c.obj</name>
      </input_file>
      <input_file id="fl-ce">
         <path>C:\ti\ccs1220\ccs\tools\compiler\ti-cgt-arm_20.2.7.LTS\lib\</path>
         <kind>archive</kind>
         <file>rtsv7M4_T_le_v4SPD16_eabi.lib</file>
         <name>memory.c.obj</name>
      </input_file>
      <input_file id="fl-cf">
         <path>C:\ti\ccs1220\ccs\tools\compiler\ti-cgt-arm_20.2.7.LTS\lib\</path>
         <kind>archive</kind>
         <file>rtsv7M4_T_le_v4SPD16_eabi.lib</file>
         <name>boot_cortex_m.c.obj</name>
      </input_file>
      <input_file id="fl-d0">
         <path>C:\ti\ccs1220\ccs\tools\compiler\ti-cgt-arm_20.2.7.LTS\lib\</path>
         <kind>archive</kind>
         <file>rtsv7M4_T_le_v4SPD16_eabi.lib</file>
         <name>write.c.obj</name>
      </input_file>
      <input_file id="fl-d1">
         <path>C:\ti\ccs1220\ccs\tools\compiler\ti-cgt-arm_20.2.7.LTS\lib\</path>
         <kind>archive</kind>
         <file>rtsv7M4_T_le_v4SPD16_eabi.lib</file>
         <name>host_device.c.obj</name>
      </input_file>
      <input_file id="fl-d2">
         <path>C:\ti\ccs1220\ccs\tools\compiler\ti-cgt-arm_20.2.7.LTS\lib\</path>
         <kind>archive</kind>
         <file>rtsv7M4_T_le_v4SPD16_eabi.lib</file>
         <name>remove.c.obj</name>
      </input_file>
      <input_file id="fl-d3">
         <path>C:\ti\ccs1220\ccs\tools\compiler\ti-cgt-arm_20.2.7.LTS\lib\</path>
         <kind>archive</kind>
         <file>rtsv7M4_T_le_v4SPD16_eabi.lib</file>
         <name>read.c.obj</name>
      </input_file>
      <input_file id="fl-d4">
         <path>C:\ti\ccs1220\ccs\tools\compiler\ti-cgt-arm_20.2.7.LTS\lib\</path>
         <kind>archive</kind>
         <file>rtsv7M4_T_le_v4SPD16_eabi.lib</file>
         <name>open.c.obj</name>
      </input_file>
      <input_file id="fl-d5">
         <path>C:\ti\ccs1220\ccs\tools\compiler\ti-cgt-arm_20.2.7.LTS\lib\</path>
         <kind>archive</kind>
         <file>rtsv7M4_T_le_v4SPD16_eabi.lib</file>
         <name>close.c.obj</name>
      </input_file>
      <input_file id="fl-d6">
         <path>C:\ti\ccs1220\ccs\tools\compiler\ti-cgt-arm_20.2.7.LTS\lib\</path>
         <kind>archive</kind>
         <file>rtsv7M4_T_le_v4SPD16_eabi.lib</file>
         <name>fseek.c.obj</name>
      </input_file>
      <input_file id="fl-d7">
         <path>C:\ti\ccs1220\ccs\tools\compiler\ti-cgt-arm_20.2.7.LTS\lib\</path>
         <kind>archive</kind>
         <file>rtsv7M4_T_le_v4SPD16_eabi.lib</file>
         <name>getdevice.c.obj</name>
      </input_file>
      <input_file id="fl-d8">
         <path>C:\ti\ccs1220\ccs\tools\compiler\ti-cgt-arm_20.2.7.LTS\lib\</path>
         <kind>archive</kind>
         <file>rtsv7M4_T_le_v4SPD16_eabi.lib</file>
         <name>autoinit.c.obj</name>
      </input_file>
      <input_file id="fl-d9">
         <path>C:\ti\ccs1220\ccs\tools\compiler\ti-cgt-arm_20.2.7.LTS\lib\</path>
         <kind>archive</kind>
         <file>rtsv7M4_T_le_v4SPD16_eabi.lib</file>
         <name>pre_init.c.obj</name>
      </input_file>
      <input_file id="fl-da">
         <path>C:\ti\ccs1220\ccs\tools\compiler\ti-cgt-arm_20.2.7.LTS\lib\</path>
         <kind>archive</kind>
         <file>rtsv7M4_T_le_v4SPD16_eabi.lib</file>
         <name>cpy_tbl.c.obj</name>
      </input_file>
      <input_file id="fl-db">
         <path>C:\ti\ccs1220\ccs\tools\compiler\ti-cgt-arm_20.2.7.LTS\lib\</path>
         <kind>archive</kind>
         <file>rtsv7M4_T_le_v4SPD16_eabi.lib</file>
         <name>args_main.c.obj</name>
      </input_file>
      <input_file id="fl-dc">
         <path>C:\ti\ccs1220\ccs\tools\compiler\ti-cgt-arm_20.2.7.LTS\lib\</path>
         <kind>archive</kind>
         <file>rtsv7M4_T_le_v4SPD16_eabi.lib</file>
         <name>strchr.c.obj</name>
      </input_file>
      <input_file id="fl-dd">
         <path>C:\ti\ccs1220\ccs\tools\compiler\ti-cgt-arm_20.2.7.LTS\lib\</path>
         <kind>archive</kind>
         <file>rtsv7M4_T_le_v4SPD16_eabi.lib</file>
         <name>strcmp.c.obj</name>
      </input_file>
      <input_file id="fl-de">
         <path>C:\ti\ccs1220\ccs\tools\compiler\ti-cgt-arm_20.2.7.LTS\lib\</path>
         <kind>archive</kind>
         <file>rtsv7M4_T_le_v4SPD16_eabi.lib</file>
         <name>strncpy.c.obj</name>
      </input_file>
      <input_file id="fl-df">
         <path>C:\ti\ccs1220\ccs\tools\compiler\ti-cgt-arm_20.2.7.LTS\lib\</path>
         <kind>archive</kind>
         <file>rtsv7M4_T_le_v4SPD16_eabi.lib</file>
         <name>unlink.c.obj</name>
      </input_file>
      <input_file id="fl-e0">
         <path>C:\ti\ccs1220\ccs\tools\compiler\ti-cgt-arm_20.2.7.LTS\lib\</path>
         <kind>archive</kind>
         <file>rtsv7M4_T_le_v4SPD16_eabi.lib</file>
         <name>hostclose.c.obj</name>
      </input_file>
      <input_file id="fl-e1">
         <path>C:\ti\ccs1220\ccs\tools\compiler\ti-cgt-arm_20.2.7.LTS\lib\</path>
         <kind>archive</kind>
         <file>rtsv7M4_T_le_v4SPD16_eabi.lib</file>
         <name>hostlseek.c.obj</name>
      </input_file>
      <input_file id="fl-e2">
         <path>C:\ti\ccs1220\ccs\tools\compiler\ti-cgt-arm_20.2.7.LTS\lib\</path>
         <kind>archive</kind>
         <file>rtsv7M4_T_le_v4SPD16_eabi.lib</file>
         <name>hostopen.c.obj</name>
      </input_file>
      <input_file id="fl-e3">
         <path>C:\ti\ccs1220\ccs\tools\compiler\ti-cgt-arm_20.2.7.LTS\lib\</path>
         <kind>archive</kind>
         <file>rtsv7M4_T_le_v4SPD16_eabi.lib</file>
         <name>hostread.c.obj</name>
      </input_file>
      <input_file id="fl-e4">
         <path>C:\ti\ccs1220\ccs\tools\compiler\ti-cgt-arm_20.2.7.LTS\lib\</path>
         <kind>archive</kind>
         <file>rtsv7M4_T_le_v4SPD16_eabi.lib</file>
         <name>hostrename.c.obj</name>
      </input_file>
      <input_file id="fl-e5">
         <path>C:\ti\ccs1220\ccs\tools\compiler\ti-cgt-arm_20.2.7.LTS\lib\</path>
         <kind>archive</kind>
         <file>rtsv7M4_T_le_v4SPD16_eabi.lib</file>
         <name>hostunlink.c.obj</name>
      </input_file>
      <input_file id="fl-e6">
         <path>C:\ti\ccs1220\ccs\tools\compiler\ti-cgt-arm_20.2.7.LTS\lib\</path>
         <kind>archive</kind>
         <file>rtsv7M4_T_le_v4SPD16_eabi.lib</file>
         <name>hostwrite.c.obj</name>
      </input_file>
      <input_file id="fl-e7">
         <path>C:\ti\ccs1220\ccs\tools\compiler\ti-cgt-arm_20.2.7.LTS\lib\</path>
         <kind>archive</kind>
         <file>rtsv7M4_T_le_v4SPD16_eabi.lib</file>
         <name>trgmsg.c.obj</name>
      </input_file>
      <input_file id="fl-e8">
         <path>C:\ti\ccs1220\ccs\tools\compiler\ti-cgt-arm_20.2.7.LTS\lib\</path>
         <kind>archive</kind>
         <file>rtsv7M4_T_le_v4SPD16_eabi.lib</file>
         <name>lseek.c.obj</name>
      </input_file>
      <input_file id="fl-e9">
         <path>C:\ti\ccs1220\ccs\tools\compiler\ti-cgt-arm_20.2.7.LTS\lib\</path>
         <kind>archive</kind>
         <file>rtsv7M4_T_le_v4SPD16_eabi.lib</file>
         <name>strcpy.c.obj</name>
      </input_file>
      <input_file id="fl-ea">
         <path>C:\ti\ccs1220\ccs\tools\compiler\ti-cgt-arm_20.2.7.LTS\lib\</path>
         <kind>archive</kind>
         <file>rtsv7M4_T_le_v4SPD16_eabi.lib</file>
         <name>strlen.c.obj</name>
      </input_file>
   </input_file_list>
   <object_component_list>
      <object_component id="oc-12">
         <name>.intvecs</name>
         <load_address>0x0</load_address>
         <run_address>0x0</run_address>
         <size>0x26c</size>
         <input_file_ref idref="fl-5"/>
      </object_component>
      <object_component id="oc-30">
         <name>.text</name>
         <load_address>0x26c</load_address>
         <run_address>0x26c</run_address>
         <size>0x504</size>
         <input_file_ref idref="fl-3"/>
      </object_component>
      <object_component id="oc-f5">
         <name>.text</name>
         <load_address>0x770</load_address>
         <run_address>0x770</run_address>
         <size>0x47c</size>
         <input_file_ref idref="fl-2"/>
      </object_component>
      <object_component id="oc-148">
         <name>.text:_openfile</name>
         <load_address>0xbec</load_address>
         <run_address>0xbec</run_address>
         <size>0x110</size>
         <input_file_ref idref="fl-c1"/>
      </object_component>
      <object_component id="oc-141">
         <name>.text:aligned_alloc</name>
         <load_address>0xcfc</load_address>
         <run_address>0xcfc</run_address>
         <size>0x100</size>
         <input_file_ref idref="fl-ce"/>
      </object_component>
      <object_component id="oc-e9">
         <name>.text:fread</name>
         <load_address>0xdfc</load_address>
         <run_address>0xdfc</run_address>
         <size>0xf8</size>
         <input_file_ref idref="fl-c2"/>
      </object_component>
      <object_component id="oc-1e6">
         <name>.text:free</name>
         <load_address>0xef4</load_address>
         <run_address>0xef4</run_address>
         <size>0xe4</size>
         <input_file_ref idref="fl-ce"/>
      </object_component>
      <object_component id="oc-1cf">
         <name>.text:setvbuf</name>
         <load_address>0xfd8</load_address>
         <run_address>0xfd8</run_address>
         <size>0xdc</size>
         <input_file_ref idref="fl-c5"/>
      </object_component>
      <object_component id="oc-1ab">
         <name>.text:open</name>
         <load_address>0x10b4</load_address>
         <run_address>0x10b4</run_address>
         <size>0xbc</size>
         <input_file_ref idref="fl-d4"/>
      </object_component>
      <object_component id="oc-160">
         <name>.text:__TI_buff_read</name>
         <load_address>0x1170</load_address>
         <run_address>0x1170</run_address>
         <size>0x9c</size>
         <input_file_ref idref="fl-c3"/>
      </object_component>
      <object_component id="oc-e3">
         <name>.text:fopen</name>
         <load_address>0x120c</load_address>
         <run_address>0x120c</run_address>
         <size>0x9c</size>
         <input_file_ref idref="fl-c1"/>
      </object_component>
      <object_component id="oc-43">
         <name>.text</name>
         <load_address>0x12a8</load_address>
         <run_address>0x12a8</run_address>
         <size>0x9c</size>
         <input_file_ref idref="fl-c6"/>
      </object_component>
      <object_component id="oc-9c">
         <name>.text</name>
         <load_address>0x1344</load_address>
         <run_address>0x1344</run_address>
         <size>0x7a</size>
         <input_file_ref idref="fl-c7"/>
      </object_component>
      <object_component id="oc-1bc">
         <name>.text:_nop</name>
         <load_address>0x13be</load_address>
         <run_address>0x13be</run_address>
         <size>0x2</size>
         <input_file_ref idref="fl-cc"/>
      </object_component>
      <object_component id="oc-16e">
         <name>.text:__TI_closefile</name>
         <load_address>0x13c0</load_address>
         <run_address>0x13c0</run_address>
         <size>0x74</size>
         <input_file_ref idref="fl-bf"/>
      </object_component>
      <object_component id="oc-a8">
         <name>.text</name>
         <load_address>0x1434</load_address>
         <run_address>0x1434</run_address>
         <size>0x70</size>
         <input_file_ref idref="fl-4"/>
      </object_component>
      <object_component id="oc-1a1">
         <name>.text:split</name>
         <load_address>0x14a4</load_address>
         <run_address>0x14a4</run_address>
         <size>0x70</size>
         <input_file_ref idref="fl-ce"/>
      </object_component>
      <object_component id="oc-29d">
         <name>.text:HOSTrename</name>
         <load_address>0x1514</load_address>
         <run_address>0x1514</run_address>
         <size>0x6c</size>
         <input_file_ref idref="fl-e4"/>
      </object_component>
      <object_component id="oc-291">
         <name>.text:HOSTlseek</name>
         <load_address>0x1580</load_address>
         <run_address>0x1580</run_address>
         <size>0x68</size>
         <input_file_ref idref="fl-e1"/>
      </object_component>
      <object_component id="oc-15">
         <name>.text:decompress:lzss:__TI_decompress_lzss</name>
         <load_address>0x15e8</load_address>
         <run_address>0x15e8</run_address>
         <size>0x68</size>
         <input_file_ref idref="fl-ca"/>
      </object_component>
      <object_component id="oc-279">
         <name>.text:HOSTopen</name>
         <load_address>0x1650</load_address>
         <run_address>0x1650</run_address>
         <size>0x60</size>
         <input_file_ref idref="fl-e2"/>
      </object_component>
      <object_component id="oc-1ec">
         <name>.text:close</name>
         <load_address>0x16b0</load_address>
         <run_address>0x16b0</run_address>
         <size>0x5c</size>
         <input_file_ref idref="fl-d5"/>
      </object_component>
      <object_component id="oc-285">
         <name>.text:HOSTread</name>
         <load_address>0x170c</load_address>
         <run_address>0x170c</run_address>
         <size>0x58</size>
         <input_file_ref idref="fl-e3"/>
      </object_component>
      <object_component id="oc-28b">
         <name>.text:HOSTwrite</name>
         <load_address>0x1764</load_address>
         <run_address>0x1764</run_address>
         <size>0x58</size>
         <input_file_ref idref="fl-e6"/>
      </object_component>
      <object_component id="oc-1d7">
         <name>.text:__TI_doflush</name>
         <load_address>0x17bc</load_address>
         <run_address>0x17bc</run_address>
         <size>0x4c</size>
         <input_file_ref idref="fl-c0"/>
      </object_component>
      <object_component id="oc-15a">
         <name>.text:__TI_rd_ok</name>
         <load_address>0x1808</load_address>
         <run_address>0x1808</run_address>
         <size>0x4a</size>
         <input_file_ref idref="fl-c4"/>
      </object_component>
      <object_component id="oc-102">
         <name>.text:exit</name>
         <load_address>0x1854</load_address>
         <run_address>0x1854</run_address>
         <size>0x48</size>
         <input_file_ref idref="fl-cb"/>
      </object_component>
      <object_component id="oc-27f">
         <name>.text:HOSTclose</name>
         <load_address>0x189c</load_address>
         <run_address>0x189c</run_address>
         <size>0x44</size>
         <input_file_ref idref="fl-e0"/>
      </object_component>
      <object_component id="oc-297">
         <name>.text:HOSTunlink</name>
         <load_address>0x18e0</load_address>
         <run_address>0x18e0</run_address>
         <size>0x44</size>
         <input_file_ref idref="fl-e5"/>
      </object_component>
      <object_component id="oc-108">
         <name>.text:__TI_auto_init_nobinit_nopinit:__TI_auto_init_nobinit_nopinit</name>
         <load_address>0x1924</load_address>
         <run_address>0x1924</run_address>
         <size>0x44</size>
         <input_file_ref idref="fl-d8"/>
      </object_component>
      <object_component id="oc-218">
         <name>.text:getdevice</name>
         <load_address>0x1968</load_address>
         <run_address>0x1968</run_address>
         <size>0x44</size>
         <input_file_ref idref="fl-d7"/>
      </object_component>
      <object_component id="oc-2ca">
         <name>.text:__TI_writemsg</name>
         <load_address>0x19ac</load_address>
         <run_address>0x19ac</run_address>
         <size>0x38</size>
         <input_file_ref idref="fl-e7"/>
      </object_component>
      <object_component id="oc-263">
         <name>.text:strncpy</name>
         <load_address>0x19e4</load_address>
         <run_address>0x19e4</run_address>
         <size>0x36</size>
         <input_file_ref idref="fl-de"/>
      </object_component>
      <object_component id="oc-1b1">
         <name>.text:__TI_cleanup</name>
         <load_address>0x1a1c</load_address>
         <run_address>0x1a1c</run_address>
         <size>0x34</size>
         <input_file_ref idref="fl-c1"/>
      </object_component>
      <object_component id="oc-2d0">
         <name>.text:__TI_readmsg</name>
         <load_address>0x1a50</load_address>
         <run_address>0x1a50</run_address>
         <size>0x34</size>
         <input_file_ref idref="fl-e7"/>
      </object_component>
      <object_component id="oc-61">
         <name>.text:_c_int00_noargs:_c_int00_noargs</name>
         <load_address>0x1a84</load_address>
         <run_address>0x1a84</run_address>
         <size>0x34</size>
         <input_file_ref idref="fl-cf"/>
      </object_component>
      <object_component id="oc-269">
         <name>.text:finddevice</name>
         <load_address>0x1ab8</load_address>
         <run_address>0x1ab8</run_address>
         <size>0x30</size>
         <input_file_ref idref="fl-d7"/>
      </object_component>
      <object_component id="oc-ef">
         <name>.text:fclose</name>
         <load_address>0x1ae8</load_address>
         <run_address>0x1ae8</run_address>
         <size>0x2c</size>
         <input_file_ref idref="fl-bf"/>
      </object_component>
      <object_component id="oc-1f2">
         <name>.text:unlink</name>
         <load_address>0x1b14</load_address>
         <run_address>0x1b14</run_address>
         <size>0x2c</size>
         <input_file_ref idref="fl-df"/>
      </object_component>
      <object_component id="oc-19b">
         <name>.text:free_list_insert</name>
         <load_address>0x1b40</load_address>
         <run_address>0x1b40</run_address>
         <size>0x28</size>
         <input_file_ref idref="fl-ce"/>
      </object_component>
      <object_component id="oc-166">
         <name>.text:read</name>
         <load_address>0x1b68</load_address>
         <run_address>0x1b68</run_address>
         <size>0x28</size>
         <input_file_ref idref="fl-d3"/>
      </object_component>
      <object_component id="oc-230">
         <name>.text:write</name>
         <load_address>0x1b90</load_address>
         <run_address>0x1b90</run_address>
         <size>0x28</size>
         <input_file_ref idref="fl-d0"/>
      </object_component>
      <object_component id="oc-4f">
         <name>.text:decompress:ZI:__TI_zero_init_nomemset:__TI_zero_init_nomemset</name>
         <load_address>0x1bb8</load_address>
         <run_address>0x1bb8</run_address>
         <size>0x1c</size>
         <input_file_ref idref="fl-c8"/>
      </object_component>
      <object_component id="oc-195">
         <name>.text:free_list_remove</name>
         <load_address>0x1bd4</load_address>
         <run_address>0x1bd4</run_address>
         <size>0x1c</size>
         <input_file_ref idref="fl-ce"/>
      </object_component>
      <object_component id="oc-2b4">
         <name>.text:strcmp</name>
         <load_address>0x1bf0</load_address>
         <run_address>0x1bf0</run_address>
         <size>0x18</size>
         <input_file_ref idref="fl-dd"/>
      </object_component>
      <object_component id="oc-25d">
         <name>.text:strchr</name>
         <load_address>0x1c08</load_address>
         <run_address>0x1c08</run_address>
         <size>0x16</size>
         <input_file_ref idref="fl-dc"/>
      </object_component>
      <object_component id="oc-2e4">
         <name>.text:strcpy</name>
         <load_address>0x1c1e</load_address>
         <run_address>0x1c1e</run_address>
         <size>0x14</size>
         <input_file_ref idref="fl-e9"/>
      </object_component>
      <object_component id="oc-2c4">
         <name>.text:strlen</name>
         <load_address>0x1c32</load_address>
         <run_address>0x1c32</run_address>
         <size>0x14</size>
         <input_file_ref idref="fl-ea"/>
      </object_component>
      <object_component id="oc-1b">
         <name>.text:decompress:none:__TI_decompress_none</name>
         <load_address>0x1c46</load_address>
         <run_address>0x1c46</run_address>
         <size>0xe</size>
         <input_file_ref idref="fl-c9"/>
      </object_component>
      <object_component id="oc-2a">
         <name>.text</name>
         <load_address>0x1c54</load_address>
         <run_address>0x1c54</run_address>
         <size>0xc</size>
         <input_file_ref idref="fl-5"/>
      </object_component>
      <object_component id="oc-dd">
         <name>.text:malloc</name>
         <load_address>0x1c60</load_address>
         <run_address>0x1c60</run_address>
         <size>0x8</size>
         <input_file_ref idref="fl-ce"/>
      </object_component>
      <object_component id="oc-a2">
         <name>.text:_system_pre_init</name>
         <load_address>0x1c68</load_address>
         <run_address>0x1c68</run_address>
         <size>0x4</size>
         <input_file_ref idref="fl-d9"/>
      </object_component>
      <object_component id="oc-fc">
         <name>.text:abort:abort</name>
         <load_address>0x1c6c</load_address>
         <run_address>0x1c6c</run_address>
         <size>0x4</size>
         <input_file_ref idref="fl-cb"/>
      </object_component>
      <object_component id="oc-33f">
         <name>.cinit..data.load</name>
         <load_address>0x1c70</load_address>
         <run_address>0x1c70</run_address>
         <size>0x2d1</size>
      </object_component>
      <object_component id="oc-33d">
         <name>__TI_handler_table</name>
         <load_address>0x1f44</load_address>
         <run_address>0x1f44</run_address>
         <size>0xc</size>
      </object_component>
      <object_component id="oc-340">
         <name>.cinit..bss.load</name>
         <load_address>0x1f50</load_address>
         <run_address>0x1f50</run_address>
         <size>0x8</size>
      </object_component>
      <object_component id="oc-33e">
         <name>__TI_cinit_table</name>
         <load_address>0x1f58</load_address>
         <run_address>0x1f58</run_address>
         <size>0x10</size>
      </object_component>
      <object_component id="oc-176">
         <name>.data</name>
         <load_address>0x20000000</load_address>
         <run_address>0x20000000</run_address>
         <size>0x4b7</size>
         <input_file_ref idref="fl-2"/>
      </object_component>
      <object_component id="oc-14e">
         <name>.data</name>
         <load_address>0x2000069c</load_address>
         <run_address>0x2000069c</run_address>
         <size>0x4</size>
         <input_file_ref idref="fl-c1"/>
      </object_component>
      <object_component id="oc-179">
         <name>.data:$O1$$</name>
         <load_address>0x20000680</load_address>
         <run_address>0x20000680</run_address>
         <size>0xc</size>
         <input_file_ref idref="fl-cb"/>
      </object_component>
      <object_component id="oc-152">
         <name>.data:$O1$$</name>
         <load_address>0x2000068c</load_address>
         <run_address>0x2000068c</run_address>
         <size>0x8</size>
         <input_file_ref idref="fl-cc"/>
      </object_component>
      <object_component id="oc-14f">
         <name>.data:_ftable</name>
         <load_address>0x200004b8</load_address>
         <run_address>0x200004b8</run_address>
         <size>0xf0</size>
         <input_file_ref idref="fl-cd"/>
      </object_component>
      <object_component id="oc-155">
         <name>.data</name>
         <load_address>0x20000670</load_address>
         <run_address>0x20000670</run_address>
         <size>0x10</size>
         <input_file_ref idref="fl-cd"/>
      </object_component>
      <object_component id="oc-1a7">
         <name>.data:$O1$$</name>
         <load_address>0x20000694</load_address>
         <run_address>0x20000694</run_address>
         <size>0x8</size>
         <input_file_ref idref="fl-ce"/>
      </object_component>
      <object_component id="oc-23a">
         <name>.data:_device</name>
         <load_address>0x200005a8</load_address>
         <run_address>0x200005a8</run_address>
         <size>0x78</size>
         <input_file_ref idref="fl-d1"/>
      </object_component>
      <object_component id="oc-1df">
         <name>.data:_stream</name>
         <load_address>0x20000620</load_address>
         <run_address>0x20000620</run_address>
         <size>0x50</size>
         <input_file_ref idref="fl-d1"/>
      </object_component>
      <object_component id="oc-21e">
         <name>.data</name>
         <load_address>0x200006a0</load_address>
         <run_address>0x200006a0</run_address>
         <size>0x4</size>
         <input_file_ref idref="fl-d4"/>
      </object_component>
      <object_component id="oc-2f4">
         <name>.bss:_CIOBUF_</name>
         <uninitialized>true</uninitialized>
         <run_address>0x20000ca8</run_address>
         <size>0x120</size>
         <input_file_ref idref="fl-e7"/>
      </object_component>
      <object_component id="oc-fa">
         <name>.common:beatmap</name>
         <uninitialized>true</uninitialized>
         <run_address>0x20000e70</run_address>
         <size>0x4</size>
      </object_component>
      <object_component id="oc-1f8">
         <name>.common:__TI_tmpnams</name>
         <uninitialized>true</uninitialized>
         <run_address>0x20000dc8</run_address>
         <size>0xa0</size>
      </object_component>
      <object_component id="oc-2d6">
         <name>.common:parmbuf</name>
         <uninitialized>true</uninitialized>
         <run_address>0x20000e68</run_address>
         <size>0x8</size>
      </object_component>
      <object_component id="oc-24">
         <name>.sysmem</name>
         <uninitialized>true</uninitialized>
         <run_address>0x200006a8</run_address>
         <size>0x10</size>
         <input_file_ref idref="fl-ce"/>
      </object_component>
      <object_component id="oc-343">
         <name>.sysmem</name>
         <uninitialized>true</uninitialized>
         <run_address>0x200006a8</run_address>
         <size>0x0</size>
      </object_component>
      <object_component id="oc-27">
         <name>.stack</name>
         <uninitialized>true</uninitialized>
         <run_address>0x20000aa8</run_address>
         <size>0x4</size>
         <input_file_ref idref="fl-cf"/>
      </object_component>
      <object_component id="oc-342">
         <name>.stack</name>
         <uninitialized>true</uninitialized>
         <run_address>0x20000aa8</run_address>
         <size>0x0</size>
      </object_component>
      <object_component id="oc-f6">
         <name>.debug_info</name>
         <load_address>0x0</load_address>
         <run_address>0x0</run_address>
         <size>0x44a</size>
         <input_file_ref idref="fl-2"/>
      </object_component>
      <object_component id="oc-31">
         <name>.debug_info</name>
         <load_address>0x44a</load_address>
         <run_address>0x44a</run_address>
         <size>0x13c</size>
         <input_file_ref idref="fl-3"/>
      </object_component>
      <object_component id="oc-cb">
         <name>.debug_info</name>
         <load_address>0x586</load_address>
         <run_address>0x586</run_address>
         <size>0x398</size>
         <input_file_ref idref="fl-4"/>
      </object_component>
      <object_component id="oc-ab">
         <name>.debug_info</name>
         <load_address>0x91e</load_address>
         <run_address>0x91e</run_address>
         <size>0x167</size>
         <input_file_ref idref="fl-4"/>
      </object_component>
      <object_component id="oc-7d">
         <name>.debug_info</name>
         <load_address>0xa85</load_address>
         <run_address>0xa85</run_address>
         <size>0x26b</size>
         <input_file_ref idref="fl-4"/>
      </object_component>
      <object_component id="oc-3e">
         <name>.debug_info</name>
         <load_address>0xcf0</load_address>
         <run_address>0xcf0</run_address>
         <size>0x84</size>
         <input_file_ref idref="fl-4"/>
      </object_component>
      <object_component id="oc-c6">
         <name>.debug_info</name>
         <load_address>0xd74</load_address>
         <run_address>0xd74</run_address>
         <size>0x2a4</size>
         <input_file_ref idref="fl-4"/>
      </object_component>
      <object_component id="oc-82">
         <name>.debug_info</name>
         <load_address>0x1018</load_address>
         <run_address>0x1018</run_address>
         <size>0xbb</size>
         <input_file_ref idref="fl-4"/>
      </object_component>
      <object_component id="oc-13c">
         <name>.debug_info</name>
         <load_address>0x10d3</load_address>
         <run_address>0x10d3</run_address>
         <size>0xcc</size>
         <input_file_ref idref="fl-4"/>
      </object_component>
      <object_component id="oc-37">
         <name>.debug_info</name>
         <load_address>0x119f</load_address>
         <run_address>0x119f</run_address>
         <size>0x324</size>
         <input_file_ref idref="fl-5"/>
      </object_component>
      <object_component id="oc-13">
         <name>.debug_info</name>
         <load_address>0x14c3</load_address>
         <run_address>0x14c3</run_address>
         <size>0xfb</size>
         <input_file_ref idref="fl-5"/>
      </object_component>
      <object_component id="oc-2c">
         <name>.debug_info</name>
         <load_address>0x15be</load_address>
         <run_address>0x15be</run_address>
         <size>0x277</size>
         <input_file_ref idref="fl-5"/>
      </object_component>
      <object_component id="oc-175">
         <name>.debug_info</name>
         <load_address>0x1835</load_address>
         <run_address>0x1835</run_address>
         <size>0x3a5</size>
         <input_file_ref idref="fl-bf"/>
      </object_component>
      <object_component id="oc-16f">
         <name>.debug_info</name>
         <load_address>0x1bda</load_address>
         <run_address>0x1bda</run_address>
         <size>0x1f3</size>
         <input_file_ref idref="fl-bf"/>
      </object_component>
      <object_component id="oc-f0">
         <name>.debug_info</name>
         <load_address>0x1dcd</load_address>
         <run_address>0x1dcd</run_address>
         <size>0x19d</size>
         <input_file_ref idref="fl-bf"/>
      </object_component>
      <object_component id="oc-1ca">
         <name>.debug_info</name>
         <load_address>0x1f6a</load_address>
         <run_address>0x1f6a</run_address>
         <size>0xb2</size>
         <input_file_ref idref="fl-bf"/>
      </object_component>
      <object_component id="oc-237">
         <name>.debug_info</name>
         <load_address>0x201c</load_address>
         <run_address>0x201c</run_address>
         <size>0x347</size>
         <input_file_ref idref="fl-c0"/>
      </object_component>
      <object_component id="oc-1db">
         <name>.debug_info</name>
         <load_address>0x2363</load_address>
         <run_address>0x2363</run_address>
         <size>0x18a</size>
         <input_file_ref idref="fl-c0"/>
      </object_component>
      <object_component id="oc-159">
         <name>.debug_info</name>
         <load_address>0x24ed</load_address>
         <run_address>0x24ed</run_address>
         <size>0x3f5</size>
         <input_file_ref idref="fl-c1"/>
      </object_component>
      <object_component id="oc-14a">
         <name>.debug_info</name>
         <load_address>0x28e2</load_address>
         <run_address>0x28e2</run_address>
         <size>0x20e</size>
         <input_file_ref idref="fl-c1"/>
      </object_component>
      <object_component id="oc-1b3">
         <name>.debug_info</name>
         <load_address>0x2af0</load_address>
         <run_address>0x2af0</run_address>
         <size>0x176</size>
         <input_file_ref idref="fl-c1"/>
      </object_component>
      <object_component id="oc-e5">
         <name>.debug_info</name>
         <load_address>0x2c66</load_address>
         <run_address>0x2c66</run_address>
         <size>0x1cd</size>
         <input_file_ref idref="fl-c1"/>
      </object_component>
      <object_component id="oc-bc">
         <name>.debug_info</name>
         <load_address>0x2e33</load_address>
         <run_address>0x2e33</run_address>
         <size>0x2c</size>
         <input_file_ref idref="fl-c1"/>
      </object_component>
      <object_component id="oc-16d">
         <name>.debug_info</name>
         <load_address>0x2e5f</load_address>
         <run_address>0x2e5f</run_address>
         <size>0x367</size>
         <input_file_ref idref="fl-c2"/>
      </object_component>
      <object_component id="oc-eb">
         <name>.debug_info</name>
         <load_address>0x31c6</load_address>
         <run_address>0x31c6</run_address>
         <size>0x2a7</size>
         <input_file_ref idref="fl-c2"/>
      </object_component>
      <object_component id="oc-d4">
         <name>.debug_info</name>
         <load_address>0x346d</load_address>
         <run_address>0x346d</run_address>
         <size>0x2c</size>
         <input_file_ref idref="fl-c2"/>
      </object_component>
      <object_component id="oc-1de">
         <name>.debug_info</name>
         <load_address>0x3499</load_address>
         <run_address>0x3499</run_address>
         <size>0x370</size>
         <input_file_ref idref="fl-c3"/>
      </object_component>
      <object_component id="oc-163">
         <name>.debug_info</name>
         <load_address>0x3809</load_address>
         <run_address>0x3809</run_address>
         <size>0x1e2</size>
         <input_file_ref idref="fl-c3"/>
      </object_component>
      <object_component id="oc-1d6">
         <name>.debug_info</name>
         <load_address>0x39eb</load_address>
         <run_address>0x39eb</run_address>
         <size>0x300</size>
         <input_file_ref idref="fl-c4"/>
      </object_component>
      <object_component id="oc-15c">
         <name>.debug_info</name>
         <load_address>0x3ceb</load_address>
         <run_address>0x3ceb</run_address>
         <size>0x18e</size>
         <input_file_ref idref="fl-c4"/>
      </object_component>
      <object_component id="oc-229">
         <name>.debug_info</name>
         <load_address>0x3e79</load_address>
         <run_address>0x3e79</run_address>
         <size>0xbf</size>
         <input_file_ref idref="fl-c4"/>
      </object_component>
      <object_component id="oc-228">
         <name>.debug_info</name>
         <load_address>0x3f38</load_address>
         <run_address>0x3f38</run_address>
         <size>0x374</size>
         <input_file_ref idref="fl-c5"/>
      </object_component>
      <object_component id="oc-1d2">
         <name>.debug_info</name>
         <load_address>0x42ac</load_address>
         <run_address>0x42ac</run_address>
         <size>0x20b</size>
         <input_file_ref idref="fl-c5"/>
      </object_component>
      <object_component id="oc-46">
         <name>.debug_info</name>
         <load_address>0x44b7</load_address>
         <run_address>0x44b7</run_address>
         <size>0x119</size>
         <input_file_ref idref="fl-c6"/>
      </object_component>
      <object_component id="oc-9f">
         <name>.debug_info</name>
         <load_address>0x45d0</load_address>
         <run_address>0x45d0</run_address>
         <size>0x147</size>
         <input_file_ref idref="fl-c7"/>
      </object_component>
      <object_component id="oc-9b">
         <name>.debug_info</name>
         <load_address>0x4717</load_address>
         <run_address>0x4717</run_address>
         <size>0x2d4</size>
         <input_file_ref idref="fl-c8"/>
      </object_component>
      <object_component id="oc-52">
         <name>.debug_info</name>
         <load_address>0x49eb</load_address>
         <run_address>0x49eb</run_address>
         <size>0x1d2</size>
         <input_file_ref idref="fl-c8"/>
      </object_component>
      <object_component id="oc-96">
         <name>.debug_info</name>
         <load_address>0x4bbd</load_address>
         <run_address>0x4bbd</run_address>
         <size>0x46</size>
         <input_file_ref idref="fl-c8"/>
      </object_component>
      <object_component id="oc-4e">
         <name>.debug_info</name>
         <load_address>0x4c03</load_address>
         <run_address>0x4c03</run_address>
         <size>0x2a8</size>
         <input_file_ref idref="fl-c9"/>
      </object_component>
      <object_component id="oc-1c">
         <name>.debug_info</name>
         <load_address>0x4eab</load_address>
         <run_address>0x4eab</run_address>
         <size>0x1ea</size>
         <input_file_ref idref="fl-c9"/>
      </object_component>
      <object_component id="oc-49">
         <name>.debug_info</name>
         <load_address>0x5095</load_address>
         <run_address>0x5095</run_address>
         <size>0x46</size>
         <input_file_ref idref="fl-c9"/>
      </object_component>
      <object_component id="oc-8e">
         <name>.debug_info</name>
         <load_address>0x50db</load_address>
         <run_address>0x50db</run_address>
         <size>0x2c</size>
         <input_file_ref idref="fl-c9"/>
      </object_component>
      <object_component id="oc-8c">
         <name>.debug_info</name>
         <load_address>0x5107</load_address>
         <run_address>0x5107</run_address>
         <size>0x29e</size>
         <input_file_ref idref="fl-ca"/>
      </object_component>
      <object_component id="oc-19">
         <name>.debug_info</name>
         <load_address>0x53a5</load_address>
         <run_address>0x53a5</run_address>
         <size>0x250</size>
         <input_file_ref idref="fl-ca"/>
      </object_component>
      <object_component id="oc-39">
         <name>.debug_info</name>
         <load_address>0x55f5</load_address>
         <run_address>0x55f5</run_address>
         <size>0x60</size>
         <input_file_ref idref="fl-ca"/>
      </object_component>
      <object_component id="oc-cd">
         <name>.debug_info</name>
         <load_address>0x5655</load_address>
         <run_address>0x5655</run_address>
         <size>0x46</size>
         <input_file_ref idref="fl-ca"/>
      </object_component>
      <object_component id="oc-87">
         <name>.debug_info</name>
         <load_address>0x569b</load_address>
         <run_address>0x569b</run_address>
         <size>0x39</size>
         <input_file_ref idref="fl-ca"/>
      </object_component>
      <object_component id="oc-17d">
         <name>.debug_info</name>
         <load_address>0x56d4</load_address>
         <run_address>0x56d4</run_address>
         <size>0x3ad</size>
         <input_file_ref idref="fl-cb"/>
      </object_component>
      <object_component id="oc-17a">
         <name>.debug_info</name>
         <load_address>0x5a81</load_address>
         <run_address>0x5a81</run_address>
         <size>0x190</size>
         <input_file_ref idref="fl-cb"/>
      </object_component>
      <object_component id="oc-fd">
         <name>.debug_info</name>
         <load_address>0x5c11</load_address>
         <run_address>0x5c11</run_address>
         <size>0x122</size>
         <input_file_ref idref="fl-cb"/>
      </object_component>
      <object_component id="oc-105">
         <name>.debug_info</name>
         <load_address>0x5d33</load_address>
         <run_address>0x5d33</run_address>
         <size>0x184</size>
         <input_file_ref idref="fl-cb"/>
      </object_component>
      <object_component id="oc-1c4">
         <name>.debug_info</name>
         <load_address>0x5eb7</load_address>
         <run_address>0x5eb7</run_address>
         <size>0x2c9</size>
         <input_file_ref idref="fl-cc"/>
      </object_component>
      <object_component id="oc-153">
         <name>.debug_info</name>
         <load_address>0x6180</load_address>
         <run_address>0x6180</run_address>
         <size>0x11e</size>
         <input_file_ref idref="fl-cc"/>
      </object_component>
      <object_component id="oc-1c0">
         <name>.debug_info</name>
         <load_address>0x629e</load_address>
         <run_address>0x629e</run_address>
         <size>0x12e</size>
         <input_file_ref idref="fl-cc"/>
      </object_component>
      <object_component id="oc-1ba">
         <name>.debug_info</name>
         <load_address>0x63cc</load_address>
         <run_address>0x63cc</run_address>
         <size>0x144</size>
         <input_file_ref idref="fl-cd"/>
      </object_component>
      <object_component id="oc-150">
         <name>.debug_info</name>
         <load_address>0x6510</load_address>
         <run_address>0x6510</run_address>
         <size>0x102</size>
         <input_file_ref idref="fl-cd"/>
      </object_component>
      <object_component id="oc-156">
         <name>.debug_info</name>
         <load_address>0x6612</load_address>
         <run_address>0x6612</run_address>
         <size>0x18f</size>
         <input_file_ref idref="fl-cd"/>
      </object_component>
      <object_component id="oc-75">
         <name>.debug_info</name>
         <load_address>0x67a1</load_address>
         <run_address>0x67a1</run_address>
         <size>0x3b2</size>
         <input_file_ref idref="fl-ce"/>
      </object_component>
      <object_component id="oc-25">
         <name>.debug_info</name>
         <load_address>0x6b53</load_address>
         <run_address>0x6b53</run_address>
         <size>0x10c</size>
         <input_file_ref idref="fl-ce"/>
      </object_component>
      <object_component id="oc-1a8">
         <name>.debug_info</name>
         <load_address>0x6c5f</load_address>
         <run_address>0x6c5f</run_address>
         <size>0x13f</size>
         <input_file_ref idref="fl-ce"/>
      </object_component>
      <object_component id="oc-e1">
         <name>.debug_info</name>
         <load_address>0x6d9e</load_address>
         <run_address>0x6d9e</run_address>
         <size>0x168</size>
         <input_file_ref idref="fl-ce"/>
      </object_component>
      <object_component id="oc-199">
         <name>.debug_info</name>
         <load_address>0x6f06</load_address>
         <run_address>0x6f06</run_address>
         <size>0x18e</size>
         <input_file_ref idref="fl-ce"/>
      </object_component>
      <object_component id="oc-19f">
         <name>.debug_info</name>
         <load_address>0x7094</load_address>
         <run_address>0x7094</run_address>
         <size>0x19f</size>
         <input_file_ref idref="fl-ce"/>
      </object_component>
      <object_component id="oc-1ea">
         <name>.debug_info</name>
         <load_address>0x7233</load_address>
         <run_address>0x7233</run_address>
         <size>0x203</size>
         <input_file_ref idref="fl-ce"/>
      </object_component>
      <object_component id="oc-1a5">
         <name>.debug_info</name>
         <load_address>0x7436</load_address>
         <run_address>0x7436</run_address>
         <size>0x1db</size>
         <input_file_ref idref="fl-ce"/>
      </object_component>
      <object_component id="oc-145">
         <name>.debug_info</name>
         <load_address>0x7611</load_address>
         <run_address>0x7611</run_address>
         <size>0x299</size>
         <input_file_ref idref="fl-ce"/>
      </object_component>
      <object_component id="oc-c1">
         <name>.debug_info</name>
         <load_address>0x78aa</load_address>
         <run_address>0x78aa</run_address>
         <size>0xb2</size>
         <input_file_ref idref="fl-ce"/>
      </object_component>
      <object_component id="oc-28">
         <name>.debug_info</name>
         <load_address>0x795c</load_address>
         <run_address>0x795c</run_address>
         <size>0x10b</size>
         <input_file_ref idref="fl-cf"/>
      </object_component>
      <object_component id="oc-64">
         <name>.debug_info</name>
         <load_address>0x7a67</load_address>
         <run_address>0x7a67</run_address>
         <size>0x1a9</size>
         <input_file_ref idref="fl-cf"/>
      </object_component>
      <object_component id="oc-276">
         <name>.debug_info</name>
         <load_address>0x7c10</load_address>
         <run_address>0x7c10</run_address>
         <size>0x397</size>
         <input_file_ref idref="fl-d0"/>
      </object_component>
      <object_component id="oc-233">
         <name>.debug_info</name>
         <load_address>0x7fa7</load_address>
         <run_address>0x7fa7</run_address>
         <size>0x18f</size>
         <input_file_ref idref="fl-d0"/>
      </object_component>
      <object_component id="oc-242">
         <name>.debug_info</name>
         <load_address>0x8136</load_address>
         <run_address>0x8136</run_address>
         <size>0x120</size>
         <input_file_ref idref="fl-d0"/>
      </object_component>
      <object_component id="oc-247">
         <name>.debug_info</name>
         <load_address>0x8256</load_address>
         <run_address>0x8256</run_address>
         <size>0x2c</size>
         <input_file_ref idref="fl-d0"/>
      </object_component>
      <object_component id="oc-23f">
         <name>.debug_info</name>
         <load_address>0x8282</load_address>
         <run_address>0x8282</run_address>
         <size>0x337</size>
         <input_file_ref idref="fl-d1"/>
      </object_component>
      <object_component id="oc-23b">
         <name>.debug_info</name>
         <load_address>0x85b9</load_address>
         <run_address>0x85b9</run_address>
         <size>0x109</size>
         <input_file_ref idref="fl-d1"/>
      </object_component>
      <object_component id="oc-1e0">
         <name>.debug_info</name>
         <load_address>0x86c2</load_address>
         <run_address>0x86c2</run_address>
         <size>0x109</size>
         <input_file_ref idref="fl-d1"/>
      </object_component>
      <object_component id="oc-1e3">
         <name>.debug_info</name>
         <load_address>0x87cb</load_address>
         <run_address>0x87cb</run_address>
         <size>0x396</size>
         <input_file_ref idref="fl-d3"/>
      </object_component>
      <object_component id="oc-168">
         <name>.debug_info</name>
         <load_address>0x8b61</load_address>
         <run_address>0x8b61</run_address>
         <size>0x18a</size>
         <input_file_ref idref="fl-d3"/>
      </object_component>
      <object_component id="oc-220">
         <name>.debug_info</name>
         <load_address>0x8ceb</load_address>
         <run_address>0x8ceb</run_address>
         <size>0x402</size>
         <input_file_ref idref="fl-d4"/>
      </object_component>
      <object_component id="oc-1ac">
         <name>.debug_info</name>
         <load_address>0x90ed</load_address>
         <run_address>0x90ed</run_address>
         <size>0x245</size>
         <input_file_ref idref="fl-d4"/>
      </object_component>
      <object_component id="oc-24e">
         <name>.debug_info</name>
         <load_address>0x9332</load_address>
         <run_address>0x9332</run_address>
         <size>0x3cf</size>
         <input_file_ref idref="fl-d5"/>
      </object_component>
      <object_component id="oc-1ef">
         <name>.debug_info</name>
         <load_address>0x9701</load_address>
         <run_address>0x9701</run_address>
         <size>0x195</size>
         <input_file_ref idref="fl-d5"/>
      </object_component>
      <object_component id="oc-270">
         <name>.debug_info</name>
         <load_address>0x9896</load_address>
         <run_address>0x9896</run_address>
         <size>0x42c</size>
         <input_file_ref idref="fl-d7"/>
      </object_component>
      <object_component id="oc-26b">
         <name>.debug_info</name>
         <load_address>0x9cc2</load_address>
         <run_address>0x9cc2</run_address>
         <size>0x192</size>
         <input_file_ref idref="fl-d7"/>
      </object_component>
      <object_component id="oc-21b">
         <name>.debug_info</name>
         <load_address>0x9e54</load_address>
         <run_address>0x9e54</run_address>
         <size>0x1eb</size>
         <input_file_ref idref="fl-d7"/>
      </object_component>
      <object_component id="oc-2ab">
         <name>.debug_info</name>
         <load_address>0xa03f</load_address>
         <run_address>0xa03f</run_address>
         <size>0xea</size>
         <input_file_ref idref="fl-d7"/>
      </object_component>
      <object_component id="oc-2bd">
         <name>.debug_info</name>
         <load_address>0xa129</load_address>
         <run_address>0xa129</run_address>
         <size>0x2c</size>
         <input_file_ref idref="fl-d7"/>
      </object_component>
      <object_component id="oc-180">
         <name>.debug_info</name>
         <load_address>0xa155</load_address>
         <run_address>0xa155</run_address>
         <size>0x4b3</size>
         <input_file_ref idref="fl-d8"/>
      </object_component>
      <object_component id="oc-109">
         <name>.debug_info</name>
         <load_address>0xa608</load_address>
         <run_address>0xa608</run_address>
         <size>0x1a6</size>
         <input_file_ref idref="fl-d8"/>
      </object_component>
      <object_component id="oc-202">
         <name>.debug_info</name>
         <load_address>0xa7ae</load_address>
         <run_address>0xa7ae</run_address>
         <size>0x39</size>
         <input_file_ref idref="fl-d8"/>
      </object_component>
      <object_component id="oc-251">
         <name>.debug_info</name>
         <load_address>0xa7e7</load_address>
         <run_address>0xa7e7</run_address>
         <size>0x39</size>
         <input_file_ref idref="fl-d8"/>
      </object_component>
      <object_component id="oc-207">
         <name>.debug_info</name>
         <load_address>0xa820</load_address>
         <run_address>0xa820</run_address>
         <size>0x39</size>
         <input_file_ref idref="fl-d8"/>
      </object_component>
      <object_component id="oc-20c">
         <name>.debug_info</name>
         <load_address>0xa859</load_address>
         <run_address>0xa859</run_address>
         <size>0xcd</size>
         <input_file_ref idref="fl-d8"/>
      </object_component>
      <object_component id="oc-a3">
         <name>.debug_info</name>
         <load_address>0xa926</load_address>
         <run_address>0xa926</run_address>
         <size>0x153</size>
         <input_file_ref idref="fl-d9"/>
      </object_component>
      <object_component id="oc-2b1">
         <name>.debug_info</name>
         <load_address>0xaa79</load_address>
         <run_address>0xaa79</run_address>
         <size>0x29a</size>
         <input_file_ref idref="fl-dc"/>
      </object_component>
      <object_component id="oc-25e">
         <name>.debug_info</name>
         <load_address>0xad13</load_address>
         <run_address>0xad13</run_address>
         <size>0x262</size>
         <input_file_ref idref="fl-dc"/>
      </object_component>
      <object_component id="oc-2f1">
         <name>.debug_info</name>
         <load_address>0xaf75</load_address>
         <run_address>0xaf75</run_address>
         <size>0x28a</size>
         <input_file_ref idref="fl-dd"/>
      </object_component>
      <object_component id="oc-2b7">
         <name>.debug_info</name>
         <load_address>0xb1ff</load_address>
         <run_address>0xb1ff</run_address>
         <size>0x273</size>
         <input_file_ref idref="fl-dd"/>
      </object_component>
      <object_component id="oc-2b3">
         <name>.debug_info</name>
         <load_address>0xb472</load_address>
         <run_address>0xb472</run_address>
         <size>0x2af</size>
         <input_file_ref idref="fl-de"/>
      </object_component>
      <object_component id="oc-265">
         <name>.debug_info</name>
         <load_address>0xb721</load_address>
         <run_address>0xb721</run_address>
         <size>0x277</size>
         <input_file_ref idref="fl-de"/>
      </object_component>
      <object_component id="oc-250">
         <name>.debug_info</name>
         <load_address>0xb998</load_address>
         <run_address>0xb998</run_address>
         <size>0x3d1</size>
         <input_file_ref idref="fl-df"/>
      </object_component>
      <object_component id="oc-1f5">
         <name>.debug_info</name>
         <load_address>0xbd69</load_address>
         <run_address>0xbd69</run_address>
         <size>0x1a5</size>
         <input_file_ref idref="fl-df"/>
      </object_component>
      <object_component id="oc-2db">
         <name>.debug_info</name>
         <load_address>0xbf0e</load_address>
         <run_address>0xbf0e</run_address>
         <size>0x373</size>
         <input_file_ref idref="fl-e0"/>
      </object_component>
      <object_component id="oc-282">
         <name>.debug_info</name>
         <load_address>0xc281</load_address>
         <run_address>0xc281</run_address>
         <size>0x1bc</size>
         <input_file_ref idref="fl-e0"/>
      </object_component>
      <object_component id="oc-2e1">
         <name>.debug_info</name>
         <load_address>0xc43d</load_address>
         <run_address>0xc43d</run_address>
         <size>0x378</size>
         <input_file_ref idref="fl-e1"/>
      </object_component>
      <object_component id="oc-293">
         <name>.debug_info</name>
         <load_address>0xc7b5</load_address>
         <run_address>0xc7b5</run_address>
         <size>0x210</size>
         <input_file_ref idref="fl-e1"/>
      </object_component>
      <object_component id="oc-2d7">
         <name>.debug_info</name>
         <load_address>0xc9c5</load_address>
         <run_address>0xc9c5</run_address>
         <size>0x3a3</size>
         <input_file_ref idref="fl-e2"/>
      </object_component>
      <object_component id="oc-27a">
         <name>.debug_info</name>
         <load_address>0xcd68</load_address>
         <run_address>0xcd68</run_address>
         <size>0x20c</size>
         <input_file_ref idref="fl-e2"/>
      </object_component>
      <object_component id="oc-2dd">
         <name>.debug_info</name>
         <load_address>0xcf74</load_address>
         <run_address>0xcf74</run_address>
         <size>0x377</size>
         <input_file_ref idref="fl-e3"/>
      </object_component>
      <object_component id="oc-286">
         <name>.debug_info</name>
         <load_address>0xd2eb</load_address>
         <run_address>0xd2eb</run_address>
         <size>0x1fb</size>
         <input_file_ref idref="fl-e3"/>
      </object_component>
      <object_component id="oc-2eb">
         <name>.debug_info</name>
         <load_address>0xd4e6</load_address>
         <run_address>0xd4e6</run_address>
         <size>0x3d5</size>
         <input_file_ref idref="fl-e4"/>
      </object_component>
      <object_component id="oc-29e">
         <name>.debug_info</name>
         <load_address>0xd8bb</load_address>
         <run_address>0xd8bb</run_address>
         <size>0x236</size>
         <input_file_ref idref="fl-e4"/>
      </object_component>
      <object_component id="oc-2e3">
         <name>.debug_info</name>
         <load_address>0xdaf1</load_address>
         <run_address>0xdaf1</run_address>
         <size>0x396</size>
         <input_file_ref idref="fl-e5"/>
      </object_component>
      <object_component id="oc-298">
         <name>.debug_info</name>
         <load_address>0xde87</load_address>
         <run_address>0xde87</run_address>
         <size>0x1c6</size>
         <input_file_ref idref="fl-e5"/>
      </object_component>
      <object_component id="oc-2df">
         <name>.debug_info</name>
         <load_address>0xe04d</load_address>
         <run_address>0xe04d</run_address>
         <size>0x378</size>
         <input_file_ref idref="fl-e6"/>
      </object_component>
      <object_component id="oc-28c">
         <name>.debug_info</name>
         <load_address>0xe3c5</load_address>
         <run_address>0xe3c5</run_address>
         <size>0x200</size>
         <input_file_ref idref="fl-e6"/>
      </object_component>
      <object_component id="oc-2f8">
         <name>.debug_info</name>
         <load_address>0xe5c5</load_address>
         <run_address>0xe5c5</run_address>
         <size>0x2bb</size>
         <input_file_ref idref="fl-e7"/>
      </object_component>
      <object_component id="oc-2f5">
         <name>.debug_info</name>
         <load_address>0xe880</load_address>
         <run_address>0xe880</run_address>
         <size>0x108</size>
         <input_file_ref idref="fl-e7"/>
      </object_component>
      <object_component id="oc-2cb">
         <name>.debug_info</name>
         <load_address>0xe988</load_address>
         <run_address>0xe988</run_address>
         <size>0x1df</size>
         <input_file_ref idref="fl-e7"/>
      </object_component>
      <object_component id="oc-2d1">
         <name>.debug_info</name>
         <load_address>0xeb67</load_address>
         <run_address>0xeb67</run_address>
         <size>0x19a</size>
         <input_file_ref idref="fl-e7"/>
      </object_component>
      <object_component id="oc-307">
         <name>.debug_info</name>
         <load_address>0xed01</load_address>
         <run_address>0xed01</run_address>
         <size>0x2a4</size>
         <input_file_ref idref="fl-e9"/>
      </object_component>
      <object_component id="oc-2e5">
         <name>.debug_info</name>
         <load_address>0xefa5</load_address>
         <run_address>0xefa5</run_address>
         <size>0x24d</size>
         <input_file_ref idref="fl-e9"/>
      </object_component>
      <object_component id="oc-2f3">
         <name>.debug_info</name>
         <load_address>0xf1f2</load_address>
         <run_address>0xf1f2</run_address>
         <size>0x28f</size>
         <input_file_ref idref="fl-ea"/>
      </object_component>
      <object_component id="oc-2c7">
         <name>.debug_info</name>
         <load_address>0xf481</load_address>
         <run_address>0xf481</run_address>
         <size>0x245</size>
         <input_file_ref idref="fl-ea"/>
      </object_component>
      <object_component id="oc-344">
         <name>.debug_info</name>
         <load_address>0xf6c6</load_address>
         <run_address>0xf6c6</run_address>
         <size>0xae</size>
      </object_component>
      <object_component id="oc-f9">
         <name>.debug_line</name>
         <load_address>0x0</load_address>
         <run_address>0x0</run_address>
         <size>0x182</size>
         <input_file_ref idref="fl-2"/>
      </object_component>
      <object_component id="oc-34">
         <name>.debug_line</name>
         <load_address>0x182</load_address>
         <run_address>0x182</run_address>
         <size>0x1bd</size>
         <input_file_ref idref="fl-3"/>
      </object_component>
      <object_component id="oc-13b">
         <name>.debug_line</name>
         <load_address>0x33f</load_address>
         <run_address>0x33f</run_address>
         <size>0xc2</size>
         <input_file_ref idref="fl-4"/>
      </object_component>
      <object_component id="oc-aa">
         <name>.debug_line</name>
         <load_address>0x401</load_address>
         <run_address>0x401</run_address>
         <size>0x4e</size>
         <input_file_ref idref="fl-4"/>
      </object_component>
      <object_component id="oc-80">
         <name>.debug_line</name>
         <load_address>0x44f</load_address>
         <run_address>0x44f</run_address>
         <size>0x6f</size>
         <input_file_ref idref="fl-4"/>
      </object_component>
      <object_component id="oc-41">
         <name>.debug_line</name>
         <load_address>0x4be</load_address>
         <run_address>0x4be</run_address>
         <size>0x20</size>
         <input_file_ref idref="fl-4"/>
      </object_component>
      <object_component id="oc-c9">
         <name>.debug_line</name>
         <load_address>0x4de</load_address>
         <run_address>0x4de</run_address>
         <size>0x73</size>
         <input_file_ref idref="fl-4"/>
      </object_component>
      <object_component id="oc-85">
         <name>.debug_line</name>
         <load_address>0x551</load_address>
         <run_address>0x551</run_address>
         <size>0x70</size>
         <input_file_ref idref="fl-4"/>
      </object_component>
      <object_component id="oc-13f">
         <name>.debug_line</name>
         <load_address>0x5c1</load_address>
         <run_address>0x5c1</run_address>
         <size>0x6a</size>
         <input_file_ref idref="fl-4"/>
      </object_component>
      <object_component id="oc-7c">
         <name>.debug_line</name>
         <load_address>0x62b</load_address>
         <run_address>0x62b</run_address>
         <size>0x41</size>
         <input_file_ref idref="fl-5"/>
      </object_component>
      <object_component id="oc-36">
         <name>.debug_line</name>
         <load_address>0x66c</load_address>
         <run_address>0x66c</run_address>
         <size>0x41</size>
         <input_file_ref idref="fl-5"/>
      </object_component>
      <object_component id="oc-2f">
         <name>.debug_line</name>
         <load_address>0x6ad</load_address>
         <run_address>0x6ad</run_address>
         <size>0xa1</size>
         <input_file_ref idref="fl-5"/>
      </object_component>
      <object_component id="oc-1fb">
         <name>.debug_line</name>
         <load_address>0x74e</load_address>
         <run_address>0x74e</run_address>
         <size>0x18a</size>
         <input_file_ref idref="fl-bf"/>
      </object_component>
      <object_component id="oc-173">
         <name>.debug_line</name>
         <load_address>0x8d8</load_address>
         <run_address>0x8d8</run_address>
         <size>0x68</size>
         <input_file_ref idref="fl-bf"/>
      </object_component>
      <object_component id="oc-f4">
         <name>.debug_line</name>
         <load_address>0x940</load_address>
         <run_address>0x940</run_address>
         <size>0x53</size>
         <input_file_ref idref="fl-bf"/>
      </object_component>
      <object_component id="oc-1cd">
         <name>.debug_line</name>
         <load_address>0x993</load_address>
         <run_address>0x993</run_address>
         <size>0x91</size>
         <input_file_ref idref="fl-bf"/>
      </object_component>
      <object_component id="oc-278">
         <name>.debug_line</name>
         <load_address>0xa24</load_address>
         <run_address>0xa24</run_address>
         <size>0x118</size>
         <input_file_ref idref="fl-c0"/>
      </object_component>
      <object_component id="oc-1d9">
         <name>.debug_line</name>
         <load_address>0xb3c</load_address>
         <run_address>0xb3c</run_address>
         <size>0x5c</size>
         <input_file_ref idref="fl-c0"/>
      </object_component>
      <object_component id="oc-1c9">
         <name>.debug_line</name>
         <load_address>0xb98</load_address>
         <run_address>0xb98</run_address>
         <size>0x189</size>
         <input_file_ref idref="fl-c1"/>
      </object_component>
      <object_component id="oc-149">
         <name>.debug_line</name>
         <load_address>0xd21</load_address>
         <run_address>0xd21</run_address>
         <size>0x9b</size>
         <input_file_ref idref="fl-c1"/>
      </object_component>
      <object_component id="oc-1b2">
         <name>.debug_line</name>
         <load_address>0xdbc</load_address>
         <run_address>0xdbc</run_address>
         <size>0x4d</size>
         <input_file_ref idref="fl-c1"/>
      </object_component>
      <object_component id="oc-e4">
         <name>.debug_line</name>
         <load_address>0xe09</load_address>
         <run_address>0xe09</run_address>
         <size>0x87</size>
         <input_file_ref idref="fl-c1"/>
      </object_component>
      <object_component id="oc-bf">
         <name>.debug_line</name>
         <load_address>0xe90</load_address>
         <run_address>0xe90</run_address>
         <size>0x92</size>
         <input_file_ref idref="fl-c1"/>
      </object_component>
      <object_component id="oc-1e5">
         <name>.debug_line</name>
         <load_address>0xf22</load_address>
         <run_address>0xf22</run_address>
         <size>0xa6</size>
         <input_file_ref idref="fl-c2"/>
      </object_component>
      <object_component id="oc-ee">
         <name>.debug_line</name>
         <load_address>0xfc8</load_address>
         <run_address>0xfc8</run_address>
         <size>0xdd</size>
         <input_file_ref idref="fl-c2"/>
      </object_component>
      <object_component id="oc-d7">
         <name>.debug_line</name>
         <load_address>0x10a5</load_address>
         <run_address>0x10a5</run_address>
         <size>0x92</size>
         <input_file_ref idref="fl-c2"/>
      </object_component>
      <object_component id="oc-239">
         <name>.debug_line</name>
         <load_address>0x1137</load_address>
         <run_address>0x1137</run_address>
         <size>0x11a</size>
         <input_file_ref idref="fl-c3"/>
      </object_component>
      <object_component id="oc-162">
         <name>.debug_line</name>
         <load_address>0x1251</load_address>
         <run_address>0x1251</run_address>
         <size>0x7f</size>
         <input_file_ref idref="fl-c3"/>
      </object_component>
      <object_component id="oc-22f">
         <name>.debug_line</name>
         <load_address>0x12d0</load_address>
         <run_address>0x12d0</run_address>
         <size>0x91</size>
         <input_file_ref idref="fl-c4"/>
      </object_component>
      <object_component id="oc-15b">
         <name>.debug_line</name>
         <load_address>0x1361</load_address>
         <run_address>0x1361</run_address>
         <size>0x60</size>
         <input_file_ref idref="fl-c4"/>
      </object_component>
      <object_component id="oc-22c">
         <name>.debug_line</name>
         <load_address>0x13c1</load_address>
         <run_address>0x13c1</run_address>
         <size>0x91</size>
         <input_file_ref idref="fl-c4"/>
      </object_component>
      <object_component id="oc-274">
         <name>.debug_line</name>
         <load_address>0x1452</load_address>
         <run_address>0x1452</run_address>
         <size>0x110</size>
         <input_file_ref idref="fl-c5"/>
      </object_component>
      <object_component id="oc-1d0">
         <name>.debug_line</name>
         <load_address>0x1562</load_address>
         <run_address>0x1562</run_address>
         <size>0xa1</size>
         <input_file_ref idref="fl-c5"/>
      </object_component>
      <object_component id="oc-45">
         <name>.debug_line</name>
         <load_address>0x1603</load_address>
         <run_address>0x1603</run_address>
         <size>0x88</size>
         <input_file_ref idref="fl-c6"/>
      </object_component>
      <object_component id="oc-9d">
         <name>.debug_line</name>
         <load_address>0x168b</load_address>
         <run_address>0x168b</run_address>
         <size>0x79</size>
         <input_file_ref idref="fl-c7"/>
      </object_component>
      <object_component id="oc-da">
         <name>.debug_line</name>
         <load_address>0x1704</load_address>
         <run_address>0x1704</run_address>
         <size>0x92</size>
         <input_file_ref idref="fl-c8"/>
      </object_component>
      <object_component id="oc-51">
         <name>.debug_line</name>
         <load_address>0x1796</load_address>
         <run_address>0x1796</run_address>
         <size>0x4c</size>
         <input_file_ref idref="fl-c8"/>
      </object_component>
      <object_component id="oc-99">
         <name>.debug_line</name>
         <load_address>0x17e2</load_address>
         <run_address>0x17e2</run_address>
         <size>0x34</size>
         <input_file_ref idref="fl-c8"/>
      </object_component>
      <object_component id="oc-94">
         <name>.debug_line</name>
         <load_address>0x1816</load_address>
         <run_address>0x1816</run_address>
         <size>0x20</size>
         <input_file_ref idref="fl-c9"/>
      </object_component>
      <object_component id="oc-1f">
         <name>.debug_line</name>
         <load_address>0x1836</load_address>
         <run_address>0x1836</run_address>
         <size>0x55</size>
         <input_file_ref idref="fl-c9"/>
      </object_component>
      <object_component id="oc-4c">
         <name>.debug_line</name>
         <load_address>0x188b</load_address>
         <run_address>0x188b</run_address>
         <size>0x3a</size>
         <input_file_ref idref="fl-c9"/>
      </object_component>
      <object_component id="oc-91">
         <name>.debug_line</name>
         <load_address>0x18c5</load_address>
         <run_address>0x18c5</run_address>
         <size>0x92</size>
         <input_file_ref idref="fl-c9"/>
      </object_component>
      <object_component id="oc-d3">
         <name>.debug_line</name>
         <load_address>0x1957</load_address>
         <run_address>0x1957</run_address>
         <size>0x20</size>
         <input_file_ref idref="fl-ca"/>
      </object_component>
      <object_component id="oc-18">
         <name>.debug_line</name>
         <load_address>0x1977</load_address>
         <run_address>0x1977</run_address>
         <size>0xa9</size>
         <input_file_ref idref="fl-ca"/>
      </object_component>
      <object_component id="oc-3c">
         <name>.debug_line</name>
         <load_address>0x1a20</load_address>
         <run_address>0x1a20</run_address>
         <size>0x3a</size>
         <input_file_ref idref="fl-ca"/>
      </object_component>
      <object_component id="oc-d0">
         <name>.debug_line</name>
         <load_address>0x1a5a</load_address>
         <run_address>0x1a5a</run_address>
         <size>0x9a</size>
         <input_file_ref idref="fl-ca"/>
      </object_component>
      <object_component id="oc-8a">
         <name>.debug_line</name>
         <load_address>0x1af4</load_address>
         <run_address>0x1af4</run_address>
         <size>0x96</size>
         <input_file_ref idref="fl-ca"/>
      </object_component>
      <object_component id="oc-1ff">
         <name>.debug_line</name>
         <load_address>0x1b8a</load_address>
         <run_address>0x1b8a</run_address>
         <size>0x102</size>
         <input_file_ref idref="fl-cb"/>
      </object_component>
      <object_component id="oc-1fd">
         <name>.debug_line</name>
         <load_address>0x1c8c</load_address>
         <run_address>0x1c8c</run_address>
         <size>0x2a</size>
         <input_file_ref idref="fl-cb"/>
      </object_component>
      <object_component id="oc-101">
         <name>.debug_line</name>
         <load_address>0x1cb6</load_address>
         <run_address>0x1cb6</run_address>
         <size>0x3c</size>
         <input_file_ref idref="fl-cb"/>
      </object_component>
      <object_component id="oc-107">
         <name>.debug_line</name>
         <load_address>0x1cf2</load_address>
         <run_address>0x1cf2</run_address>
         <size>0x58</size>
         <input_file_ref idref="fl-cb"/>
      </object_component>
      <object_component id="oc-226">
         <name>.debug_line</name>
         <load_address>0x1d4a</load_address>
         <run_address>0x1d4a</run_address>
         <size>0x20</size>
         <input_file_ref idref="fl-cc"/>
      </object_component>
      <object_component id="oc-1c3">
         <name>.debug_line</name>
         <load_address>0x1d6a</load_address>
         <run_address>0x1d6a</run_address>
         <size>0x2b</size>
         <input_file_ref idref="fl-cc"/>
      </object_component>
      <object_component id="oc-1bf">
         <name>.debug_line</name>
         <load_address>0x1d95</load_address>
         <run_address>0x1d95</run_address>
         <size>0x3a</size>
         <input_file_ref idref="fl-cc"/>
      </object_component>
      <object_component id="oc-223">
         <name>.debug_line</name>
         <load_address>0x1dcf</load_address>
         <run_address>0x1dcf</run_address>
         <size>0x2a</size>
         <input_file_ref idref="fl-cd"/>
      </object_component>
      <object_component id="oc-1b9">
         <name>.debug_line</name>
         <load_address>0x1df9</load_address>
         <run_address>0x1df9</run_address>
         <size>0x2a</size>
         <input_file_ref idref="fl-cd"/>
      </object_component>
      <object_component id="oc-1c7">
         <name>.debug_line</name>
         <load_address>0x1e23</load_address>
         <run_address>0x1e23</run_address>
         <size>0x2a</size>
         <input_file_ref idref="fl-cd"/>
      </object_component>
      <object_component id="oc-bb">
         <name>.debug_line</name>
         <load_address>0x1e4d</load_address>
         <run_address>0x1e4d</run_address>
         <size>0x10f</size>
         <input_file_ref idref="fl-ce"/>
      </object_component>
      <object_component id="oc-74">
         <name>.debug_line</name>
         <load_address>0x1f5c</load_address>
         <run_address>0x1f5c</run_address>
         <size>0x2c</size>
         <input_file_ref idref="fl-ce"/>
      </object_component>
      <object_component id="oc-217">
[...]
      <symbol id="sm-95">
         <name>row3</name>
         <value>0x2000042f</value>
         <object_component_ref idref="oc-176"/>
      </symbol>
      <symbol id="sm-96">
         <name>row2</name>
         <value>0x20000421</value>
         <object_component_ref idref="oc-176"/>
      </symbol>
      <symbol id="sm-97">
         <name>row1</name>
         <value>0x20000413</value>
         <object_component_ref idref="oc-176"/>
      </symbol>
      <symbol id="sm-98">
         <name>place1</name>
         <value>0x2000044b</value>
         <object_component_ref idref="oc-176"/>
      </symbol>
      <symbol id="sm-99">
         <name>place3</name>
         <value>0x2000047d</value>
         <object_component_ref idref="oc-176"/>
      </symbol>
      <symbol id="sm-9a">
         <name>place2</name>
         <value>0x20000464</value>
         <object_component_ref idref="oc-176"/>
      </symbol>
      <symbol id="sm-9b">
         <name>place4</name>
         <value>0x20000496</value>
         <object_component_ref idref="oc-176"/>
      </symbol>
      <symbol id="sm-9c">
         <name>offend1</name>
         <value>0x200004b3</value>
         <object_component_ref idref="oc-176"/>
      </symbol>
      <symbol id="sm-9d">
         <name>offend3</name>
         <value>0x200004b5</value>
         <object_component_ref idref="oc-176"/>
      </symbol>
      <symbol id="sm-9e">
         <name>offend2</name>
         <value>0x200004b4</value>
         <object_component_ref idref="oc-176"/>
      </symbol>
      <symbol id="sm-9f">
         <name>offend4</name>
         <value>0x200004b6</value>
         <object_component_ref idref="oc-176"/>
      </symbol>
      <symbol id="sm-a0">
         <name>song_prompt</name>
         <value>0x20000235</value>
         <object_component_ref idref="oc-176"/>
      </symbol>
      <symbol id="sm-a1">
         <name>left_arrow</name>
         <value>0x200003ed</value>
         <object_component_ref idref="oc-176"/>
      </symbol>
      <symbol id="sm-a2">
         <name>right_arrow</name>
         <value>0x200003f8</value>
         <object_component_ref idref="oc-176"/>
      </symbol>
      <symbol id="sm-a3">
         <name>loc</name>
         <value>0x20000006</value>
         <object_component_ref idref="oc-176"/>
      </symbol>
      <symbol id="sm-a4">
         <name>initial_border</name>
         <value>0x20000014</value>
         <object_component_ref idref="oc-176"/>
      </symbol>
      <symbol id="sm-a5">
         <name>lab_7</name>
         <value>0x80d</value>
         <object_component_ref idref="oc-f5"/>
      </symbol>
      <symbol id="sm-a6">
         <name>song1</name>
         <value>0x200002de</value>
         <object_component_ref idref="oc-176"/>
      </symbol>
      <symbol id="sm-a7">
         <name>song2</name>
         <value>0x20000315</value>
         <object_component_ref idref="oc-176"/>
      </symbol>
      <symbol id="sm-a8">
         <name>song3</name>
         <value>0x20000349</value>
         <object_component_ref idref="oc-176"/>
      </symbol>
      <symbol id="sm-a9">
         <name>song4</name>
         <value>0x20000376</value>
         <object_component_ref idref="oc-176"/>
      </symbol>
      <symbol id="sm-aa">
         <name>song5</name>
         <value>0x200003a7</value>
         <object_component_ref idref="oc-176"/>
      </symbol>
      <symbol id="sm-ab">
         <name>offset1</name>
         <value>0x200004af</value>
         <object_component_ref idref="oc-176"/>
      </symbol>
      <symbol id="sm-ac">
         <name>offset3</name>
         <value>0x200004b1</value>
         <object_component_ref idref="oc-176"/>
      </symbol>
      <symbol id="sm-ad">
         <name>offset2</name>
         <value>0x200004b0</value>
         <object_component_ref idref="oc-176"/>
      </symbol>
      <symbol id="sm-ae">
         <name>offset4</name>
         <value>0x200004b2</value>
         <object_component_ref idref="oc-176"/>
      </symbol>
      <symbol id="sm-cf">
         <name>int2string</name>
         <value>0x571</value>
         <object_component_ref idref="oc-30"/>
      </symbol>
      <symbol id="sm-d0">
         <name>read_character</name>
         <value>0x6fd</value>
         <object_component_ref idref="oc-30"/>
      </symbol>
      <symbol id="sm-d1">
         <name>Timer_Handler</name>
         <value>0x3dd</value>
         <object_component_ref idref="oc-30"/>
      </symbol>
      <symbol id="sm-d2">
         <name>output_string</name>
         <value>0x5c1</value>
         <object_component_ref idref="oc-30"/>
      </symbol>
      <symbol id="sm-d3">
         <name>gpio_btn_and_LED_init</name>
         <value>0x3f3</value>
         <object_component_ref idref="oc-30"/>
      </symbol>
      <symbol id="sm-d4">
         <name>illuminate_RGB_LED</name>
         <value>0x66b</value>
         <object_component_ref idref="oc-30"/>
      </symbol>
      <symbol id="sm-d5">
         <name>output_character</name>
         <value>0x5e3</value>
         <object_component_ref idref="oc-30"/>
      </symbol>
      <symbol id="sm-d6">
         <name>simple_read_character</name>
         <value>0x55f</value>
         <object_component_ref idref="oc-30"/>
      </symbol>
      <symbol id="sm-d7">
         <name>character_to_value</name>
         <value>0x757</value>
         <object_component_ref idref="oc-30"/>
      </symbol>
      <symbol id="sm-d8">
         <name>Switch_Handler</name>
         <value>0x3c5</value>
         <object_component_ref idref="oc-30"/>
      </symbol>
      <symbol id="sm-d9">
         <name>uart_interrupt_init</name>
         <value>0x279</value>
         <object_component_ref idref="oc-30"/>
      </symbol>
      <symbol id="sm-da">
         <name>timer_init</name>
         <value>0x319</value>
         <object_component_ref idref="oc-30"/>
      </symbol>
      <symbol id="sm-db">
         <name>illuminate_LEDs</name>
         <value>0x6e1</value>
         <object_component_ref idref="oc-30"/>
      </symbol>
      <symbol id="sm-dc">
         <name>uart_init</name>
         <value>0x48b</value>
         <object_component_ref idref="oc-30"/>
      </symbol>
      <symbol id="sm-dd">
         <name>UART0_Handler</name>
         <value>0x3a9</value>
         <object_component_ref idref="oc-30"/>
      </symbol>
      <symbol id="sm-de">
         <name>gpio_interrupt_init</name>
         <value>0x2b1</value>
         <object_component_ref idref="oc-30"/>
      </symbol>
      <symbol id="sm-df">
         <name>simple_int_to_string</name>
         <value>0x721</value>
         <object_component_ref idref="oc-30"/>
      </symbol>
      <symbol id="sm-e0">
         <name>read_alice_btns</name>
         <value>0x61f</value>
         <object_component_ref idref="oc-30"/>
      </symbol>
      <symbol id="sm-e1">
         <name>read_from_push_btns</name>
         <value>0x607</value>
         <object_component_ref idref="oc-30"/>
      </symbol>
      <symbol id="sm-10e">
         <name>beatmap</name>
         <value>0x20000e70</value>
      </symbol>
      <symbol id="sm-10f">
         <name>main</name>
         <value>0x1435</value>
         <object_component_ref idref="oc-a8"/>
      </symbol>
      <symbol id="sm-12b">
         <name>ResetISR</name>
         <value>0x1c55</value>
         <object_component_ref idref="oc-2a"/>
      </symbol>
      <symbol id="sm-12c">
         <name>g_pfnVectors</name>
         <value>0x0</value>
         <object_component_ref idref="oc-12"/>
      </symbol>
      <symbol id="sm-151">
         <name>__TI_closefile</name>
         <value>0x13c1</value>
         <object_component_ref idref="oc-16e"/>
      </symbol>
      <symbol id="sm-152">
         <name>fclose</name>
         <value>0x1ae9</value>
         <object_component_ref idref="oc-ef"/>
      </symbol>
      <symbol id="sm-162">
         <name>__TI_doflush</name>
         <value>0x17bd</value>
         <object_component_ref idref="oc-1d7"/>
      </symbol>
      <symbol id="sm-1ae">
         <name>__TI_cleanup</name>
         <value>0x1a1d</value>
         <object_component_ref idref="oc-1b1"/>
      </symbol>
      <symbol id="sm-1af">
         <name>fopen</name>
         <value>0x120d</value>
         <object_component_ref idref="oc-e3"/>
      </symbol>
      <symbol id="sm-1d0">
         <name>fread</name>
         <value>0xdfd</value>
         <object_component_ref idref="oc-e9"/>
      </symbol>
      <symbol id="sm-1e9">
         <name>__TI_buff_read</name>
         <value>0x1171</value>
         <object_component_ref idref="oc-160"/>
      </symbol>
      <symbol id="sm-200">
         <name>__TI_rd_ok</name>
         <value>0x1809</value>
         <object_component_ref idref="oc-15a"/>
      </symbol>
      <symbol id="sm-21c">
         <name>setvbuf</name>
         <value>0xfd9</value>
         <object_component_ref idref="oc-1cf"/>
      </symbol>
      <symbol id="sm-237">
         <name>memcpy</name>
         <value>0x12a9</value>
         <object_component_ref idref="oc-43"/>
      </symbol>
      <symbol id="sm-238">
         <name>__aeabi_memcpy</name>
         <value>0x12a9</value>
         <object_component_ref idref="oc-43"/>
      </symbol>
      <symbol id="sm-239">
         <name>__aeabi_memcpy8</name>
         <value>0x12a9</value>
         <object_component_ref idref="oc-43"/>
      </symbol>
      <symbol id="sm-23a">
         <name>__aeabi_memcpy4</name>
         <value>0x12a9</value>
         <object_component_ref idref="oc-43"/>
      </symbol>
      <symbol id="sm-249">
         <name>__aeabi_memset</name>
         <value>0x1347</value>
         <object_component_ref idref="oc-9c"/>
      </symbol>
      <symbol id="sm-24a">
         <name>memset</name>
         <value>0x134d</value>
         <object_component_ref idref="oc-9c"/>
      </symbol>
      <symbol id="sm-24b">
         <name>__aeabi_memset8</name>
         <value>0x1347</value>
         <object_component_ref idref="oc-9c"/>
      </symbol>
      <symbol id="sm-24c">
         <name>__aeabi_memset4</name>
         <value>0x1347</value>
         <object_component_ref idref="oc-9c"/>
      </symbol>
      <symbol id="sm-24d">
         <name>__aeabi_memclr8</name>
         <value>0x1345</value>
         <object_component_ref idref="oc-9c"/>
      </symbol>
      <symbol id="sm-24e">
         <name>__aeabi_memclr4</name>
         <value>0x1345</value>
         <object_component_ref idref="oc-9c"/>
      </symbol>
      <symbol id="sm-24f">
         <name>__aeabi_memclr</name>
         <value>0x1345</value>
         <object_component_ref idref="oc-9c"/>
      </symbol>
      <symbol id="sm-263">
         <name>__TI_zero_init_nomemset</name>
         <value>0x1bb9</value>
         <object_component_ref idref="oc-4f"/>
      </symbol>
      <symbol id="sm-27a">
         <name>__TI_decompress_none</name>
         <value>0x1c47</value>
         <object_component_ref idref="oc-1b"/>
      </symbol>
      <symbol id="sm-29d">
         <name>__TI_decompress_lzss</name>
         <value>0x15e9</value>
         <object_component_ref idref="oc-15"/>
      </symbol>
      <symbol id="sm-2c3">
         <name>C$$EXIT</name>
         <value>0x1c6d</value>
         <object_component_ref idref="oc-fc"/>
      </symbol>
      <symbol id="sm-2c4">
         <name>abort</name>
         <value>0x1c6d</value>
         <object_component_ref idref="oc-fc"/>
      </symbol>
      <symbol id="sm-2c5">
         <name>__TI_dtors_ptr</name>
         <value>0x20000684</value>
         <object_component_ref idref="oc-179"/>
      </symbol>
      <symbol id="sm-2c6">
         <name>__TI_cleanup_ptr</name>
         <value>0x20000680</value>
         <object_component_ref idref="oc-179"/>
      </symbol>
      <symbol id="sm-2c7">
         <name>__TI_enable_exit_profile_output</name>
         <value>0x20000688</value>
         <object_component_ref idref="oc-179"/>
      </symbol>
      <symbol id="sm-2c8">
         <name>exit</name>
         <value>0x1855</value>
         <object_component_ref idref="oc-102"/>
      </symbol>
      <symbol id="sm-2dd">
         <name>_nop</name>
         <value>0x13bf</value>
         <object_component_ref idref="oc-1bc"/>
      </symbol>
      <symbol id="sm-2de">
         <name>_lock</name>
         <value>0x2000068c</value>
         <object_component_ref idref="oc-152"/>
      </symbol>
      <symbol id="sm-2df">
         <name>_unlock</name>
         <value>0x20000690</value>
         <object_component_ref idref="oc-152"/>
      </symbol>
      <symbol id="sm-2f4">
         <name>__TI_tmpnams</name>
         <value>0x20000dc8</value>
      </symbol>
      <symbol id="sm-2f5">
         <name>__aeabi_stdout</name>
         <value>0x20000678</value>
         <object_component_ref idref="oc-155"/>
      </symbol>
      <symbol id="sm-2f6">
         <name>__aeabi_stderr</name>
         <value>0x2000067c</value>
         <object_component_ref idref="oc-155"/>
      </symbol>
      <symbol id="sm-2f7">
         <name>__aeabi_stdin</name>
         <value>0x20000674</value>
         <object_component_ref idref="oc-155"/>
      </symbol>
      <symbol id="sm-2f8">
         <name>_ftable</name>
         <value>0x200004b8</value>
         <object_component_ref idref="oc-14f"/>
      </symbol>
      <symbol id="sm-2f9">
         <name>__TI_ft_end</name>
         <value>0x20000670</value>
         <object_component_ref idref="oc-155"/>
      </symbol>
      <symbol id="sm-37d">
         <name>_sys_memory</name>
         <value>0x200006a8</value>
         <object_component_ref idref="oc-24"/>
      </symbol>
      <symbol id="sm-37e">
         <name>free</name>
         <value>0xef5</value>
         <object_component_ref idref="oc-1e6"/>
      </symbol>
      <symbol id="sm-37f">
         <name>memalign</name>
         <value>0xcfd</value>
         <object_component_ref idref="oc-141"/>
      </symbol>
      <symbol id="sm-380">
         <name>malloc</name>
         <value>0x1c61</value>
         <object_component_ref idref="oc-dd"/>
      </symbol>
      <symbol id="sm-381">
         <name>aligned_alloc</name>
         <value>0xcfd</value>
         <object_component_ref idref="oc-141"/>
      </symbol>
      <symbol id="sm-394">
         <name>__stack</name>
         <value>0x20000aa8</value>
         <object_component_ref idref="oc-27"/>
      </symbol>
      <symbol id="sm-395">
         <name>_c_int00_noargs</name>
         <value>0x1a85</value>
         <object_component_ref idref="oc-61"/>
      </symbol>
      <symbol id="sm-3af">
         <name>write</name>
         <value>0x1b91</value>
         <object_component_ref idref="oc-230"/>
      </symbol>
      <symbol id="sm-3c0">
         <name>_stream</name>
         <value>0x20000620</value>
         <object_component_ref idref="oc-1df"/>
      </symbol>
      <symbol id="sm-3c1">
         <name>_device</name>
         <value>0x200005a8</value>
         <object_component_ref idref="oc-23a"/>
      </symbol>
      <symbol id="sm-3d2">
         <name>read</name>
         <value>0x1b69</value>
         <object_component_ref idref="oc-166"/>
      </symbol>
      <symbol id="sm-3ef">
         <name>open</name>
         <value>0x10b5</value>
         <object_component_ref idref="oc-1ab"/>
      </symbol>
      <symbol id="sm-403">
         <name>close</name>
         <value>0x16b1</value>
         <object_component_ref idref="oc-1ec"/>
      </symbol>
      <symbol id="sm-42c">
         <name>finddevice</name>
         <value>0x1ab9</value>
         <object_component_ref idref="oc-269"/>
      </symbol>
      <symbol id="sm-42d">
         <name>getdevice</name>
         <value>0x1969</value>
         <object_component_ref idref="oc-218"/>
      </symbol>
      <symbol id="sm-455">
         <name>__TI_auto_init_nobinit_nopinit</name>
         <value>0x1925</value>
         <object_component_ref idref="oc-108"/>
      </symbol>
      <symbol id="sm-45f">
         <name>_system_pre_init</name>
         <value>0x1c69</value>
         <object_component_ref idref="oc-a2"/>
      </symbol>
      <symbol id="sm-471">
         <name>strchr</name>
         <value>0x1c09</value>
         <object_component_ref idref="oc-25d"/>
      </symbol>
      <symbol id="sm-480">
         <name>strcmp</name>
         <value>0x1bf1</value>
         <object_component_ref idref="oc-2b4"/>
      </symbol>
      <symbol id="sm-490">
         <name>strncpy</name>
         <value>0x19e5</value>
         <object_component_ref idref="oc-263"/>
      </symbol>
      <symbol id="sm-4a0">
         <name>unlink</name>
         <value>0x1b15</value>
         <object_component_ref idref="oc-1f2"/>
      </symbol>
      <symbol id="sm-4b1">
         <name>HOSTclose</name>
         <value>0x189d</value>
         <object_component_ref idref="oc-27f"/>
      </symbol>
      <symbol id="sm-4c2">
         <name>HOSTlseek</name>
         <value>0x1581</value>
         <object_component_ref idref="oc-291"/>
      </symbol>
      <symbol id="sm-4d4">
         <name>parmbuf</name>
         <value>0x20000e68</value>
      </symbol>
      <symbol id="sm-4d5">
         <name>HOSTopen</name>
         <value>0x1651</value>
         <object_component_ref idref="oc-279"/>
      </symbol>
      <symbol id="sm-4e6">
         <name>HOSTread</name>
         <value>0x170d</value>
         <object_component_ref idref="oc-285"/>
      </symbol>
      <symbol id="sm-4f7">
         <name>HOSTrename</name>
         <value>0x1515</value>
         <object_component_ref idref="oc-29d"/>
      </symbol>
      <symbol id="sm-508">
         <name>HOSTunlink</name>
         <value>0x18e1</value>
         <object_component_ref idref="oc-297"/>
      </symbol>
      <symbol id="sm-519">
         <name>HOSTwrite</name>
         <value>0x1765</value>
         <object_component_ref idref="oc-28b"/>
      </symbol>
      <symbol id="sm-53d">
         <name>__TI_readmsg</name>
         <value>0x1a51</value>
         <object_component_ref idref="oc-2d0"/>
      </symbol>
      <symbol id="sm-53e">
         <name>C$$IO$$</name>
         <value>0x19db</value>
         <object_component_ref idref="oc-2ca"/>
      </symbol>
      <symbol id="sm-53f">
         <name>__CIOBUF_</name>
         <value>0x20000ca8</value>
         <object_component_ref idref="oc-2f4"/>
      </symbol>
      <symbol id="sm-540">
         <name>__TI_writemsg</name>
         <value>0x19ad</value>
         <object_component_ref idref="oc-2ca"/>
      </symbol>
      <symbol id="sm-54f">
         <name>strcpy</name>
         <value>0x1c1f</value>
         <object_component_ref idref="oc-2e4"/>
      </symbol>
      <symbol id="sm-55d">
         <name>strlen</name>
         <value>0x1c33</value>
         <object_component_ref idref="oc-2c4"/>
      </symbol>
      <symbol id="sm-55e">
         <name>__TI_static_base__</name>
         <value>0x0</value>
      </symbol>
      <symbol id="sm-561">
         <name>__mpu_init</name>
         <value>0x0</value>
      </symbol>
      <symbol id="sm-562">
         <name>_system_post_cinit</name>
         <value>0x0</value>
      </symbol>
      <symbol id="sm-563">
         <name>remove</name>
         <value>0x1b15</value>
      </symbol>
   </symbol_table>
   <title>Link successful</title>
</link_info>
